?   	github.com/antibyte/retroterm	[no test files]
?   	github.com/antibyte/retroterm/cmd/verify_vm	[no test files]
ok  	github.com/antibyte/retroterm/pkg/auth	(cached)
?   	github.com/antibyte/retroterm/pkg/board	[no test files]
ok  	github.com/antibyte/retroterm/pkg/chess	(cached)
?   	github.com/antibyte/retroterm/pkg/configuration	[no test files]
?   	github.com/antibyte/retroterm/pkg/editor	[no test files]
?   	github.com/antibyte/retroterm/pkg/logger	[no test files]
?   	github.com/antibyte/retroterm/pkg/resources	[no test files]
?   	github.com/antibyte/retroterm/pkg/shared	[no test files]
?   	github.com/antibyte/retroterm/pkg/terminal	[no test files]
DEBUG: Available variables: 'X' 'NAME'
--- FAIL: TestJIT_OptimizationGain (0.08s)
    jit_benchmark_test.go:182: Results differ: JIT=200000.000000, Interp=250000.826880
    jit_benchmark_test.go:191: Interpreter: 72.317212ms (723.17 ns/op)
    jit_benchmark_test.go:192: JIT:         4.092862ms (40.93 ns/op)
    jit_benchmark_test.go:193: Speedup:     17.67x
FAIL
FAIL	github.com/antibyte/retroterm/pkg/tinybasic	0.121s
ok  	github.com/antibyte/retroterm/pkg/tinybasic/tests	(cached)
?   	github.com/antibyte/retroterm/pkg/tinyos	[no test files]
ok  	github.com/antibyte/retroterm/pkg/tls	(cached)
?   	github.com/antibyte/retroterm/pkg/virtualfs	[no test files]
--- FAIL: TestNoHardcodedSecrets (19.19s)
    security_test.go:127: Found 1 security violations:

        SECURITY VIOLATION in ../distjsretroterm.min.js:38 - Hardcoded password
        Line: ***************************************************************************** */var e=function(t,i){return(e=Object.setPrototypeOf||{__proto__:[]}instanceof Array&&function(t,e){t.__proto__=e}||function(t,e){for(var i in e)Object.prototype.hasOwnProperty.call(e,i)&&(t[i]=e[i])})(t,i)};function i(t,i){if("function"!=typeof i&&null!==i)throw new TypeError("Class extends value "+String(i)+" is not a constructor or null");function o(){this.constructor=t}e(t,i),t.prototype=null===i?Object.create(i):(o.prototype=i.prototype,new o)}var o=function(){return(o=Object.assign||function(t){for(var e,i=1,o=arguments.length;i<o;i++)for(var n in e=arguments[i])Object.prototype.hasOwnProperty.call(e,n)&&(t[n]=e[n]);return t}).apply(this,arguments)},n=function(t,e){null==t&&(t={});var i=o({},t);for(var n in e)e.hasOwnProperty(n)&&void 0===t[n]&&(i[n]=e[n]);if("function"==typeof Object.getOwnPropertySymbols)for(var r=Object.getOwnPropertySymbols(e),s=0;s<r.length;s++){var a=r[s];e.propertyIsEnumerable(a)&&void 0===t[a]&&(i[a]=e[a])}return i},r=Math.random,s=1e-9,a=Number.isFinite;function c(t,e,i){return void 0===e?(i=1,e=0):void 0===i&&(i=e,e=0),i>e?(t=(t-e)%(i-e))+(t<0?i:e):(t=(t-i)%(e-i))+(t<=0?e:i)}function l(t,e,i){return t<e?e:t>i?i:t}var h=Object.create(Math);h.EPSILON=s,h.isFinite=a,h.nextPowerOfTwo=function(t){return t|=t>>1,t|=t>>2,t|=t>>4,t|=t>>8,1+(t|=t>>16)},h.isPowerOfTwo=function(t){return t>0&&!(t&t-1)},h.mod=c,h.clamp=l,h.random=function(t,e){return void 0===t?(e=1,t=0):void 0===e&&(e=t,t=0),t===e?t:r()*(e-t)+t};var u=Math.abs,m=Math.sqrt,d=Math.max,p=Math.min,_=function(){function t(e,i){if(!(this instanceof t))return new t(e,i);void 0===e?(this.x=0,this.y=0):"object"==typeof e?(this.x=e.x,this.y=e.y):(this.x=e,this.y=i)}return t.prototype._serialize=function(){return{x:this.x,y:this.y}},t._deserialize=function(e){var i=Object.create(t.prototype);return i.x=e.x,i.y=e.y,i},t.zero=function(){var e=Object.create(t.prototype);return e.x=0,e.y=0,e},t.neo=function(e,i){var o=Object.create(t.prototype);return o.x=e,o.y=i,o},t.clone=function(e){return t.neo(e.x,e.y)},t.prototype.toString=function(){return JSON.stringify(this)},t.isValid=function(t){return null!=t&&Number.isFinite(t.x)&&Number.isFinite(t.y)},t.assert=function(t){},t.prototype.clone=function(){return t.clone(this)},t.prototype.setZero=function(){return this.x=0,this.y=0,this},t.prototype.set=function(t,e){return"object"==typeof t?(this.x=t.x,this.y=t.y):(this.x=t,this.y=e),this},t.prototype.setNum=function(t,e){return this.x=t,this.y=e,this},t.prototype.setVec2=function(t){return this.x=t.x,this.y=t.y,this},t.prototype.wSet=function(t,e,i,o){return void 0!==i||void 0!==o?this.setCombine(t,e,i,o):this.setMul(t,e)},t.prototype.setCombine=function(t,e,i,o){var n=t*e.x+i*o.x,r=t*e.y+i*o.y;return this.x=n,this.y=r,this},t.prototype.setMul=function(t,e){var i=t*e.x,o=t*e.y;return this.x=i,this.y=o,this},t.prototype.add=function(t){return this.x+=t.x,this.y+=t.y,this},t.prototype.wAdd=function(t,e,i,o){return void 0!==i||void 0!==o?this.addCombine(t,e,i,o):this.addMul(t,e)},t.prototype.addCombine=function(t,e,i,o){var n=t*e.x+i*o.x,r=t*e.y+i*o.y;return this.x+=n,this.y+=r,this},t.prototype.addMul=function(t,e){var i=t*e.x,o=t*e.y;return this.x+=i,this.y+=o,this},t.prototype.wSub=function(t,e,i,o){return void 0!==i||void 0!==o?this.subCombine(t,e,i,o):this.subMul(t,e)},t.prototype.subCombine=function(t,e,i,o){var n=t*e.x+i*o.x,r=t*e.y+i*o.y;return this.x-=n,this.y-=r,this},t.prototype.subMul=function(t,e){var i=t*e.x,o=t*e.y;return this.x-=i,this.y-=o,this},t.prototype.sub=function(t){return this.x-=t.x,this.y-=t.y,this},t.prototype.mul=function(t){return this.x*=t,this.y*=t,this},t.prototype.length=function(){return t.lengthOf(this)},t.prototype.lengthSquared=function(){return t.lengthSquared(this)},t.prototype.normalize=function(){var t=this.length();if(t<s)return 0;var e=1/t;return this.x*=e,this.y*=e,t},t.lengthOf=function(t){return m(t.x*t.x+t.y*t.y)},t.lengthSquared=function(t){return t.x*t.x+t.y*t.y},t.distance=function(t,e){var i=t.x-e.x,o=t.y-e.y;return m(i*i+o*o)},t.distanceSquared=function(t,e){var i=t.x-e.x,o=t.y-e.y;return i*i+o*o},t.areEqual=function(t,e){return t===e||"object"==typeof e&&null!==e&&t.x===e.x&&t.y===e.y},t.skew=function(e){return t.neo(-e.y,e.x)},t.dot=function(t,e){return t.x*e.x+t.y*e.y},t.cross=function(e,i){return"number"==typeof i?t.neo(i*e.y,-i*e.x):"number"==typeof e?t.neo(-e*i.y,e*i.x):e.x*i.y-e.y*i.x},t.crossVec2Vec2=function(t,e){return t.x*e.y-t.y*e.x},t.crossVec2Num=function(e,i){return t.neo(i*e.y,-i*e.x)},t.crossNumVec2=function(e,i){return t.neo(-e*i.y,e*i.x)},t.addCross=function(e,i,o){return"number"==typeof o?t.neo(o*i.y+e.x,-o*i.x+e.y):"number"==typeof i?t.neo(-i*o.y+e.x,i*o.x+e.y):void 0},t.addCrossVec2Num=function(e,i,o){return t.neo(o*i.y+e.x,-o*i.x+e.y)},t.addCrossNumVec2=function(e,i,o){return t.neo(-i*o.y+e.x,i*o.x+e.y)},t.add=function(e,i){return t.neo(e.x+i.x,e.y+i.y)},t.wAdd=function(e,i,o,n){return void 0!==o||void 0!==n?t.combine(e,i,o,n):t.mulNumVec2(e,i)},t.combine=function(e,i,o,n){return t.zero().setCombine(e,i,o,n)},t.sub=function(e,i){return t.neo(e.x-i.x,e.y-i.y)},t.mul=function(e,i){return"object"==typeof e?t.neo(e.x*i,e.y*i):"object"==typeof i?t.neo(e*i.x,e*i.y):void 0},t.mulVec2Num=function(e,i){return t.neo(e.x*i,e.y*i)},t.mulNumVec2=function(e,i){return t.neo(e*i.x,e*i.y)},t.prototype.neg=function(){return this.x=-this.x,this.y=-this.y,this},t.neg=function(e){return t.neo(-e.x,-e.y)},t.abs=function(e){return t.neo(u(e.x),u(e.y))},t.mid=function(e,i){return t.neo(.5*(e.x+i.x),.5*(e.y+i.y))},t.upper=function(e,i){return t.neo(d(e.x,i.x),d(e.y,i.y))},t.lower=function(e,i){return t.neo(p(e.x,i.x),p(e.y,i.y))},t.prototype.clamp=function(t){var e=this.x*this.x+this.y*this.y;if(e>t*t){var i=t/m(e);this.x*=i,this.y*=i}return this},t.clamp=function(e,i){var o=t.neo(e.x,e.y);return o.clamp(i),o},t.scaleFn=function(e,i){return function(o){return t.neo(o.x*e,o.y*i)}},t.translateFn=function(e,i){return function(o){return t.neo(o.x+e,o.y+i)}},t}(),f=Math.max,y=Math.min,w=function(){function t(e,i){if(!(this instanceof t))return new t(e,i);this.lowerBound=_.zero(),this.upperBound=_.zero(),"object"==typeof e&&this.lowerBound.setVec2(e),"object"==typeof i?this.upperBound.setVec2(i):"object"==typeof e&&this.upperBound.setVec2(e)}return t.prototype.isValid=function(){return t.isValid(this)},t.isValid=function(t){return null!=t&&_.isValid(t.lowerBound)&&_.isValid(t.upperBound)&&_.sub(t.upperBound,t.lowerBound).lengthSquared()>=0},t.assert=function(t){},t.prototype.getCenter=function(){return _.neo(.5*(this.lowerBound.x+this.upperBound.x),.5*(this.lowerBound.y+this.upperBound.y))},t.prototype.getExtents=function(){return _.neo(.5*(this.upperBound.x-this.lowerBound.x),.5*(this.upperBound.y-this.lowerBound.y))},t.prototype.getPerimeter=function(){return 2*(this.upperBound.x-this.lowerBound.x+this.upperBound.y-this.lowerBound.y)},t.prototype.combine=function(t,e){e=e||this;var i=t.lowerBound,o=t.upperBound,n=e.lowerBound,r=e.upperBound,s=y(i.x,n.x),a=y(i.y,n.y),c=f(r.x,o.x),l=f(r.y,o.y);this.lowerBound.setNum(s,a),this.upperBound.setNum(c,l)},t.prototype.combinePoints=function(t,e){this.lowerBound.setNum(y(t.x,e.x),y(t.y,e.y)),this.upperBound.setNum(f(t.x,e.x),f(t.y,e.y))},t.prototype.set=function(t){this.lowerBound.setNum(t.lowerBound.x,t.lowerBound.y),this.upperBound.setNum(t.upperBound.x,t.upperBound.y)},t.prototype.contains=function(t){var e=!0;return(e=(e=(e=e&&this.lowerBound.x<=t.lowerBound.x)&&this.lowerBound.y<=t.lowerBound.y)&&t.upperBound.x<=this.upperBound.x)&&t.upperBound.y<=this.upperBound.y},t.prototype.extend=function(e){return t.extend(this,e),this},t.extend=function(t,e){return t.lowerBound.x-=e,t.lowerBound.y-=e,t.upperBound.x+=e,t.upperBound.y+=e,t},t.testOverlap=function(t,e){var i=e.lowerBound.x-t.upperBound.x,o=t.lowerBound.x-e.upperBound.x,n=e.lowerBound.y-t.upperBound.y,r=t.lowerBound.y-e.upperBound.y;return!(i>0||n>0||o>0||r>0)},t.areEqual=function(t,e){return _.areEqual(t.lowerBound,e.lowerBound)&&_.areEqual(t.upperBound,e.upperBound)},t.diff=function(t,e){var i=f(0,y(t.upperBound.x,e.upperBound.x)-f(e.lowerBound.x,t.lowerBound.x)),o=f(0,y(t.upperBound.y,e.upperBound.y)-f(e.lowerBound.y,t.lowerBound.y));return(t.upperBound.x-t.lowerBound.x)*(t.upperBound.y-t.lowerBound.y)+(e.upperBound.x-e.lowerBound.x)*(e.upperBound.y-e.lowerBound.y)-i*o},t.prototype.rayCast=function(t,e){for(var i=-1/0,o=1/0,n=e.p1,r=_.sub(e.p2,e.p1),a=_.abs(r),c=_.zero(),l="x";null!==l;l="x"===l?"y":null)if(a.x<s){if(n[l]<this.lowerBound[l]||this.upperBound[l]<n[l])return!1}else{var h=1/r[l],u=(this.lowerBound[l]-n[l])*h,m=(this.upperBound[l]-n[l])*h,d=-1;if(u>m){var p=u;u=m,m=p,d=1}if(u>i&&(c.setZero(),c[l]=d,i=u),i>(o=y(o,m)))return!1}return!(i<0||e.maxFraction<i||(t.fraction=i,t.normal=c,0))},t.prototype.toString=function(){return JSON.stringify(this)},t.combinePoints=function(t,e,i){return t.lowerBound.x=y(e.x,i.x),t.lowerBound.y=y(e.y,i.y),t.upperBound.x=f(e.x,i.x),t.upperBound.y=f(e.y,i.y),t},t.combinedPerimeter=function(t,e){var i=y(t.lowerBound.x,e.lowerBound.x),o=y(t.lowerBound.y,e.lowerBound.y);return 2*(f(t.upperBound.x,e.upperBound.x)-i+f(t.upperBound.y,e.upperBound.y)-o)},t}(),g=Math.PI,v=function(){function t(){}return Object.defineProperty(t,"polygonRadius",{get:function(){return 2*t.linearSlop},enumerable:!1,configurable:!0}),t.lengthUnitsPerMeter=1,t.maxManifoldPoints=2,t.maxPolygonVertices=12,t.aabbExtension=.1,t.aabbMultiplier=2,t.linearSlop=.005,t.angularSlop=2/180*g,t.maxSubSteps=8,t.maxTOIContacts=32,t.maxTOIIterations=20,t.maxDistanceIterations=20,t.velocityThreshold=1,t.maxLinearCorrection=.2,t.maxAngularCorrection=8/180*g,t.maxTranslation=2,t.maxRotation=.5*g,t.baumgarte=.2,t.toiBaugarte=.75,t.timeToSleep=.5,t.linearSleepTolerance=.01,t.angularSleepTolerance=2/180*g,t}(),x=function(){function t(){}return Object.defineProperty(t,"maxManifoldPoints",{get:function(){return v.maxManifoldPoints},enumerable:!1,configurable:!0}),Object.defineProperty(t,"maxPolygonVertices",{get:function(){return v.maxPolygonVertices},enumerable:!1,configurable:!0}),Object.defineProperty(t,"aabbExtension",{get:function(){return v.aabbExtension*v.lengthUnitsPerMeter},enumerable:!1,configurable:!0}),Object.defineProperty(t,"aabbMultiplier",{get:function(){return v.aabbMultiplier},enumerable:!1,configurable:!0}),Object.defineProperty(t,"linearSlop",{get:function(){return v.linearSlop*v.lengthUnitsPerMeter},enumerable:!1,configurable:!0}),Object.defineProperty(t,"linearSlopSquared",{get:function(){return v.linearSlop*v.lengthUnitsPerMeter*v.linearSlop*v.lengthUnitsPerMeter},enumerable:!1,configurable:!0}),Object.defineProperty(t,"angularSlop",{get:function(){return v.angularSlop},enumerable:!1,configurable:!0}),Object.defineProperty(t,"polygonRadius",{get:function(){return 2*v.linearSlop},enumerable:!1,configurable:!0}),Object.defineProperty(t,"maxSubSteps",{get:function(){return v.maxSubSteps},enumerable:!1,configurable:!0}),Object.defineProperty(t,"maxTOIContacts",{get:function(){return v.maxTOIContacts},enumerable:!1,configurable:!0}),Object.defineProperty(t,"maxTOIIterations",{get:function(){return v.maxTOIIterations},enumerable:!1,configurable:!0}),Object.defineProperty(t,"maxDistanceIterations",{get:function(){return v.maxDistanceIterations},enumerable:!1,configurable:!0}),Object.defineProperty(t,"velocityThreshold",{get:function(){return v.velocityThreshold*v.lengthUnitsPerMeter},enumerable:!1,configurable:!0}),Object.defineProperty(t,"maxLinearCorrection",{get:function(){return v.maxLinearCorrection*v.lengthUnitsPerMeter},enumerable:!1,configurable:!0}),Object.defineProperty(t,"maxAngularCorrection",{get:function(){return v.maxAngularCorrection},enumerable:!1,configurable:!0}),Object.defineProperty(t,"maxTranslation",{get:function(){return v.maxTranslation*v.lengthUnitsPerMeter},enumerable:!1,configurable:!0}),Object.defineProperty(t,"maxTranslationSquared",{get:function(){return v.maxTranslation*v.lengthUnitsPerMeter*v.maxTranslation*v.lengthUnitsPerMeter},enumerable:!1,configurable:!0}),Object.defineProperty(t,"maxRotation",{get:function(){return v.maxRotation},enumerable:!1,configurable:!0}),Object.defineProperty(t,"maxRotationSquared",{get:function(){return v.maxRotation*v.maxRotation},enumerable:!1,configurable:!0}),Object.defineProperty(t,"baumgarte",{get:function(){return v.baumgarte},enumerable:!1,configurable:!0}),Object.defineProperty(t,"toiBaugarte",{get:function(){return v.toiBaugarte},enumerable:!1,configurable:!0}),Object.defineProperty(t,"timeToSleep",{get:function(){return v.timeToSleep},enumerable:!1,configurable:!0}),Object.defineProperty(t,"linearSleepTolerance",{get:function(){return v.linearSleepTolerance*v.lengthUnitsPerMeter},enumerable:!1,configurable:!0}),Object.defineProperty(t,"linearSleepToleranceSqr",{get:function(){return v.linearSleepTolerance*v.lengthUnitsPerMeter*v.linearSleepTolerance*v.lengthUnitsPerMeter},enumerable:!1,configurable:!0}),Object.defineProperty(t,"angularSleepTolerance",{get:function(){return v.angularSleepTolerance},enumerable:!1,configurable:!0}),Object.defineProperty(t,"angularSleepToleranceSqr",{get:function(){return v.angularSleepTolerance*v.angularSleepTolerance},enumerable:!1,configurable:!0}),t}(),b=function(){function t(t){this._list=[],this._max=1/0,this._hasCreateFn=!1,this._createCount=0,this._hasAllocateFn=!1,this._allocateCount=0,this._hasReleaseFn=!1,this._releaseCount=0,this._hasDisposeFn=!1,this._disposeCount=0,this._list=[],this._max=t.max||this._max,this._createFn=t.create,this._hasCreateFn="function"==typeof this._createFn,this._allocateFn=t.allocate,this._hasAllocateFn="function"==typeof this._allocateFn,this._releaseFn=t.release,this._hasReleaseFn="function"==typeof this._releaseFn,this._disposeFn=t.dispose,this._hasDisposeFn="function"==typeof this._disposeFn}return t.prototype.max=function(t){return"number"==typeof t?(this._max=t,this):this._max},t.prototype.size=function(){return this._list.length},t.prototype.allocate=function(){var t;return this._list.length>0?t=this._list.shift():(this._createCount++,t=this._hasCreateFn?this._createFn():{}),this._allocateCount++,this._hasAllocateFn&&this._allocateFn(t),t},t.prototype.release=function(t){this._list.length<this._max?(this._releaseCount++,this._hasReleaseFn&&this._releaseFn(t),this._list.push(t)):(this._disposeCount++,this._hasDisposeFn&&(t=this._disposeFn(t)))},t.prototype.toString=function(){return" +"+this._createCount+" >"+this._allocateCount+" <"+this._releaseCount+" -"+this._disposeCount+" ="+this._list.length+"/"+this._max},t}(),A=Math.abs,C=Math.max,S=function(){function t(t){this.aabb=new w,this.userData=null,this.parent=null,this.child1=null,this.child2=null,this.height=-1,this.id=t}return t.prototype.toString=function(){return this.id+": "+this.userData},t.prototype.isLeaf=function(){return null==this.child1},t}(),R=new b({create:function(){return new S},release:function(t){t.userData=null,t.parent=null,t.child1=null,t.child2=null,t.height=-1,t.id=void 0}}),E=function(){function t(){this.inputPool=new b({create:function(){return{}},release:function(t){}}),this.stackPool=new b({create:function(){return[]},release:function(t){t.length=0}}),this.iteratorPool=new b({create:function(){return new T},release:function(t){t.close()}}),this.m_root=null,this.m_nodes={},this.m_lastProxyId=0}return t.prototype.getUserData=function(t){return this.m_nodes[t].userData},t.prototype.getFatAABB=function(t){return this.m_nodes[t].aabb},t.prototype.allocateNode=function(){var t=R.allocate();return t.id=++this.m_lastProxyId,this.m_nodes[t.id]=t,t},t.prototype.freeNode=function(t){delete this.m_nodes[t.id],R.release(t)},t.prototype.createProxy=function(t,e){var i=this.allocateNode();return i.aabb.set(t),w.extend(i.aabb,x.aabbExtension),i.userData=e,i.height=0,this.insertLeaf(i),i.id},t.prototype.destroyProxy=function(t){var e=this.m_nodes[t];this.removeLeaf(e),this.freeNode(e)},t.prototype.moveProxy=function(t,e,i){var o=this.m_nodes[t];return!o.aabb.contains(e)&&(this.removeLeaf(o),o.aabb.set(e),e=o.aabb,w.extend(e,x.aabbExtension),i.x<0?e.lowerBound.x+=i.x*x.aabbMultiplier:e.upperBound.x+=i.x*x.aabbMultiplier,i.y<0?e.lowerBound.y+=i.y*x.aabbMultiplier:e.upperBound.y+=i.y*x.aabbMultiplier,this.insertLeaf(o),!0)},t.prototype.insertLeaf=function(t){if(null==this.m_root)return this.m_root=t,void(this.m_root.parent=null);for(var e=t.aabb,i=this.m_root;!i.isLeaf();){var o=i.child1,n=i.child2,r=i.aabb.getPerimeter(),s=w.combinedPerimeter(i.aabb,e),a=2*s,c=2*(s-r),l=w.combinedPerimeter(e,o.aabb)+c;o.isLeaf()||(l-=o.aabb.getPerimeter());var h=w.combinedPerimeter(e,n.aabb)+c;if(n.isLeaf()||(h-=n.aabb.getPerimeter()),a<l&&a<h)break;i=l<h?o:n}var u=i,m=u.parent,d=this.allocateNode();for(d.parent=m,d.userData=null,d.aabb.combine(e,u.aabb),d.height=u.height+1,null!=m?(m.child1===u?m.child1=d:m.child2=d,d.child1=u,d.child2=t,u.parent=d,t.parent=d):(d.child1=u,d.child2=t,u.parent=d,t.parent=d,this.m_root=d),i=t.parent;null!=i;)o=(i=this.balance(i)).child1,n=i.child2,i.height=1+C(o.height,n.height),i.aabb.combine(o.aabb,n.aabb),i=i.parent},t.prototype.removeLeaf=function(t){if(t!==this.m_root){var e,i=t.parent,o=i.parent;if(e=i.child1===t?i.child2:i.child1,null!=o){o.child1===i?o.child1=e:o.child2=e,e.parent=o,this.freeNode(i);for(var n=o;null!=n;){var r=(n=this.balance(n)).child1,s=n.child2;n.aabb.combine(r.aabb,s.aabb),n.height=1+C(r.height,s.height),n=n.parent}}else this.m_root=e,e.parent=null,this.freeNode(i)}else this.m_root=null},t.prototype.balance=function(t){var e=t;if(e.isLeaf()||e.height<2)return t;var i=e.child1,o=e.child2,n=o.height-i.height;if(n>1){var r=o.child1,s=o.child2;return o.child1=e,o.parent=e.parent,e.parent=o,null!=o.parent?o.parent.child1===t?o.parent.child1=o:o.parent.child2=o:this.m_root=o,r.height>s.height?(o.child2=r,e.child2=s,s.parent=e,e.aabb.combine(i.aabb,s.aabb),o.aabb.combine(e.aabb,r.aabb),e.height=1+C(i.height,s.height),o.height=1+C(e.height,r.height)):(o.child2=s,e.child2=r,r.parent=e,e.aabb.combine(i.aabb,r.aabb),o.aabb.combine(e.aabb,s.aabb),e.height=1+C(i.height,r.height),o.height=1+C(e.height,s.height)),o}if(n<-1){var a=i.child1,c=i.child2;return i.child1=e,i.parent=e.parent,e.parent=i,null!=i.parent?i.parent.child1===e?i.parent.child1=i:i.parent.child2=i:this.m_root=i,a.height>c.height?(i.child2=a,e.child1=c,c.parent=e,e.aabb.combine(o.aabb,c.aabb),i.aabb.combine(e.aabb,a.aabb),e.height=1+C(o.height,c.height),i.height=1+C(e.height,a.height)):(i.child2=c,e.child1=a,a.parent=e,e.aabb.combine(o.aabb,a.aabb),i.aabb.combine(e.aabb,c.aabb),e.height=1+C(o.height,a.height),i.height=1+C(e.height,c.height)),i}return e},t.prototype.getHeight=function(){return null==this.m_root?0:this.m_root.height},t.prototype.getAreaRatio=function(){if(null==this.m_root)return 0;for(var t,e=this.m_root.aabb.getPerimeter(),i=0,o=this.iteratorPool.allocate().preorder(this.m_root);t=o.next();)t.height<0||(i+=t.aabb.getPerimeter());return this.iteratorPool.release(o),i/e},t.prototype.computeHeight=function(t){var e;if((e=void 0!==t?this.m_nodes[t]:this.m_root).isLeaf())return 0;var i=this.computeHeight(e.child1.id),o=this.computeHeight(e.child2.id);return 1+C(i,o)},t.prototype.validateStructure=function(t){if(null!=t){this.m_root;var e=t.child1,i=t.child2;t.isLeaf()||(this.validateStructure(e),this.validateStructure(i))}},t.prototype.validateMetrics=function(t){if(null!=t){var e=t.child1,i=t.child2;t.isLeaf()||(e.height,i.height,(new w).combine(e.aabb,i.aabb),this.validateMetrics(e),this.validateMetrics(i))}},t.prototype.validate=function(){},t.prototype.getMaxBalance=function(){for(var t,e=0,i=this.iteratorPool.allocate().preorder(this.m_root);t=i.next();)if(!(t.height<=1)){var o=A(t.child2.height-t.child1.height);e=C(e,o)}return this.iteratorPool.release(i),e},t.prototype.rebuildBottomUp=function(){for(var t,e=[],i=0,o=this.iteratorPool.allocate().preorder(this.m_root);t=o.next();)t.height<0||(t.isLeaf()?(t.parent=null,e[i]=t,++i):this.freeNode(t));for(this.iteratorPool.release(o);i>1;){for(var n=1/0,r=-1,s=-1,a=0;a<i;++a)for(var c=e[a].aabb,l=a+1;l<i;++l){var h=e[l].aabb,u=w.combinedPerimeter(c,h);u<n&&(r=a,s=l,n=u)}var m=e[r],d=e[s],p=this.allocateNode();p.child1=m,p.child2=d,p.height=1+C(m.height,d.height),p.aabb.combine(m.aabb,d.aabb),p.parent=null,m.parent=p,d.parent=p,e[s]=e[i-1],e[r]=p,--i}this.m_root=e[0]},t.prototype.shiftOrigin=function(t){for(var e,i=this.iteratorPool.allocate().preorder(this.m_root);e=i.next();){var o=e.aabb;o.lowerBound.x-=t.x,o.lowerBound.y-=t.y,o.upperBound.x-=t.x,o.upperBound.y-=t.y}this.iteratorPool.release(i)},t.prototype.query=function(t,e){var i=this.stackPool.allocate();for(i.push(this.m_root);i.length>0;){var o=i.pop();if(null!=o&&w.testOverlap(o.aabb,t))if(o.isLeaf()){if(!1===e(o.id))return}else i.push(o.child1),i.push(o.child2)}this.stackPool.release(i)},t.prototype.rayCast=function(t,e){var i=t.p1,o=t.p2,n=_.sub(o,i);n.normalize();var r=_.crossNumVec2(1,n),s=_.abs(r),a=t.maxFraction,c=new w,l=_.combine(1-a,i,a,o);c.combinePoints(i,l);var h=this.stackPool.allocate(),u=this.inputPool.allocate();for(h.push(this.m_root);h.length>0;){var m=h.pop();if(null!=m&&!1!==w.testOverlap(m.aabb,c)){var d=m.aabb.getCenter(),p=m.aabb.getExtents();if(!(A(_.dot(r,_.sub(i,d)))-_.dot(s,p)>0))if(m.isLeaf()){u.p1=_.clone(t.p1),u.p2=_.clone(t.p2),u.maxFraction=a;var f=e(u,m.id);if(0===f)break;f>0&&(a=f,l=_.combine(1-a,i,a,o),c.combinePoints(i,l))}else h.push(m.child1),h.push(m.child2)}}this.stackPool.release(h),this.inputPool.release(u)},t}(),T=function(){function t(){this.parents=[],this.states=[]}return t.prototype.preorder=function(t){return this.parents.length=0,this.parents.push(t),this.states.length=0,this.states.push(0),this},t.prototype.next=function(){for(;this.parents.length>0;){var t=this.parents.length-1,e=this.parents[t];if(0===this.states[t])return this.states[t]=1,e;if(1===this.states[t]&&(this.states[t]=2,e.child1))return this.parents.push(e.child1),this.states.push(1),e.child1;if(2===this.states[t]&&(this.states[t]=3,e.child2))return this.parents.push(e.child2),this.states.push(1),e.child2;this.parents.pop(),this.states.pop()}},t.prototype.close=function(){this.parents.length=0},t}(),I=Math.max,M=Math.min,B=function(){function t(){var t=this;this.m_tree=new E,this.m_moveBuffer=[],this.query=function(e,i){t.m_tree.query(e,i)},this.queryCallback=function(e){if(e===t.m_queryProxyId)return!0;var i=M(e,t.m_queryProxyId),o=I(e,t.m_queryProxyId),n=t.m_tree.getUserData(i),r=t.m_tree.getUserData(o);return t.m_callback(n,r),!0}}return t.prototype.getUserData=function(t){return this.m_tree.getUserData(t)},t.prototype.testOverlap=function(t,e){var i=this.m_tree.getFatAABB(t),o=this.m_tree.getFatAABB(e);return w.testOverlap(i,o)},t.prototype.getFatAABB=function(t){return this.m_tree.getFatAABB(t)},t.prototype.getProxyCount=function(){return this.m_moveBuffer.length},t.prototype.getTreeHeight=function(){return this.m_tree.getHeight()},t.prototype.getTreeBalance=function(){return this.m_tree.getMaxBalance()},t.prototype.getTreeQuality=function(){return this.m_tree.getAreaRatio()},t.prototype.rayCast=function(t,e){this.m_tree.rayCast(t,e)},t.prototype.shiftOrigin=function(t){this.m_tree.shiftOrigin(t)},t.prototype.createProxy=function(t,e){var i=this.m_tree.createProxy(t,e);return this.bufferMove(i),i},t.prototype.destroyProxy=function(t){this.unbufferMove(t),this.m_tree.destroyProxy(t)},t.prototype.moveProxy=function(t,e,i){this.m_tree.moveProxy(t,e,i)&&this.bufferMove(t)},t.prototype.touchProxy=function(t){this.bufferMove(t)},t.prototype.bufferMove=function(t){this.m_moveBuffer.push(t)},t.prototype.unbufferMove=function(t){for(var e=0;e<this.m_moveBuffer.length;++e)this.m_moveBuffer[e]===t&&(this.m_moveBuffer[e]=null)},t.prototype.updatePairs=function(t){for(this.m_callback=t;this.m_moveBuffer.length>0;)if(this.m_queryProxyId=this.m_moveBuffer.pop(),null!==this.m_queryProxyId){var e=this.m_tree.getFatAABB(this.m_queryProxyId);this.m_tree.query(e,this.queryCallback)}},t}(),F=Math.sin,P=Math.cos,L=Math.sqrt;function N(t,e){return{x:t,y:e}}function D(t,e,i){return t.x=e,t.y=i,t}function k(t,e){return t.x=e.x,t.y=e.y,t}function V(t){return t.x=0,t.y=0,t}function G(t){return t.x=-t.x,t.y=-t.y,t}function O(t,e){return t.x+=e.x,t.y+=e.y,t}function z(t,e){return t.x-=e.x,t.y-=e.y,t}function H(t,e,i){return t.x=e.x-i.x,t.y=e.y-i.y,t}function q(t,e){return t.x*=e,t.y*=e,t}function U(t,e,i){return t.x=e*i.x,t.y=e*i.y,t}function j(t,e,i){return t.x+=e*i.x,t.y+=e*i.y,t}function W(t,e,i){return t.x-=e*i.x,t.y-=e*i.y,t}function X(t,e,i,o,n){return t.x=e*i.x+o*n.x,t.y=e*i.y+o*n.y,t}function Y(t,e,i,o,n,r,s){return t.x=e*i.x+o*n.x+r*s.x,t.y=e*i.y+o*n.y+r*s.y,t}function J(t){var e=L(t.x*t.x+t.y*t.y);if(e>0){var i=1/e;t.x*=i,t.y*=i}return t}function $(t,e,i){var o=i*e.y,n=-i*e.x;return t.x=o,t.y=n,t}function K(t,e,i){var o=-e*i.y,n=e*i.x;return t.x=o,t.y=n,t}function Z(t,e){return t.x*e.y-t.y*e.x}function Q(t,e){return t.x*e.x+t.y*e.y}function tt(t){return t.x*t.x+t.y*t.y}function et(t,e){var i=t.x-e.x,o=t.y-e.y;return L(i*i+o*o)}function it(t,e){var i=t.x-e.x,o=t.y-e.y;return i*i+o*o}function ot(t,e,i){return t.x=e.c*i.x-e.s*i.y,t.y=e.s*i.x+e.c*i.y,t}function nt(t,e,i){var o=e.c*i.x+e.s*i.y,n=-e.s*i.x+e.c*i.y;return t.x=o,t.y=n,t}function rt(t,e,i){return{p:N(t,e),q:(o=i,{s:F(o),c:P(o)})};var o}function st(t,e){return t.p.x=e.p.x,t.p.y=e.p.y,t.q.s=e.q.s,t.q.c=e.q.c,t}function at(t,e,i){var o=e.q.c*i.x-e.q.s*i.y+e.p.x,n=e.q.s*i.x+e.q.c*i.y+e.p.y;return t.x=o,t.y=n,t}function ct(t,e,i){var o=i.x-e.p.x,n=i.y-e.p.y,r=e.q.c*o+e.q.s*n,s=-e.q.s*o+e.q.c*n;return t.x=r,t.y=s,t}function lt(t,e,i,o){var n=e.q.c*o.x-e.q.s*o.y+e.p.x,r=e.q.s*o.x+e.q.c*o.y+e.p.y,s=n-i.p.x,a=r-i.p.y,c=i.q.c*s+i.q.s*a,l=-i.q.s*s+i.q.c*a;return t.x=c,t.y=l,t}function ht(t,e,i){var o=e.q.c*i.q.c+e.q.s*i.q.s,n=e.q.c*i.q.s-e.q.s*i.q.c,r=e.q.c*(i.p.x-e.p.x)+e.q.s*(i.p.y-e.p.y),s=-e.q.s*(i.p.x-e.p.x)+e.q.c*(i.p.y-e.p.y);return t.q.c=o,t.q.s=n,t.p.x=r,t.p.y=s,t}var ut=Math.sin,mt=Math.cos,dt=Math.atan2,pt=function(){function t(e){if(!(this instanceof t))return new t(e);"number"==typeof e?this.setAngle(e):"object"==typeof e?this.setRot(e):this.setIdentity()}return t.neo=function(e){var i=Object.create(t.prototype);return i.setAngle(e),i},t.clone=function(e){var i=Object.create(t.prototype);return i.s=e.s,i.c=e.c,i},t.identity=function(){var e=Object.create(t.prototype);return e.s=0,e.c=1,e},t.isValid=function(t){return null!=t&&Number.isFinite(t.s)&&Number.isFinite(t.c)},t.assert=function(t){},t.prototype.setIdentity=function(){this.s=0,this.c=1},t.prototype.set=function(t){"object"==typeof t?(this.s=t.s,this.c=t.c):(this.s=ut(t),this.c=mt(t))},t.prototype.setRot=function(t){this.s=t.s,this.c=t.c},t.prototype.setAngle=function(t){this.s=ut(t),this.c=mt(t)},t.prototype.getAngle=function(){return dt(this.s,this.c)},t.prototype.getXAxis=function(){return _.neo(this.c,this.s)},t.prototype.getYAxis=function(){return _.neo(-this.s,this.c)},t.mul=function(e,i){if("c"in i&&"s"in i){var o=t.identity();return o.s=e.s*i.c+e.c*i.s,o.c=e.c*i.c-e.s*i.s,o}if("x"in i&&"y"in i)return _.neo(e.c*i.x-e.s*i.y,e.s*i.x+e.c*i.y)},t.mulRot=function(e,i){var o=t.identity();return o.s=e.s*i.c+e.c*i.s,o.c=e.c*i.c-e.s*i.s,o},t.mulVec2=function(t,e){return _.neo(t.c*e.x-t.s*e.y,t.s*e.x+t.c*e.y)},t.mulSub=function(t,e,i){var o=t.c*(e.x-i.x)-t.s*(e.y-i.y),n=t.s*(e.x-i.x)+t.c*(e.y-i.y);return _.neo(o,n)},t.mulT=function(e,i){if("c"in i&&"s"in i){var o=t.identity();return o.s=e.c*i.s-e.s*i.c,o.c=e.c*i.c+e.s*i.s,o}if("x"in i&&"y"in i)return _.neo(e.c*i.x+e.s*i.y,-e.s*i.x+e.c*i.y)},t.mulTRot=function(e,i){var o=t.identity();return o.s=e.c*i.s-e.s*i.c,o.c=e.c*i.c+e.s*i.s,o},t.mulTVec2=function(t,e){return _.neo(t.c*e.x+t.s*e.y,-t.s*e.x+t.c*e.y)},t}(),_t=Math.atan2,ft=Math.PI,yt=N(0,0),wt=function(){function t(){this.localCenter=_.zero(),this.c=_.zero(),this.a=0,this.alpha0=0,this.c0=_.zero(),this.a0=0}return t.prototype.recycle=function(){V(this.localCenter),V(this.c),this.a=0,this.alpha0=0,V(this.c0),this.a0=0},t.prototype.setTransform=function(t){at(yt,t,this.localCenter),k(this.c,yt),k(this.c0,yt),this.a=this.a0=_t(t.q.s,t.q.c)},t.prototype.setLocalCenter=function(t,e){k(this.localCenter,t),at(yt,e,this.localCenter),k(this.c,yt),k(this.c0,yt)},t.prototype.getTransform=function(t,e){void 0===e&&(e=0),function(t,e){t.c=P(e),t.s=F(e)}(t.q,(1-e)*this.a0+e*this.a),X(t.p,1-e,this.c0,e,this.c),z(t.p,ot(yt,t.q,this.localCenter))},t.prototype.advance=function(t){var e=(t-this.alpha0)/(1-this.alpha0);X(this.c0,e,this.c,1-e,this.c0),this.a0=e*this.a+(1-e)*this.a0,this.alpha0=t},t.prototype.forward=function(){this.a0=this.a,k(this.c0,this.c)},t.prototype.normalize=function(){var t=c(this.a0,-ft,+ft);this.a-=this.a0-t,this.a0=t},t.prototype.set=function(t){k(this.localCenter,t.localCenter),k(this.c,t.c),this.a=t.a,this.alpha0=t.alpha0,k(this.c0,t.c0),this.a0=t.a0},t}(),gt=function(){function t(e,i){if(!(this instanceof t))return new t(e,i);this.p=_.zero(),this.q=pt.identity(),void 0!==e&&this.p.setVec2(e),void 0!==i&&this.q.setAngle(i)}return t.clone=function(e){var i=Object.create(t.prototype);return i.p=_.clone(e.p),i.q=pt.clone(e.q),i},t.neo=function(e,i){var o=Object.create(t.prototype);return o.p=_.clone(e),o.q=pt.clone(i),o},t.identity=function(){var e=Object.create(t.prototype);return e.p=_.zero(),e.q=pt.identity(),e},t.prototype.setIdentity=function(){this.p.setZero(),this.q.setIdentity()},t.prototype.set=function(t,e){void 0===e?(this.p.set(t.p),this.q.set(t.q)):(this.p.set(t),this.q.set(e))},t.prototype.setNum=function(t,e){this.p.setVec2(t),this.q.setAngle(e)},t.prototype.setTransform=function(t){this.p.setVec2(t.p),this.q.setRot(t.q)},t.isValid=function(t){return null!=t&&_.isValid(t.p)&&pt.isValid(t.q)},t.assert=function(t){},t.mul=function(e,i){if(Array.isArray(i)){for(var o=[],n=0;n<i.length;n++)o[n]=t.mul(e,i[n]);return o}return"x"in i&&"y"in i?t.mulVec2(e,i):"p"in i&&"q"in i?t.mulXf(e,i):void 0},t.mulAll=function(e,i){for(var o=[],n=0;n<i.length;n++)o[n]=t.mul(e,i[n]);return o},t.mulFn=function(e){return function(i){return t.mul(e,i)}},t.mulVec2=function(t,e){var i=t.q.c*e.x-t.q.s*e.y+t.p.x,o=t.q.s*e.x+t.q.c*e.y+t.p.y;return _.neo(i,o)},t.mulXf=function(e,i){var o=t.identity();return o.q=pt.mulRot(e.q,i.q),o.p=_.add(pt.mulVec2(e.q,i.p),e.p),o},t.mulT=function(e,i){return"x"in i&&"y"in i?t.mulTVec2(e,i):"p"in i&&"q"in i?t.mulTXf(e,i):void 0},t.mulTVec2=function(t,e){var i=e.x-t.p.x,o=e.y-t.p.y,n=t.q.c*i+t.q.s*o,r=-t.q.s*i+t.q.c*o;return _.neo(n,r)},t.mulTXf=function(e,i){var o=t.identity();return o.q.setRot(pt.mulTRot(e.q,i.q)),o.p.setVec2(pt.mulTVec2(e.q,_.sub(i.p,e.p))),o},t}(),vt=function(){this.v=_.zero(),this.w=0},xt=Math.sin,bt=Math.cos,At=function(){function t(){this.c=_.zero(),this.a=0}return t.prototype.getTransform=function(t,e){return t.q.c=bt(this.a),t.q.s=xt(this.a),t.p.x=this.c.x-(t.q.c*e.x-t.q.s*e.y),t.p.y=this.c.y-(t.q.s*e.x+t.q.c*e.y),t},t}();function Ct(t,e,i,o){return t.q.c=bt(o),t.q.s=xt(o),t.p.x=i.x-(t.q.c*e.x-t.q.s*e.y),t.p.y=i.y-(t.q.s*e.x+t.q.c*e.y),t}var St=function(){function t(){this.style={},this.appData={}}return t.isValid=function(t){return null!=t&&"string"==typeof t.m_type&&"number"==typeof t.m_radius},t}(),Rt=new w,Et=new w,Tt=N(0,0),It={userData:null,friction:.2,restitution:0,density:0,isSensor:!1,filterGroupIndex:0,filterCategoryBits:1,filterMaskBits:65535},Mt=function(t,e){this.aabb=new w,this.fixture=t,this.childIndex=e,this.proxyId},Bt=function(){function t(t,e,i){this.style={},this.appData={},e.shape?(i=e,e=e.shape):"number"==typeof i&&(i={density:i}),i=n(i,It),this.m_body=t,this.m_friction=i.friction,this.m_restitution=i.restitution,this.m_density=i.density,this.m_isSensor=i.isSensor,this.m_filterGroupIndex=i.filterGroupIndex,this.m_filterCategoryBits=i.filterCategoryBits,this.m_filterMaskBits=i.filterMaskBits,this.m_shape=e,this.m_next=null,this.m_proxies=[],this.m_proxyCount=0;for(var o=this.m_shape.getChildCount(),r=0;r<o;++r)this.m_proxies[r]=new Mt(this,r);this.m_userData=i.userData}return t.prototype._reset=function(){var t=this.getBody(),e=t.m_world.m_broadPhase;this.destroyProxies(e),this.m_shape._reset&&this.m_shape._reset();for(var i=this.m_shape.getChildCount(),o=0;o<i;++o)this.m_proxies[o]=new Mt(this,o);this.createProxies(e,t.m_xf),t.resetMassData()},t.prototype._serialize=function(){return{friction:this.m_friction,restitution:this.m_restitution,density:this.m_density,isSensor:this.m_isSensor,filterGroupIndex:this.m_filterGroupIndex,filterCategoryBits:this.m_filterCategoryBits,filterMaskBits:this.m_filterMaskBits,shape:this.m_shape}},t._deserialize=function(e,i,o){var n=o(St,e.shape);return n&&new t(i,n,e)},t.prototype.getType=function(){return this.m_shape.m_type},t.prototype.getShape=function(){return this.m_shape},t.prototype.isSensor=function(){return this.m_isSensor},t.prototype.setSensor=function(t){t!=this.m_isSensor&&(this.m_body.setAwake(!0),this.m_isSensor=t)},t.prototype.getUserData=function(){return this.m_userData},t.prototype.setUserData=function(t){this.m_userData=t},t.prototype.getBody=function(){return this.m_body},t.prototype.getNext=function(){return this.m_next},t.prototype.getDensity=function(){return this.m_density},t.prototype.setDensity=function(t){this.m_density=t},t.prototype.getFriction=function(){return this.m_friction},t.prototype.setFriction=function(t){this.m_friction=t},t.prototype.getRestitution=function(){return this.m_restitution},t.prototype.setRestitution=function(t){this.m_restitution=t},t.prototype.testPoint=function(t){return this.m_shape.testPoint(this.m_body.getTransform(),t)},t.prototype.rayCast=function(t,e,i){return this.m_shape.rayCast(t,e,this.m_body.getTransform(),i)},t.prototype.getMassData=function(t){this.m_shape.computeMass(t,this.m_density)},t.prototype.getAABB=function(t){return this.m_proxies[t].aabb},t.prototype.createProxies=function(t,e){this.m_proxyCount=this.m_shape.getChildCount();for(var i=0;i<this.m_proxyCount;++i){var o=this.m_proxies[i];this.m_shape.computeAABB(o.aabb,e,i),o.proxyId=t.createProxy(o.aabb,o)}},t.prototype.destroyProxies=function(t){for(var e=0;e<this.m_proxyCount;++e){var i=this.m_proxies[e];t.destroyProxy(i.proxyId),i.proxyId=null}this.m_proxyCount=0},t.prototype.synchronize=function(t,e,i){for(var o=0;o<this.m_proxyCount;++o){var n=this.m_proxies[o];this.m_shape.computeAABB(Rt,e,n.childIndex),this.m_shape.computeAABB(Et,i,n.childIndex),n.aabb.combine(Rt,Et),H(Tt,i.p,e.p),t.moveProxy(n.proxyId,n.aabb,Tt)}},t.prototype.setFilterData=function(t){this.m_filterGroupIndex=t.groupIndex,this.m_filterCategoryBits=t.categoryBits,this.m_filterMaskBits=t.maskBits,this.refilter()},t.prototype.getFilterGroupIndex=function(){return this.m_filterGroupIndex},t.prototype.setFilterGroupIndex=function(t){this.m_filterGroupIndex=t,this.refilter()},t.prototype.getFilterCategoryBits=function(){return this.m_filterCategoryBits},t.prototype.setFilterCategoryBits=function(t){this.m_filterCategoryBits=t,this.refilter()},t.prototype.getFilterMaskBits=function(){return this.m_filterMaskBits},t.prototype.setFilterMaskBits=function(t){this.m_filterMaskBits=t,this.refilter()},t.prototype.refilter=function(){if(null!=this.m_body){for(var t=this.m_body.getContactList();t;){var e=t.contact,i=e.getFixtureA(),o=e.getFixtureB();i!=this&&o!=this||e.flagForFiltering(),t=t.next}var n=this.m_body.getWorld();if(null!=n)for(var r=n.m_broadPhase,s=0;s<this.m_proxyCount;++s)r.touchProxy(this.m_proxies[s].proxyId)}},t.prototype.shouldCollide=function(t){if(t.m_filterGroupIndex===this.m_filterGroupIndex&&0!==t.m_filterGroupIndex)return t.m_filterGroupIndex>0;var e=0!=(t.m_filterMaskBits&this.m_filterCategoryBits),i=0!=(t.m_filterCategoryBits&this.m_filterMaskBits);return e&&i},t}(),Ft="static",Pt="kinematic",Lt="dynamic",Nt=N(0,0),Dt=N(0,0),kt=N(0,0),Vt=N(0,0),Gt=rt(0,0,0),Ot={type:Ft,position:_.zero(),angle:0,linearVelocity:_.zero(),angularVelocity:0,linearDamping:0,angularDamping:0,fixedRotation:!1,bullet:!1,gravityScale:1,allowSleep:!0,awake:!0,active:!0,userData:null},zt=function(){function t(t,e){this.style={},this.appData={},e=n(e,Ot),this.m_world=t,this.m_awakeFlag=e.awake,this.m_autoSleepFlag=e.allowSleep,this.m_bulletFlag=e.bullet,this.m_fixedRotationFlag=e.fixedRotation,this.m_activeFlag=e.active,this.m_islandFlag=!1,this.m_toiFlag=!1,this.m_userData=e.userData,this.m_type=e.type,this.m_type==Lt?(this.m_mass=1,this.m_invMass=1):(this.m_mass=0,this.m_invMass=0),this.m_I=0,this.m_invI=0,this.m_xf=gt.identity(),this.m_xf.p.setVec2(e.position),this.m_xf.q.setAngle(e.angle),this.m_sweep=new wt,this.m_sweep.setTransform(this.m_xf),this.c_velocity=new vt,this.c_position=new At,this.m_force=_.zero(),this.m_torque=0,this.m_linearVelocity=_.clone(e.linearVelocity),this.m_angularVelocity=e.angularVelocity,this.m_linearDamping=e.linearDamping,this.m_angularDamping=e.angularDamping,this.m_gravityScale=e.gravityScale,this.m_sleepTime=0,this.m_jointList=null,this.m_contactList=null,this.m_fixtureList=null,this.m_prev=null,this.m_next=null,this.m_destroyed=!1}return t.prototype._serialize=function(){for(var t=[],e=this.m_fixtureList;e;e=e.m_next)t.push(e);return{type:this.m_type,bullet:this.m_bulletFlag,position:this.m_xf.p,angle:this.m_xf.q.getAngle(),linearVelocity:this.m_linearVelocity,angularVelocity:this.m_angularVelocity,fixtures:t}},t._deserialize=function(e,i,o){var n=new t(i,e);if(e.fixtures)for(var r=e.fixtures.length-1;r>=0;r--){var s=o(Bt,e.fixtures[r],n);n._addFixture(s)}return n},t.prototype.isWorldLocked=function(){return!(!this.m_world||!this.m_world.isLocked())},t.prototype.getWorld=function(){return this.m_world},t.prototype.getNext=function(){return this.m_next},t.prototype.setUserData=function(t){this.m_userData=t},t.prototype.getUserData=function(){return this.m_userData},t.prototype.getFixtureList=function(){return this.m_fixtureList},t.prototype.getJointList=function(){return this.m_jointList},t.prototype.getContactList=function(){return this.m_contactList},t.prototype.isStatic=function(){return this.m_type==Ft},t.prototype.isDynamic=function(){return this.m_type==Lt},t.prototype.isKinematic=function(){return this.m_type==Pt},t.prototype.setStatic=function(){return this.setType(Ft),this},t.prototype.setDynamic=function(){return this.setType(Lt),this},t.prototype.setKinematic=function(){return this.setType(Pt),this},t.prototype.getType=function(){return this.m_type},t.prototype.setType=function(t){if(1!=this.isWorldLocked()&&this.m_type!=t){this.m_type=t,this.resetMassData(),this.m_type==Ft&&(this.m_linearVelocity.setZero(),this.m_angularVelocity=0,this.m_sweep.forward(),this.synchronizeFixtures()),this.setAwake(!0),this.m_force.setZero(),this.m_torque=0;for(var e=this.m_contactList;e;){var i=e;e=e.next,this.m_world.destroyContact(i.contact)}this.m_contactList=null;for(var o=this.m_world.m_broadPhase,n=this.m_fixtureList;n;n=n.m_next)for(var r=0;r<n.m_proxyCount;++r)o.touchProxy(n.m_proxies[r].proxyId)}},t.prototype.isBullet=function(){return this.m_bulletFlag},t.prototype.setBullet=function(t){this.m_bulletFlag=!!t},t.prototype.isSleepingAllowed=function(){return this.m_autoSleepFlag},t.prototype.setSleepingAllowed=function(t){this.m_autoSleepFlag=!!t,0==this.m_autoSleepFlag&&this.setAwake(!0)},t.prototype.isAwake=function(){return this.m_awakeFlag},t.prototype.setAwake=function(t){t?(this.m_awakeFlag=!0,this.m_sleepTime=0):(this.m_awakeFlag=!1,this.m_sleepTime=0,this.m_linearVelocity.setZero(),this.m_angularVelocity=0,this.m_force.setZero(),this.m_torque=0)},t.prototype.isActive=function(){return this.m_activeFlag},t.prototype.setActive=function(t){if(t!=this.m_activeFlag)if(this.m_activeFlag=!!t,this.m_activeFlag){for(var e=this.m_world.m_broadPhase,i=this.m_fixtureList;i;i=i.m_next)i.createProxies(e,this.m_xf);this.m_world.m_newFixture=!0}else{for(e=this.m_world.m_broadPhase,i=this.m_fixtureList;i;i=i.m_next)i.destroyProxies(e);for(var o=this.m_contactList;o;){var n=o;o=o.next,this.m_world.destroyContact(n.contact)}this.m_contactList=null}},t.prototype.isFixedRotation=function(){return this.m_fixedRotationFlag},t.prototype.setFixedRotation=function(t){this.m_fixedRotationFlag!=t&&(this.m_fixedRotationFlag=!!t,this.m_angularVelocity=0,this.resetMassData())},t.prototype.getTransform=function(){return this.m_xf},t.prototype.setTransform=function(t,e){if(1!=this.isWorldLocked()){this.m_xf.setNum(t,e),this.m_sweep.setTransform(this.m_xf);for(var i=this.m_world.m_broadPhase,o=this.m_fixtureList;o;o=o.m_next)o.synchronize(i,this.m_xf,this.m_xf);this.setAwake(!0)}},t.prototype.synchronizeTransform=function(){this.m_sweep.getTransform(this.m_xf,1)},t.prototype.synchronizeFixtures=function(){this.m_sweep.getTransform(Gt,0);for(var t=this.m_world.m_broadPhase,e=this.m_fixtureList;e;e=e.m_next)e.synchronize(t,Gt,this.m_xf)},t.prototype.advance=function(t){this.m_sweep.advance(t),k(this.m_sweep.c,this.m_sweep.c0),this.m_sweep.a=this.m_sweep.a0,this.m_sweep.getTransform(this.m_xf,1)},t.prototype.getPosition=function(){return this.m_xf.p},t.prototype.setPosition=function(t){this.setTransform(t,this.m_sweep.a)},t.prototype.getAngle=function(){return this.m_sweep.a},t.prototype.setAngle=function(t){this.setTransform(this.m_xf.p,t)},t.prototype.getWorldCenter=function(){return this.m_sweep.c},t.prototype.getLocalCenter=function(){return this.m_sweep.localCenter},t.prototype.getLinearVelocity=function(){return this.m_linearVelocity},t.prototype.getLinearVelocityFromWorldPoint=function(t){var e=_.sub(t,this.m_sweep.c);return _.add(this.m_linearVelocity,_.crossNumVec2(this.m_angularVelocity,e))},t.prototype.getLinearVelocityFromLocalPoint=function(t){return this.getLinearVelocityFromWorldPoint(this.getWorldPoint(t))},t.prototype.setLinearVelocity=function(t){this.m_type!=Ft&&(_.dot(t,t)>0&&this.setAwake(!0),this.m_linearVelocity.setVec2(t))},t.prototype.getAngularVelocity=function(){return this.m_angularVelocity},t.prototype.setAngularVelocity=function(t){this.m_type!=Ft&&(t*t>0&&this.setAwake(!0),this.m_angularVelocity=t)},t.prototype.getLinearDamping=function(){return this.m_linearDamping},t.prototype.setLinearDamping=function(t){this.m_linearDamping=t},t.prototype.getAngularDamping=function(){return this.m_angularDamping},t.prototype.setAngularDamping=function(t){this.m_angularDamping=t},t.prototype.getGravityScale=function(){return this.m_gravityScale},t.prototype.setGravityScale=function(t){this.m_gravityScale=t},t.prototype.getMass=function(){return this.m_mass},t.prototype.getInertia=function(){return this.m_I+this.m_mass*_.dot(this.m_sweep.localCenter,this.m_sweep.localCenter)},t.prototype.getMassData=function(t){t.mass=this.m_mass,t.I=this.getInertia(),k(t.center,this.m_sweep.localCenter)},t.prototype.resetMassData=function(){if(this.m_mass=0,this.m_invMass=0,this.m_I=0,this.m_invI=0,V(this.m_sweep.localCenter),this.isStatic()||this.isKinematic())return k(this.m_sweep.c0,this.m_xf.p),k(this.m_sweep.c,this.m_xf.p),void(this.m_sweep.a0=this.m_sweep.a);V(Dt);for(var t=this.m_fixtureList;t;t=t.m_next)if(0!=t.m_density){var e={mass:0,center:N(0,0),I:0};t.getMassData(e),this.m_mass+=e.mass,j(Dt,e.mass,e.center),this.m_I+=e.I}this.m_mass>0?(this.m_invMass=1/this.m_mass,U(Dt,this.m_invMass,Dt)):(this.m_mass=1,this.m_invMass=1),this.m_I>0&&0==this.m_fixedRotationFlag?(this.m_I-=this.m_mass*Q(Dt,Dt),this.m_invI=1/this.m_I):(this.m_I=0,this.m_invI=0),k(Nt,this.m_sweep.c),this.m_sweep.setLocalCenter(Dt,this.m_xf),H(kt,this.m_sweep.c,Nt),K(Vt,this.m_angularVelocity,kt),O(this.m_linearVelocity,Vt)},t.prototype.setMassData=function(t){1!=this.isWorldLocked()&&this.m_type==Lt&&(this.m_invMass=0,this.m_I=0,this.m_invI=0,this.m_mass=t.mass,this.m_mass<=0&&(this.m_mass=1),this.m_invMass=1/this.m_mass,t.I>0&&0==this.m_fixedRotationFlag&&(this.m_I=t.I-this.m_mass*Q(t.center,t.center),this.m_invI=1/this.m_I),k(Nt,this.m_sweep.c),this.m_sweep.setLocalCenter(t.center,this.m_xf),H(kt,this.m_sweep.c,Nt),K(Vt,this.m_angularVelocity,kt),O(this.m_linearVelocity,Vt))},t.prototype.applyForce=function(t,e,i){void 0===i&&(i=!0),this.m_type==Lt&&(i&&0==this.m_awakeFlag&&this.setAwake(!0),this.m_awakeFlag&&(this.m_force.add(t),this.m_torque+=_.crossVec2Vec2(_.sub(e,this.m_sweep.c),t)))},t.prototype.applyForceToCenter=function(t,e){void 0===e&&(e=!0),this.m_type==Lt&&(e&&0==this.m_awakeFlag&&this.setAwake(!0),this.m_awakeFlag&&this.m_force.add(t))},t.prototype.applyTorque=function(t,e){void 0===e&&(e=!0),this.m_type==Lt&&(e&&0==this.m_awakeFlag&&this.setAwake(!0),this.m_awakeFlag&&(this.m_torque+=t))},t.prototype.applyLinearImpulse=function(t,e,i){void 0===i&&(i=!0),this.m_type==Lt&&(i&&0==this.m_awakeFlag&&this.setAwake(!0),this.m_awakeFlag&&(this.m_linearVelocity.addMul(this.m_invMass,t),this.m_angularVelocity+=this.m_invI*_.crossVec2Vec2(_.sub(e,this.m_sweep.c),t)))},t.prototype.applyAngularImpulse=function(t,e){void 0===e&&(e=!0),this.m_type==Lt&&(e&&0==this.m_awakeFlag&&this.setAwake(!0),this.m_awakeFlag&&(this.m_angularVelocity+=this.m_invI*t))},t.prototype.shouldCollide=function(t){if(this.m_type!=Lt&&t.m_type!=Lt)return!1;for(var e=this.m_jointList;e;e=e.next)if(e.other==t&&0==e.joint.m_collideConnected)return!1;return!0},t.prototype._addFixture=function(t){if(1==this.isWorldLocked())return null;if(this.m_activeFlag){var e=this.m_world.m_broadPhase;t.createProxies(e,this.m_xf)}return t.m_next=this.m_fixtureList,this.m_fixtureList=t,t.m_density>0&&this.resetMassData(),this.m_world.m_newFixture=!0,t},t.prototype.createFixture=function(t,e){if(1==this.isWorldLocked())return null;var i=new Bt(this,t,e);return this._addFixture(i),i},t.prototype.destroyFixture=function(t){if(1!=this.isWorldLocked()){if(this.m_fixtureList===t)this.m_fixtureList=t.m_next;else for(var e=this.m_fixtureList;null!=e;){if(e.m_next===t){e.m_next=t.m_next;break}e=e.m_next}for(var i=this.m_contactList;i;){var o=i.contact;i=i.next;var n=o.getFixtureA(),r=o.getFixtureB();t!=n&&t!=r||this.m_world.destroyContact(o)}if(this.m_activeFlag){var s=this.m_world.m_broadPhase;t.destroyProxies(s)}t.m_body=null,t.m_next=null,this.m_world.publish("remove-fixture",t),this.resetMassData()}},t.prototype.getWorldPoint=function(t){return gt.mulVec2(this.m_xf,t)},t.prototype.getWorldVector=function(t){return pt.mulVec2(this.m_xf.q,t)},t.prototype.getLocalPoint=function(t){return gt.mulTVec2(this.m_xf,t)},t.prototype.getLocalVector=function(t){return pt.mulTVec2(this.m_xf.q,t)},t.STATIC="static",t.KINEMATIC="kinematic",t.DYNAMIC="dynamic",t}(),Ht=function(){this.other=null,this.joint=null,this.prev=null,this.next=null},qt=function(){function t(t,e,i){this.m_type="unknown-joint",this.m_prev=null,this.m_next=null,this.m_edgeA=new Ht,this.m_edgeB=new Ht,this.m_islandFlag=!1,this.style={},this.appData={},e="bodyA"in t?t.bodyA:e,i="bodyB"in t?t.bodyB:i,this.m_bodyA=e,this.m_bodyB=i,this.m_collideConnected=!!t.collideConnected,this.m_userData=t.userData}return t.prototype.isActive=function(){return this.m_bodyA.isActive()&&this.m_bodyB.isActive()},t.prototype.getType=function(){return this.m_type},t.prototype.getBodyA=function(){return this.m_bodyA},t.prototype.getBodyB=function(){return this.m_bodyB},t.prototype.getNext=function(){return this.m_next},t.prototype.getUserData=function(){return this.m_userData},t.prototype.setUserData=function(t){this.m_userData=t},t.prototype.getCollideConnected=function(){return this.m_collideConnected},t.prototype.shiftOrigin=function(t){},t.prototype._resetAnchors=function(t){return this._reset(t)},t}(),Ut={gjkCalls:0,gjkIters:0,gjkMaxIters:0,toiTime:0,toiMaxTime:0,toiCalls:0,toiIters:0,toiMaxIters:0,toiRootIters:0,toiMaxRootIters:0,toString:function(t){t="string"==typeof t?t:"\n";var e="";for(var i in this)"function"!=typeof this[i]&&"object"!=typeof this[i]&&(e+=i+": "+this[i]+t);return e}},jt=Math.max,Wt=N(0,0),Xt=N(0,0),Yt=N(0,0),Jt=N(0,0),$t=N(0,0),Kt=N(0,0),Zt=N(0,0);Ut.gjkCalls=0,Ut.gjkIters=0,Ut.gjkMaxIters=0;var Qt=function(){function t(){this.proxyA=new oe,this.proxyB=new oe,this.transformA=gt.identity(),this.transformB=gt.identity(),this.useRadii=!1}return t.prototype.recycle=function(){this.proxyA.recycle(),this.proxyB.recycle(),this.transformA.setIdentity(),this.transformB.setIdentity(),this.useRadii=!1},t}(),te=function(){function t(){this.pointA=N(0,0),this.pointB=N(0,0),this.distance=0,this.iterations=0}return t.prototype.recycle=function(){V(this.pointA),V(this.pointB),this.distance=0,this.iterations=0},t}(),ee=function(){function t(){this.metric=0,this.indexA=[],this.indexB=[],this.count=0}return t.prototype.recycle=function(){this.metric=0,this.indexA.length=0,this.indexB.length=0,this.count=0},t}(),ie=function(t,e,i){++Ut.gjkCalls;var o=i.proxyA,n=i.proxyB,r=i.transformA,a=i.transformB;ce.recycle(),ce.readCache(e,o,r,n,a);for(var c=ce.m_v,l=x.maxDistanceIterations,h=[],u=[],m=0,d=0;d<l;){m=ce.m_count;for(var p=0;p<m;++p)h[p]=c[p].indexA,u[p]=c[p].indexB;if(ce.solve(),3===ce.m_count)break;var _=ce.getSearchDirection();if(tt(_)<1e-18)break;var f=c[ce.m_count];f.indexA=o.getSupport(nt(Wt,r.q,U(Wt,-1,_))),at(f.wA,r,o.getVertex(f.indexA)),f.indexB=n.getSupport(nt(Wt,a.q,_)),at(f.wB,a,n.getVertex(f.indexB)),H(f.w,f.wB,f.wA),++d,++Ut.gjkIters;var y=!1;for(p=0;p<m;++p)if(f.indexA===h[p]&&f.indexB===u[p]){y=!0;break}if(y)break;++ce.m_count}if(Ut.gjkMaxIters=jt(Ut.gjkMaxIters,d),ce.getWitnessPoints(t.pointA,t.pointB),t.distance=et(t.pointA,t.pointB),t.iterations=d,ce.writeCache(e),i.useRadii){var w=o.m_radius,g=n.m_radius;if(t.distance>w+g&&t.distance>s)t.distance-=w+g,H(Xt,t.pointB,t.pointA),J(Xt),j(t.pointA,w,Xt),W(t.pointB,g,Xt);else{var v=H(Wt,t.pointA,t.pointB);k(t.pointA,v),k(t.pointB,v),t.distance=0}}},oe=function(){function t(){this.m_vertices=[],this.m_count=0,this.m_radius=0}return t.prototype.recycle=function(){this.m_vertices.length=0,this.m_count=0,this.m_radius=0},t.prototype.getVertexCount=function(){return this.m_count},t.prototype.getVertex=function(t){return this.m_vertices[t]},t.prototype.getSupport=function(t){for(var e=-1,i=-1/0,o=0;o<this.m_count;++o){var n=Q(this.m_vertices[o],t);n>i&&(e=o,i=n)}return e},t.prototype.getSupportVertex=function(t){return this.m_vertices[this.getSupport(t)]},t.prototype.set=function(t,e){t.computeDistanceProxy(this,e)},t.prototype.setVertices=function(t,e,i){this.m_vertices=t,this.m_count=e,this.m_radius=i},t}(),ne=function(){function t(){this.wA=N(0,0),this.indexA=0,this.wB=N(0,0),this.indexB=0,this.w=N(0,0),this.a=0}return t.prototype.recycle=function(){this.indexA=0,this.indexB=0,V(this.wA),V(this.wB),V(this.w),this.a=0},t.prototype.set=function(t){this.indexA=t.indexA,this.indexB=t.indexB,k(this.wA,t.wA),k(this.wB,t.wB),k(this.w,t.w),this.a=t.a},t}(),re=N(0,0),se=N(0,0),ae=function(){function t(){this.m_v1=new ne,this.m_v2=new ne,this.m_v3=new ne,this.m_v=[this.m_v1,this.m_v2,this.m_v3]}return t.prototype.recycle=function(){this.m_v1.recycle(),this.m_v2.recycle(),this.m_v3.recycle(),this.m_count=0},t.prototype.toString=function(){return 3===this.m_count?["+"+this.m_count,this.m_v1.a,this.m_v1.wA.x,this.m_v1.wA.y,this.m_v1.wB.x,this.m_v1.wB.y,this.m_v2.a,this.m_v2.wA.x,this.m_v2.wA.y,this.m_v2.wB.x,this.m_v2.wB.y,this.m_v3.a,this.m_v3.wA.x,this.m_v3.wA.y,this.m_v3.wB.x,this.m_v3.wB.y].toString():2===this.m_count?["+"+this.m_count,this.m_v1.a,this.m_v1.wA.x,this.m_v1.wA.y,this.m_v1.wB.x,this.m_v1.wB.y,this.m_v2.a,this.m_v2.wA.x,this.m_v2.wA.y,this.m_v2.wB.x,this.m_v2.wB.y].toString():1===this.m_count?["+"+this.m_count,this.m_v1.a,this.m_v1.wA.x,this.m_v1.wA.y,this.m_v1.wB.x,this.m_v1.wB.y].toString():"+"+this.m_count},t.prototype.readCache=function(t,e,i,o,n){this.m_count=t.count;for(var r=0;r<this.m_count;++r){(u=this.m_v[r]).indexA=t.indexA[r],u.indexB=t.indexB[r];var a=e.getVertex(u.indexA),c=o.getVertex(u.indexB);at(u.wA,i,a),at(u.wB,n,c),H(u.w,u.wB,u.wA),u.a=0}if(this.m_count>1){var l=t.metric,h=this.getMetric();(h<.5*l||2*l<h||h<s)&&(this.m_count=0)}var u;0===this.m_count&&((u=this.m_v[0]).indexA=0,u.indexB=0,a=e.getVertex(0),c=o.getVertex(0),at(u.wA,i,a),at(u.wB,n,c),H(u.w,u.wB,u.wA),u.a=1,this.m_count=1)},t.prototype.writeCache=function(t){t.metric=this.getMetric(),t.count=this.m_count;for(var e=0;e<this.m_count;++e)t.indexA[e]=this.m_v[e].indexA,t.indexB[e]=this.m_v[e].indexB},t.prototype.getSearchDirection=function(){var t=this.m_v1,e=this.m_v2;switch(this.m_v3,this.m_count){case 1:return D(re,-t.w.x,-t.w.y);case 2:return H(Yt,e.w,t.w),-Z(Yt,t.w)>0?D(re,-Yt.y,Yt.x):D(re,Yt.y,-Yt.x);default:return V(re)}},t.prototype.getClosestPoint=function(){var t=this.m_v1,e=this.m_v2;switch(this.m_v3,this.m_count){case 0:case 3:default:return V(se);case 1:return k(se,t.w);case 2:return X(se,t.a,t.w,e.a,e.w)}},t.prototype.getWitnessPoints=function(t,e){var i=this.m_v1,o=this.m_v2,n=this.m_v3;switch(this.m_count){case 0:break;case 1:k(t,i.wA),k(e,i.wB);break;case 2:X(t,i.a,i.wA,o.a,o.wA),X(e,i.a,i.wB,o.a,o.wB);break;case 3:Y(t,i.a,i.wA,o.a,o.wA,n.a,n.wA),k(e,t)}},t.prototype.getMetric=function(){switch(this.m_count){case 0:case 1:default:return 0;case 2:return et(this.m_v1.w,this.m_v2.w);case 3:return Z(H(Kt,this.m_v2.w,this.m_v1.w),H(Zt,this.m_v3.w,this.m_v1.w))}},t.prototype.solve=function(){switch(this.m_count){case 1:break;case 2:this.solve2();break;case 3:this.solve3()}},t.prototype.solve2=function(){var t=this.m_v1.w,e=this.m_v2.w;H(Yt,e,t);var i=-Q(t,Yt);if(i<=0)return this.m_v1.a=1,void(this.m_count=1);var o=Q(e,Yt);if(o<=0)return this.m_v2.a=1,this.m_count=1,void this.m_v1.set(this.m_v2);var n=1/(o+i);this.m_v1.a=o*n,this.m_v2.a=i*n,this.m_count=2},t.prototype.solve3=function(){var t=this.m_v1.w,e=this.m_v2.w,i=this.m_v3.w;H(Yt,e,t);var o=Q(t,Yt),n=Q(e,Yt),r=-o;H(Jt,i,t);var s=Q(t,Jt),a=Q(i,Jt),c=-s;H($t,i,e);var l=Q(e,$t),h=Q(i,$t),u=-l,m=Z(Yt,Jt),d=m*Z(e,i),p=m*Z(i,t),_=m*Z(t,e);if(r<=0&&c<=0)return this.m_v1.a=1,void(this.m_count=1);if(n>0&&r>0&&_<=0){var f=1/(n+r);return this.m_v1.a=n*f,this.m_v2.a=r*f,void(this.m_count=2)}if(a>0&&c>0&&p<=0){var y=1/(a+c);return this.m_v1.a=a*y,this.m_v3.a=c*y,this.m_count=2,void this.m_v2.set(this.m_v3)}if(n<=0&&u<=0)return this.m_v2.a=1,this.m_count=1,void this.m_v1.set(this.m_v2);if(a<=0&&h<=0)return this.m_v3.a=1,this.m_count=1,void this.m_v1.set(this.m_v3);if(h>0&&u>0&&d<=0){var w=1/(h+u);return this.m_v2.a=h*w,this.m_v3.a=u*w,this.m_count=2,void this.m_v1.set(this.m_v3)}var g=1/(d+p+_);this.m_v1.a=d*g,this.m_v2.a=p*g,this.m_v3.a=_*g,this.m_count=3},t}(),ce=new ae,le=new Qt,he=new ee,ue=new te,me=function(t,e,i,o,n,r){return le.recycle(),le.proxyA.set(t,e),le.proxyB.set(i,o),st(le.transformA,n),st(le.transformB,r),le.useRadii=!0,ue.recycle(),he.recycle(),ie(ue,he,le),ue.distance<1e-8};ie.testOverlap=me,ie.Input=Qt,ie.Output=te,ie.Proxy=oe,ie.Cache=ee;var de,pe=function(){function t(){this.proxyA=new oe,this.proxyB=new oe,this.transformA=gt.identity(),this.transformB=gt.identity(),this.translationB=_.zero()}return t.prototype.recycle=function(){this.proxyA.recycle(),this.proxyB.recycle(),this.transformA.setIdentity(),this.transformB.setIdentity(),V(this.translationB)},t}(),_e=function(){this.point=_.zero(),this.normal=_.zero(),this.lambda=1,this.iterations=0},fe=function(t,e){t.iterations=0,t.lambda=1,t.normal.setZero(),t.point.setZero();var i=e.proxyA,o=e.proxyB,n=jt(i.m_radius,x.polygonRadius),r=n+jt(o.m_radius,x.polygonRadius),s=e.transformA,a=e.transformB,c=e.translationB,l=_.zero(),h=0,u=new ae;u.m_count=0;for(var m=u.m_v,d=i.getSupport(pt.mulTVec2(s.q,_.neg(c))),p=gt.mulVec2(s,i.getVertex(d)),f=o.getSupport(pt.mulTVec2(a.q,c)),y=gt.mulVec2(a,o.getVertex(f)),w=_.sub(p,y),g=jt(x.polygonRadius,r-x.polygonRadius),v=.5*x.linearSlop,b=0;b<20&&w.length()-g>v;){t.iterations+=1,d=i.getSupport(pt.mulTVec2(s.q,_.neg(w))),p=gt.mulVec2(s,i.getVertex(d)),f=o.getSupport(pt.mulTVec2(a.q,w)),y=gt.mulVec2(a,o.getVertex(f));var A=_.sub(p,y);w.normalize();var C=_.dot(w,A),S=_.dot(w,c);if(C-g>h*S){if(S<=0)return!1;if((h=(C-g)/S)>1)return!1;l.setMul(-1,w),u.m_count=0}var R=m[u.m_count];switch(R.indexA=f,R.wA=_.combine(1,y,h,c),R.indexB=d,R.wB=p,R.w=_.sub(R.wB,R.wA),R.a=1,u.m_count+=1,u.m_count){case 1:break;case 2:u.solve2();break;case 3:u.solve3()}if(3==u.m_count)return!1;w.setVec2(u.getClosestPoint()),++b}if(0==b)return!1;var E=_.zero(),T=_.zero();return u.getWitnessPoints(T,E),w.lengthSquared()>0&&(l.setMul(-1,w),l.normalize()),t.point=_.combine(1,E,n,l),t.normal=l,t.lambda=h,t.iterations=b,!0},ye=Math.abs,we=Math.max,ge=function(){function t(){this.proxyA=new oe,this.proxyB=new oe,this.sweepA=new wt,this.sweepB=new wt}return t.prototype.recycle=function(){this.proxyA.recycle(),this.proxyB.recycle(),this.sweepA.recycle(),this.sweepB.recycle(),this.tMax=-1},t}();t.TOIOutputState=void 0,(de=t.TOIOutputState||(t.TOIOutputState={}))[de.e_unset=-1]="e_unset",de[de.e_unknown=0]="e_unknown",de[de.e_failed=1]="e_failed",de[de.e_overlapped=2]="e_overlapped",de[de.e_touching=3]="e_touching",de[de.e_separated=4]="e_separated";var ve=function(){function e(){this.state=t.TOIOutputState.e_unset,this.t=-1}return e.prototype.recycle=function(){this.state=t.TOIOutputState.e_unset,this.t=-1},e}();Ut.toiTime=0,Ut.toiMaxTime=0,Ut.toiCalls=0,Ut.toiIters=0,Ut.toiMaxIters=0,Ut.toiRootIters=0,Ut.toiMaxRootIters=0;var xe,be=new Qt,Ae=new te,Ce=new ee,Se=rt(0,0,0),Re=rt(0,0,0),Ee=N(0,0),Te=N(0,0),Ie=N(0,0),Me=N(0,0),Be=N(0,0),Fe=N(0,0),Pe=N(0,0),Le=N(0,0),Ne=function(e,i){var o=Date.now();++Ut.toiCalls,e.state=t.TOIOutputState.e_unknown,e.t=i.tMax;var n=i.proxyA,r=i.proxyB,s=i.sweepA,a=i.sweepB;s.normalize(),a.normalize();var c=i.tMax,l=n.m_radius+r.m_radius,h=we(x.linearSlop,l-3*x.linearSlop),u=.25*x.linearSlop,m=0,d=x.maxTOIIterations,p=0;for(Ce.recycle(),be.proxyA.setVertices(n.m_vertices,n.m_count,n.m_radius),be.proxyB.setVertices(r.m_vertices,r.m_count,r.m_radius),be.useRadii=!1;;){if(s.getTransform(Se,m),a.getTransform(Re,m),st(be.transformA,Se),st(be.transformB,Re),ie(Ae,Ce,be),Ae.distance<=0){e.state=t.TOIOutputState.e_overlapped,e.t=0;break}if(Ae.distance<h+u){e.state=t.TOIOutputState.e_touching,e.t=m;break}De.initialize(Ce,n,s,r,a,m);for(var _=!1,f=c,y=0;;){var w=De.findMinSeparation(f);if(w>h+u){e.state=t.TOIOutputState.e_separated,e.t=c,_=!0;break}if(w>h-u){m=f;break}var g=De.evaluate(m);if(g<h-u){e.state=t.TOIOutputState.e_failed,e.t=m,_=!0;break}if(g<=h+u){e.state=t.TOIOutputState.e_touching,e.t=m,_=!0;break}for(var v=0,b=m,A=f;;){var C;C=1&v?b+(h-g)*(A-b)/(w-g):.5*(b+A),++v,++Ut.toiRootIters;var S=De.evaluate(C);if(ye(S-h)<u){f=C;break}if(S>h?(b=C,g=S):(A=C,w=S),50===v)break}if(Ut.toiMaxRootIters=we(Ut.toiMaxRootIters,v),++y===x.maxPolygonVertices)break}if(++p,++Ut.toiIters,_)break;if(p===d){e.state=t.TOIOutputState.e_failed,e.t=m;break}}Ut.toiMaxIters=we(Ut.toiMaxIters,p);var R=function(t){return Date.now()-t}(o);Ut.toiMaxTime=we(Ut.toiMaxTime,R),Ut.toiTime+=R,De.recycle()};!function(t){t[t.e_unset=-1]="e_unset",t[t.e_points=1]="e_points",t[t.e_faceA=2]="e_faceA",t[t.e_faceB=3]="e_faceB"}(xe||(xe={}));var De=new(function(){function t(){this.m_proxyA=null,this.m_proxyB=null,this.m_sweepA=null,this.m_sweepB=null,this.m_type=xe.e_unset,this.m_localPoint=N(0,0),this.m_axis=N(0,0),this.indexA=-1,this.indexB=-1}return t.prototype.recycle=function(){this.m_proxyA=null,this.m_proxyB=null,this.m_sweepA=null,this.m_sweepB=null,this.m_type=xe.e_unset,V(this.m_localPoint),V(this.m_axis),this.indexA=-1,this.indexB=-1},t.prototype.initialize=function(t,e,i,o,n,r){var s=t.count;if(this.m_proxyA=e,this.m_proxyB=o,this.m_sweepA=i,this.m_sweepB=n,this.m_sweepA.getTransform(Se,r),this.m_sweepB.getTransform(Re,r),1===s){this.m_type=xe.e_points;var a=this.m_proxyA.getVertex(t.indexA[0]),c=this.m_proxyB.getVertex(t.indexB[0]);return at(Te,Se,a),at(Ie,Re,c),H(this.m_axis,Ie,Te),function(t){var e=L(t.x*t.x+t.y*t.y);if(0!==e){var i=1/e;t.x*=i,t.y*=i}return e}(this.m_axis)}if(t.indexA[0]===t.indexA[1]){this.m_type=xe.e_faceB;var l=o.getVertex(t.indexB[0]),h=o.getVertex(t.indexB[1]);$(this.m_axis,H(Ee,h,l),1),J(this.m_axis),ot(Me,Re.q,this.m_axis),X(this.m_localPoint,.5,l,.5,h),at(Ie,Re,this.m_localPoint);var u=e.getVertex(t.indexA[0]);return(p=Q(gt.mulVec2(Se,u),Me)-Q(Ie,Me))<0&&(G(this.m_axis),p=-p),p}this.m_type=xe.e_faceA;var m=this.m_proxyA.getVertex(t.indexA[0]),d=this.m_proxyA.getVertex(t.indexA[1]);$(this.m_axis,H(Ee,d,m),1),J(this.m_axis),ot(Me,Se.q,this.m_axis),X(this.m_localPoint,.5,m,.5,d),at(Te,Se,this.m_localPoint);var p,_=this.m_proxyB.getVertex(t.indexB[0]);return at(Ie,Re,_),(p=Q(Ie,Me)-Q(Te,Me))<0&&(G(this.m_axis),p=-p),p},t.prototype.compute=function(t,e){switch(this.m_sweepA.getTransform(Se,e),this.m_sweepB.getTransform(Re,e),this.m_type){case xe.e_points:return t&&(nt(Be,Se.q,this.m_axis),nt(Fe,Re.q,U(Ee,-1,this.m_axis)),this.indexA=this.m_proxyA.getSupport(Be),this.indexB=this.m_proxyB.getSupport(Fe)),k(Pe,this.m_proxyA.getVertex(this.indexA)),k(Le,this.m_proxyB.getVertex(this.indexB)),at(Te,Se,Pe),at(Ie,Re,Le),Q(Ie,this.m_axis)-Q(Te,this.m_axis);case xe.e_faceA:return ot(Me,Se.q,this.m_axis),at(Te,Se,this.m_localPoint),t&&(nt(Fe,Re.q,U(Ee,-1,Me)),this.indexA=-1,this.indexB=this.m_proxyB.getSupport(Fe)),k(Le,this.m_proxyB.getVertex(this.indexB)),at(Ie,Re,Le),Q(Ie,Me)-Q(Te,Me);case xe.e_faceB:return ot(Me,Re.q,this.m_axis),at(Ie,Re,this.m_localPoint),t&&(nt(Be,Se.q,U(Ee,-1,Me)),this.indexB=-1,this.indexA=this.m_proxyA.getSupport(Be)),k(Pe,this.m_proxyA.getVertex(this.indexA)),at(Te,Se,Pe),Q(Te,Me)-Q(Ie,Me);default:return t&&(this.indexA=-1,this.indexB=-1),0}},t.prototype.findMinSeparation=function(t){return this.compute(!0,t)},t.prototype.evaluate=function(t){return this.compute(!1,t)},t}());Ne.Input=ge,Ne.Output=ve;var ke=Math.abs,Ve=Math.sqrt,Ge=Math.min,Oe=function(){function t(){this.dt=0,this.inv_dt=0,this.velocityIterations=0,this.positionIterations=0,this.warmStarting=!1,this.blockSolve=!0,this.inv_dt0=0,this.dtRatio=1}return t.prototype.reset=function(t){this.dt>0&&(this.inv_dt0=this.inv_dt),this.dt=t,this.inv_dt=0==t?0:1/t,this.dtRatio=t*this.inv_dt0},t}(),ze=new Oe,He=N(0,0),qe=N(0,0),Ue=N(0,0),je=new ge,We=new ve,Xe=new wt,Ye=new wt,Je=new wt,$e=function(){function t(t){this.contact=t,this.normals=[],this.tangents=[]}return t.prototype.recycle=function(){this.normals.length=0,this.tangents.length=0},Object.defineProperty(t.prototype,"normalImpulses",{get:function(){var t=this.contact,e=this.normals;e.length=0;for(var i=0;i<t.v_points.length;++i)e.push(t.v_points[i].normalImpulse);return e},enumerable:!1,configurable:!0}),Object.defineProperty(t.prototype,"tangentImpulses",{get:function(){var t=this.contact,e=this.tangents;e.length=0;for(var i=0;i<t.v_points.length;++i)e.push(t.v_points[i].tangentImpulse);return e},enumerable:!1,configurable:!0}),t}(),Ke=function(){function e(t){this.m_world=t,this.m_stack=[],this.m_bodies=[],this.m_contacts=[],this.m_joints=[]}return e.prototype.clear=function(){this.m_stack.length=0,this.m_bodies.length=0,this.m_contacts.length=0,this.m_joints.length=0},e.prototype.addBody=function(t){this.m_bodies.push(t)},e.prototype.addContact=function(t){this.m_contacts.push(t)},e.prototype.addJoint=function(t){this.m_joints.push(t)},e.prototype.solveWorld=function(t){for(var e=this.m_world,i=e.m_bodyList;i;i=i.m_next)i.m_islandFlag=!1;for(var o=e.m_contactList;o;o=o.m_next)o.m_islandFlag=!1;for(var n=e.m_jointList;n;n=n.m_next)n.m_islandFlag=!1;for(var r=this.m_stack,s=e.m_bodyList;s;s=s.m_next)if(!s.m_islandFlag&&0!=s.isAwake()&&0!=s.isActive()&&!s.isStatic()){for(this.clear(),r.push(s),s.m_islandFlag=!0;r.length>0;)if(i=r.pop(),this.addBody(i),i.m_awakeFlag=!0,!i.isStatic()){for(var a=i.m_contactList;a;a=a.next){var c=a.contact;if(!c.m_islandFlag&&0!=c.isEnabled()&&0!=c.isTouching()){var l=c.m_fixtureA.m_isSensor,h=c.m_fixtureB.m_isSensor;l||h||(this.addContact(c),c.m_islandFlag=!0,(m=a.other).m_islandFlag||(r.push(m),m.m_islandFlag=!0))}}for(var u=i.m_jointList;u;u=u.next){var m;1!=u.joint.m_islandFlag&&0!=(m=u.other).isActive()&&(this.addJoint(u.joint),u.joint.m_islandFlag=!0,m.m_islandFlag||(r.push(m),m.m_islandFlag=!0))}}this.solveIsland(t);for(var d=0;d<this.m_bodies.length;++d)(i=this.m_bodies[d]).isStatic()&&(i.m_islandFlag=!1)}},e.prototype.solveIsland=function(t){for(var e=this.m_world,i=e.m_gravity,o=e.m_allowSleep,n=t.dt,r=0;r<this.m_bodies.length;++r){var s=this.m_bodies[r];k(He,s.m_sweep.c);var a=s.m_sweep.a;k(qe,s.m_linearVelocity);var c=s.m_angularVelocity;k(s.m_sweep.c0,s.m_sweep.c),s.m_sweep.a0=s.m_sweep.a,s.isDynamic()&&(j(qe,n*s.m_gravityScale,i),j(qe,n*s.m_invMass,s.m_force),c+=n*s.m_invI*s.m_torque,U(qe,1/(1+n*s.m_linearDamping),qe),c*=1/(1+n*s.m_angularDamping)),k(s.c_position.c,He),s.c_position.a=a,k(s.c_velocity.v,qe),s.c_velocity.w=c}for(r=0;r<this.m_contacts.length;++r)this.m_contacts[r].initConstraint(t);for(r=0;r<this.m_contacts.length;++r)this.m_contacts[r].initVelocityConstraint(t);if(t.warmStarting)for(r=0;r<this.m_contacts.length;++r)this.m_contacts[r].warmStartConstraint(t);for(r=0;r<this.m_joints.length;++r)this.m_joints[r].initVelocityConstraints(t);for(r=0;r<t.velocityIterations;++r){for(var l=0;l<this.m_joints.length;++l)this.m_joints[l].solveVelocityConstraints(t);for(l=0;l<this.m_contacts.length;++l)this.m_contacts[l].solveVelocityConstraint(t)}for(r=0;r<this.m_contacts.length;++r)this.m_contacts[r].storeConstraintImpulses(t);for(r=0;r<this.m_bodies.length;++r){s=this.m_bodies[r],k(He,s.c_position.c),a=s.c_position.a,k(qe,s.c_velocity.v),c=s.c_velocity.w,U(Ue,n,qe);var h=tt(Ue);if(h>x.maxTranslationSquared){var u=x.maxTranslation/Ve(h);q(qe,u)}var m=n*c;m*m>x.maxRotationSquared&&(c*=u=x.maxRotation/ke(m)),j(He,n,qe),a+=n*c,k(s.c_position.c,He),s.c_position.a=a,k(s.c_velocity.v,qe),s.c_velocity.w=c}var d=!1;for(r=0;r<t.positionIterations;++r){var p=0;for(l=0;l<this.m_contacts.length;++l){var _=this.m_contacts[l].solvePositionConstraint(t);p=Ge(p,_)}var f=p>=-3*x.linearSlop,y=!0;for(l=0;l<this.m_joints.length;++l){var w=this.m_joints[l].solvePositionConstraints(t);y=y&&w}if(f&&y){d=!0;break}}for(r=0;r<this.m_bodies.length;++r)k((s=this.m_bodies[r]).m_sweep.c,s.c_position.c),s.m_sweep.a=s.c_position.a,k(s.m_linearVelocity,s.c_velocity.v),s.m_angularVelocity=s.c_velocity.w,s.synchronizeTransform();if(this.postSolveIsland(),o){var g=1/0,v=x.linearSleepToleranceSqr,b=x.angularSleepToleranceSqr;for(r=0;r<this.m_bodies.length;++r)(s=this.m_bodies[r]).isStatic()||(0==s.m_autoSleepFlag||s.m_angularVelocity*s.m_angularVelocity>b||tt(s.m_linearVelocity)>v?(s.m_sleepTime=0,g=0):(s.m_sleepTime+=n,g=Ge(g,s.m_sleepTime)));if(g>=x.timeToSleep&&d)for(r=0;r<this.m_bodies.length;++r)(s=this.m_bodies[r]).setAwake(!1)}},e.prototype.solveWorldTOI=function(e){var i=this.m_world;if(i.m_stepComplete){for(var o=i.m_bodyList;o;o=o.m_next)o.m_islandFlag=!1,o.m_sweep.alpha0=0;for(var n=i.m_contactList;n;n=n.m_next)n.m_toiFlag=!1,n.m_islandFlag=!1,n.m_toiCount=0,n.m_toi=1}for(;;){for(var r=null,s=1,a=i.m_contactList;a;a=a.m_next)if(0!=a.isEnabled()&&!(a.m_toiCount>x.maxSubSteps)){var c=1;if(a.m_toiFlag)c=a.m_toi;else{var l=a.getFixtureA(),h=a.getFixtureB();if(l.isSensor()||h.isSensor())continue;var u=l.getBody(),m=h.getBody(),d=u.isAwake()&&!u.isStatic(),p=m.isAwake()&&!m.isStatic();if(0==d&&0==p)continue;var _=u.isBullet()||!u.isDynamic(),f=m.isBullet()||!m.isDynamic();if(0==_&&0==f)continue;var y=u.m_sweep.alpha0;u.m_sweep.alpha0<m.m_sweep.alpha0?(y=m.m_sweep.alpha0,u.m_sweep.advance(y)):m.m_sweep.alpha0<u.m_sweep.alpha0&&(y=u.m_sweep.alpha0,m.m_sweep.advance(y));var w=a.getChildIndexA(),g=a.getChildIndexB();u.m_sweep,m.m_sweep,je.proxyA.set(l.getShape(),w),je.proxyB.set(h.getShape(),g),je.sweepA.set(u.m_sweep),je.sweepB.set(m.m_sweep),je.tMax=1,Ne(We,je);var v=We.t;c=We.state==t.TOIOutputState.e_touching?Ge(y+(1-y)*v,1):1,a.m_toi=c,a.m_toiFlag=!0}c<s&&(r=a,s=c)}if(null==r||1-1e-8<s){i.m_stepComplete=!0;break}var b=r.getFixtureA(),A=r.getFixtureB(),C=b.getBody(),S=A.getBody();if(Ye.set(C.m_sweep),Je.set(S.m_sweep),C.advance(s),S.advance(s),r.update(i),r.m_toiFlag=!1,++r.m_toiCount,0!=r.isEnabled()&&0!=r.isTouching()){C.setAwake(!0),S.setAwake(!0),this.clear(),this.addBody(C),this.addBody(S),this.addContact(r),C.m_islandFlag=!0,S.m_islandFlag=!0,r.m_islandFlag=!0;for(var R=[C,S],E=0;E<R.length;++E)if((P=R[E]).isDynamic())for(var T=P.m_contactList;T;T=T.next){var I=T.contact;if(!I.m_islandFlag){var M=T.other;if(!M.isDynamic()||P.isBullet()||M.isBullet()){var B=I.m_fixtureA.m_isSensor,F=I.m_fixtureB.m_isSensor;B||F||(Xe.set(M.m_sweep),0==M.m_islandFlag&&M.advance(s),I.update(i),0!=I.isEnabled()&&0!=I.isTouching()?(I.m_islandFlag=!0,this.addContact(I),M.m_islandFlag||(M.m_islandFlag=!0,M.isStatic()||M.setAwake(!0),this.addBody(M))):(M.m_sweep.set(Xe),M.synchronizeTransform()))}}}for(ze.reset((1-s)*e.dt),ze.dtRatio=1,ze.positionIterations=20,ze.velocityIterations=e.velocityIterations,ze.warmStarting=!1,this.solveIslandTOI(ze,C,S),E=0;E<this.m_bodies.length;++E){var P;if((P=this.m_bodies[E]).m_islandFlag=!1,P.isDynamic())for(P.synchronizeFixtures(),T=P.m_contactList;T;T=T.next)T.contact.m_toiFlag=!1,T.contact.m_islandFlag=!1}if(i.findNewContacts(),i.m_subStepping){i.m_stepComplete=!1;break}}else r.setEnabled(!1),C.m_sweep.set(Ye),S.m_sweep.set(Je),C.synchronizeTransform(),S.synchronizeTransform()}},e.prototype.solveIslandTOI=function(t,e,i){for(var o=0;o<this.m_bodies.length;++o)k((c=this.m_bodies[o]).c_position.c,c.m_sweep.c),c.c_position.a=c.m_sweep.a,k(c.c_velocity.v,c.m_linearVelocity),c.c_velocity.w=c.m_angularVelocity;for(o=0;o<this.m_contacts.length;++o)this.m_contacts[o].initConstraint(t);for(o=0;o<t.positionIterations;++o){for(var n=0,r=0;r<this.m_contacts.length;++r){var s=this.m_contacts[r].solvePositionConstraintTOI(t,e,i);n=Ge(n,s)}if(n>=-1.5*x.linearSlop)break}for(k(e.m_sweep.c0,e.c_position.c),e.m_sweep.a0=e.c_position.a,k(i.m_sweep.c0,i.c_position.c),i.m_sweep.a0=i.c_position.a,o=0;o<this.m_contacts.length;++o)this.m_contacts[o].initVelocityConstraint(t);for(o=0;o<t.velocityIterations;++o)for(r=0;r<this.m_contacts.length;++r)this.m_contacts[r].solveVelocityConstraint(t);var a=t.dt;for(o=0;o<this.m_bodies.length;++o){var c=this.m_bodies[o];k(He,c.c_position.c);var l=c.c_position.a;k(qe,c.c_velocity.v);var h=c.c_velocity.w;U(Ue,a,qe);var u=tt(Ue);if(u>x.maxTranslationSquared){var m=x.maxTranslation/Ve(u);q(qe,m)}var d=a*h;d*d>x.maxRotationSquared&&(h*=m=x.maxRotation/ke(d)),j(He,a,qe),l+=a*h,k(c.c_position.c,He),c.c_position.a=l,k(c.c_velocity.v,qe),c.c_velocity.w=h,k(c.m_sweep.c,He),c.m_sweep.a=l,k(c.m_linearVelocity,qe),c.m_angularVelocity=h,c.synchronizeTransform()}this.postSolveIsland()},e.prototype.postSolveIsland=function(){for(var t=0;t<this.m_contacts.length;++t){var e=this.m_contacts[t];this.m_world.postSolve(e,e.m_impulse)}},e}();Ke.TimeStep=Oe;var Ze,Qe,ti,ei=function(){function t(t,e,i,o){"object"==typeof t&&null!==t?(this.ex=_.clone(t),this.ey=_.clone(e)):"number"==typeof t?(this.ex=_.neo(t,i),this.ey=_.neo(e,o)):(this.ex=_.zero(),this.ey=_.zero())}return t.prototype.toString=function(){return JSON.stringify(this)},t.isValid=function(t){return null!=t&&_.isValid(t.ex)&&_.isValid(t.ey)},t.assert=function(t){},t.prototype.set=function(t,e,i,o){"number"==typeof t&&"number"==typeof e&&"number"==typeof i&&"number"==typeof o?(this.ex.setNum(t,i),this.ey.setNum(e,o)):"object"==typeof t&&"object"==typeof e?(this.ex.setVec2(t),this.ey.setVec2(e)):"object"==typeof t&&(this.ex.setVec2(t.ex),this.ey.setVec2(t.ey))},t.prototype.setIdentity=function(){this.ex.x=1,this.ey.x=0,this.ex.y=0,this.ey.y=1},t.prototype.setZero=function(){this.ex.x=0,this.ey.x=0,this.ex.y=0,this.ey.y=0},t.prototype.getInverse=function(){var e=this.ex.x,i=this.ey.x,o=this.ex.y,n=this.ey.y,r=e*n-i*o;0!==r&&(r=1/r);var s=new t;return s.ex.x=r*n,s.ey.x=-r*i,s.ex.y=-r*o,s.ey.y=r*e,s},t.prototype.solve=function(t){var e=this.ex.x,i=this.ey.x,o=this.ex.y,n=this.ey.y,r=e*n-i*o;0!==r&&(r=1/r);var s=_.zero();return s.x=r*(n*t.x-i*t.y),s.y=r*(e*t.y-o*t.x),s},t.mul=function(e,i){if(i&&"x"in i&&"y"in i){var o=e.ex.x*i.x+e.ey.x*i.y,n=e.ex.y*i.x+e.ey.y*i.y;return _.neo(o,n)}if(i&&"ex"in i&&"ey"in i)return new t(e.ex.x*i.ex.x+e.ey.x*i.ex.y,e.ex.x*i.ey.x+e.ey.x*i.ey.y,e.ex.y*i.ex.x+e.ey.y*i.ex.y,e.ex.y*i.ey.x+e.ey.y*i.ey.y)},t.mulVec2=function(t,e){var i=t.ex.x*e.x+t.ey.x*e.y,o=t.ex.y*e.x+t.ey.y*e.y;return _.neo(i,o)},t.mulMat22=function(e,i){return new t(e.ex.x*i.ex.x+e.ey.x*i.ex.y,e.ex.x*i.ey.x+e.ey.x*i.ey.y,e.ex.y*i.ex.x+e.ey.y*i.ex.y,e.ex.y*i.ey.x+e.ey.y*i.ey.y)},t.mulT=function(e,i){return i&&"x"in i&&"y"in i?_.neo(_.dot(i,e.ex),_.dot(i,e.ey)):i&&"ex"in i&&"ey"in i?new t(_.neo(_.dot(e.ex,i.ex),_.dot(e.ey,i.ex)),_.neo(_.dot(e.ex,i.ey),_.dot(e.ey,i.ey))):void 0},t.mulTVec2=function(t,e){return _.neo(_.dot(e,t.ex),_.dot(e,t.ey))},t.mulTMat22=function(e,i){return new t(_.neo(_.dot(e.ex,i.ex),_.dot(e.ey,i.ex)),_.neo(_.dot(e.ex,i.ey),_.dot(e.ey,i.ey)))},t.abs=function(e){return new t(_.abs(e.ex),_.abs(e.ey))},t.add=function(e,i){return new t(_.add(e.ex,i.ex),_.add(e.ey,i.ey))},t}(),ii=Math.sqrt,oi=N(0,0),ni=N(0,0),ri=N(0,0),si=N(0,0),ai=N(0,0),ci=N(0,0),li=N(0,0),hi=N(0,0);t.ManifoldType=void 0,(Ze=t.ManifoldType||(t.ManifoldType={}))[Ze.e_unset=-1]="e_unset",Ze[Ze.e_circles=0]="e_circles",Ze[Ze.e_faceA=1]="e_faceA",Ze[Ze.e_faceB=2]="e_faceB",t.ContactFeatureType=void 0,(Qe=t.ContactFeatureType||(t.ContactFeatureType={}))[Qe.e_unset=-1]="e_unset",Qe[Qe.e_vertex=0]="e_vertex",Qe[Qe.e_face=1]="e_face",t.PointState=void 0,(ti=t.PointState||(t.PointState={}))[ti.nullState=0]="nullState",ti[ti.addState=1]="addState",ti[ti.persistState=2]="persistState",ti[ti.removeState=3]="removeState";var ui=function(){function t(){this.v=N(0,0),this.id=new pi}return t.prototype.set=function(t){k(this.v,t.v),this.id.set(t.id)},t.prototype.recycle=function(){V(this.v),this.id.recycle()},t}(),mi=function(){function e(){this.localNormal=N(0,0),this.localPoint=N(0,0),this.points=[new di,new di],this.pointCount=0}return e.prototype.set=function(t){this.type=t.type,k(this.localNormal,t.localNormal),k(this.localPoint,t.localPoint),this.pointCount=t.pointCount,this.points[0].set(t.points[0]),this.points[1].set(t.points[1])},e.prototype.recycle=function(){this.type=t.ManifoldType.e_unset,V(this.localNormal),V(this.localPoint),this.pointCount=0,this.points[0].recycle(),this.points[1].recycle()},e.prototype.getWorldManifold=function(e,i,o,n,r){if(0==this.pointCount)return e;(e=e||new _i).pointCount=this.pointCount;var s=e.normal,a=e.points,c=e.separations;switch(this.type){case t.ManifoldType.e_circles:D(s,1,0);var l=this.points[0];at(oi,i,this.localPoint),at(ni,n,l.localPoint),H(ci,ni,oi);var h=tt(ci);h>1e-18&&U(s,1/ii(h),ci),X(si,1,oi,o,s),X(ai,1,ni,-r,s),X(a[0],.5,si,.5,ai),c[0]=Q(H(ri,ai,si),s);break;case t.ManifoldType.e_faceA:ot(s,i.q,this.localNormal),at(li,i,this.localPoint);for(var u=0;u<this.pointCount;++u)l=this.points[u],at(hi,n,l.localPoint),X(si,1,hi,o-Q(H(ri,hi,li),s),s),X(ai,1,hi,-r,s),X(a[u],.5,si,.5,ai),c[u]=Q(H(ri,ai,si),s);break;case t.ManifoldType.e_faceB:for(ot(s,n.q,this.localNormal),at(li,n,this.localPoint),u=0;u<this.pointCount;++u)l=this.points[u],at(hi,i,l.localPoint),X(ai,1,hi,r-Q(H(ri,hi,li),s),s),X(si,1,hi,-o,s),X(a[u],.5,si,.5,ai),c[u]=Q(H(ri,si,ai),s);G(s)}return e},e.clipSegmentToLine=yi,e.ClipVertex=ui,e.getPointStates=fi,e.PointState=t.PointState,e}(),di=function(){function t(){this.localPoint=N(0,0),this.normalImpulse=0,this.tangentImpulse=0,this.id=new pi}return t.prototype.set=function(t){k(this.localPoint,t.localPoint),this.normalImpulse=t.normalImpulse,this.tangentImpulse=t.tangentImpulse,this.id.set(t.id)},t.prototype.recycle=function(){V(this.localPoint),this.normalImpulse=0,this.tangentImpulse=0,this.id.recycle()},t}(),pi=function(){function e(){this.key=-1,this.indexA=-1,this.indexB=-1,this.typeA=t.ContactFeatureType.e_unset,this.typeB=t.ContactFeatureType.e_unset}return e.prototype.setFeatures=function(t,e,i,o){this.indexA=t,this.indexB=i,this.typeA=e,this.typeB=o,this.key=this.indexA+4*this.indexB+16*this.typeA+64*this.typeB},e.prototype.set=function(t){this.indexA=t.indexA,this.indexB=t.indexB,this.typeA=t.typeA,this.typeB=t.typeB,this.key=this.indexA+4*this.indexB+16*this.typeA+64*this.typeB},e.prototype.swapFeatures=function(){var t=this.indexA,e=this.indexB,i=this.typeA,o=this.typeB;this.indexA=e,this.indexB=t,this.typeA=o,this.typeB=i,this.key=this.indexA+4*this.indexB+16*this.typeA+64*this.typeB},e.prototype.recycle=function(){this.indexA=0,this.indexB=0,this.typeA=t.ContactFeatureType.e_unset,this.typeB=t.ContactFeatureType.e_unset,this.key=-1},e}(),_i=function(){function t(){this.normal=N(0,0),this.points=[N(0,0),N(0,0)],this.separations=[0,0],this.pointCount=0}return t.prototype.recycle=function(){V(this.normal),V(this.points[0]),V(this.points[1]),this.separations[0]=0,this.separations[1]=0,this.pointCount=0},t}();function fi(e,i,o,n){for(var r=0;r<o.pointCount;++r){var s=o.points[r].id;e[r]=t.PointState.removeState;for(var a=0;a<n.pointCount;++a)if(n.points[a].id.key===s.key){e[r]=t.PointState.persistState;break}}for(r=0;r<n.pointCount;++r)for(s=n.points[r].id,i[r]=t.PointState.addState,a=0;a<o.pointCount;++a)if(o.points[a].id.key===s.key){i[r]=t.PointState.persistState;break}}function yi(e,i,o,n,r){var s=0,a=Q(o,i[0].v)-n,c=Q(o,i[1].v)-n;if(a<=0&&e[s++].set(i[0]),c<=0&&e[s++].set(i[1]),a*c<0){var l=a/(a-c);X(e[s].v,1-l,i[0].v,l,i[1].v),e[s].id.setFeatures(r,t.ContactFeatureType.e_vertex,i[0].id.indexB,t.ContactFeatureType.e_face),++s}return s}var wi=Math.sqrt,gi=Math.max,vi=Math.min,xi=new b({create:function(){return new io},release:function(t){t.recycle()}}),bi=new mi,Ai=new _i,Ci=function(){function t(t){this.prev=null,this.next=null,this.other=null,this.contact=t}return t.prototype.recycle=function(){this.prev=null,this.next=null,this.other=null},t}();function Si(t,e){return wi(t*e)}function Ri(t,e){return t>e?t:e}var Ei,Ti=[],Ii=function(){function t(){this.rA=N(0,0),this.rB=N(0,0),this.normalImpulse=0,this.tangentImpulse=0,this.normalMass=0,this.tangentMass=0,this.velocityBias=0}return t.prototype.recycle=function(){V(this.rA),V(this.rB),this.normalImpulse=0,this.tangentImpulse=0,this.normalMass=0,this.tangentMass=0,this.velocityBias=0},t}(),Mi=N(0,0),Bi=N(0,0),Fi=N(0,0),Pi=N(0,0),Li=N(0,0),Ni=rt(0,0,0),Di=rt(0,0,0),ki=N(0,0),Vi=N(0,0),Gi=N(0,0),Oi=N(0,0),zi=N(0,0),Hi=N(0,0),qi=N(0,0),Ui=N(0,0),ji=N(0,0),Wi=N(0,0),Xi=N(0,0),Yi=N(0,0),Ji=N(0,0),$i=N(0,0),Ki=N(0,0),Zi=N(0,0),Qi=N(0,0),to=N(0,0),eo=N(0,0),io=function(){function e(){this.m_nodeA=new Ci(this),this.m_nodeB=new Ci(this),this.m_fixtureA=null,this.m_fixtureB=null,this.m_indexA=-1,this.m_indexB=-1,this.m_evaluateFcn=null,this.m_manifold=new mi,this.m_prev=null,this.m_next=null,this.m_toi=1,this.m_toiCount=0,this.m_toiFlag=!1,this.m_friction=0,this.m_restitution=0,this.m_tangentSpeed=0,this.m_enabledFlag=!0,this.m_islandFlag=!1,this.m_touchingFlag=!1,this.m_filterFlag=!1,this.m_bulletHitFlag=!1,this.m_impulse=new $e(this),this.v_points=[new Ii,new Ii],this.v_normal=N(0,0),this.v_normalMass=new ei,this.v_K=new ei,this.v_pointCount=0,this.v_tangentSpeed=0,this.v_friction=0,this.v_restitution=0,this.v_invMassA=0,this.v_invMassB=0,this.v_invIA=0,this.v_invIB=0,this.p_localPoints=[N(0,0),N(0,0)],this.p_localNormal=N(0,0),this.p_localPoint=N(0,0),this.p_localCenterA=N(0,0),this.p_localCenterB=N(0,0),this.p_type=t.ManifoldType.e_unset,this.p_radiusA=0,this.p_radiusB=0,this.p_pointCount=0,this.p_invMassA=0,this.p_invMassB=0,this.p_invIA=0,this.p_invIB=0}return e.prototype.initialize=function(t,e,i,o,n){this.m_fixtureA=t,this.m_fixtureB=i,this.m_indexA=e,this.m_indexB=o,this.m_evaluateFcn=n,this.m_friction=Si(this.m_fixtureA.m_friction,this.m_fixtureB.m_friction),this.m_restitution=Ri(this.m_fixtureA.m_restitution,this.m_fixtureB.m_restitution)},e.prototype.recycle=function(){this.m_nodeA.recycle(),this.m_nodeB.recycle(),this.m_fixtureA=null,this.m_fixtureB=null,this.m_indexA=-1,this.m_indexB=-1,this.m_evaluateFcn=null,this.m_manifold.recycle(),this.m_prev=null,this.m_next=null,this.m_toi=1,this.m_toiCount=0,this.m_toiFlag=!1,this.m_friction=0,this.m_restitution=0,this.m_tangentSpeed=0,this.m_enabledFlag=!0,this.m_islandFlag=!1,this.m_touchingFlag=!1,this.m_filterFlag=!1,this.m_bulletHitFlag=!1,this.m_impulse.recycle();for(var e=0,i=this.v_points;e<i.length;e++)i[e].recycle();V(this.v_normal),this.v_normalMass.setZero(),this.v_K.setZero(),this.v_pointCount=0,this.v_tangentSpeed=0,this.v_friction=0,this.v_restitution=0,this.v_invMassA=0,this.v_invMassB=0,this.v_invIA=0,this.v_invIB=0;for(var o=0,n=this.p_localPoints;o<n.length;o++)V(n[o]);V(this.p_localNormal),V(this.p_localPoint),V(this.p_localCenterA),V(this.p_localCenterB),this.p_type=t.ManifoldType.e_unset,this.p_radiusA=0,this.p_radiusB=0,this.p_pointCount=0,this.p_invMassA=0,this.p_invMassB=0,this.p_invIA=0,this.p_invIB=0},e.prototype.initConstraint=function(t){var e=this.m_fixtureA,i=this.m_fixtureB;if(null!==e&&null!==i){var o=e.m_body,n=i.m_body;if(null!==o&&null!==n){var r=e.m_shape,s=i.m_shape;if(null!==r&&null!==s){var a=this.m_manifold,c=a.pointCount;this.v_invMassA=o.m_invMass,this.v_invMassB=n.m_invMass,this.v_invIA=o.m_invI,this.v_invIB=n.m_invI,this.v_friction=this.m_friction,this.v_restitution=this.m_restitution,this.v_tangentSpeed=this.m_tangentSpeed,this.v_pointCount=c,this.v_K.setZero(),this.v_normalMass.setZero(),this.p_invMassA=o.m_invMass,this.p_invMassB=n.m_invMass,this.p_invIA=o.m_invI,this.p_invIB=n.m_invI,k(this.p_localCenterA,o.m_sweep.localCenter),k(this.p_localCenterB,n.m_sweep.localCenter),this.p_radiusA=r.m_radius,this.p_radiusB=s.m_radius,this.p_type=a.type,k(this.p_localNormal,a.localNormal),k(this.p_localPoint,a.localPoint),this.p_pointCount=c;for(var l=0;l<x.maxManifoldPoints;++l)this.v_points[l].recycle(),V(this.p_localPoints[l]);for(l=0;l<c;++l){var h=a.points[l],u=this.v_points[l];t.warmStarting&&(u.normalImpulse=t.dtRatio*h.normalImpulse,u.tangentImpulse=t.dtRatio*h.tangentImpulse),k(this.p_localPoints[l],h.localPoint)}}}}},e.prototype.getManifold=function(){return this.m_manifold},e.prototype.getWorldManifold=function(t){var e=this.m_fixtureA,i=this.m_fixtureB;if(null!==e&&null!==i){var o=e.m_body,n=i.m_body;if(null!==o&&null!==n){var r=e.m_shape,s=i.m_shape;if(null!==r&&null!==s)return this.m_manifold.getWorldManifold(t,o.getTransform(),r.m_radius,n.getTransform(),s.m_radius)}}},e.prototype.setEnabled=function(t){this.m_enabledFlag=!!t},e.prototype.isEnabled=function(){return this.m_enabledFlag},e.prototype.isTouching=function(){return this.m_touchingFlag},e.prototype.getNext=function(){return this.m_next},e.prototype.getFixtureA=function(){return this.m_fixtureA},e.prototype.getFixtureB=function(){return this.m_fixtureB},e.prototype.getChildIndexA=function(){return this.m_indexA},e.prototype.getChildIndexB=function(){return this.m_indexB},e.prototype.flagForFiltering=function(){this.m_filterFlag=!0},e.prototype.setFriction=function(t){this.m_friction=t},e.prototype.getFriction=function(){return this.m_friction},e.prototype.resetFriction=function(){var t=this.m_fixtureA,e=this.m_fixtureB;null!==t&&null!==e&&(this.m_friction=Si(t.m_friction,e.m_friction))},e.prototype.setRestitution=function(t){this.m_restitution=t},e.prototype.getRestitution=function(){return this.m_restitution},e.prototype.resetRestitution=function(){var t=this.m_fixtureA,e=this.m_fixtureB;null!==t&&null!==e&&(this.m_restitution=Ri(t.m_restitution,e.m_restitution))},e.prototype.setTangentSpeed=function(t){this.m_tangentSpeed=t},e.prototype.getTangentSpeed=function(){return this.m_tangentSpeed},e.prototype.evaluate=function(t,e,i){var o=this.m_fixtureA,n=this.m_fixtureB;null!==o&&null!==n&&this.m_evaluateFcn(t,e,o,this.m_indexA,i,n,this.m_indexB)},e.prototype.update=function(t){var e=this.m_fixtureA,i=this.m_fixtureB;if(null!==e&&null!==i){var o=e.m_body,n=i.m_body;if(null!==o&&null!==n){var r=e.m_shape,s=i.m_shape;if(null!==r&&null!==s){this.m_enabledFlag=!0;var a=!1,c=this.m_touchingFlag,l=e.m_isSensor,h=i.m_isSensor,u=l||h,m=o.m_xf,d=n.m_xf;if(u)a=me(r,this.m_indexA,s,this.m_indexB,m,d),this.m_manifold.pointCount=0;else{bi.recycle(),bi.set(this.m_manifold),this.m_manifold.recycle(),this.evaluate(this.m_manifold,m,d),a=this.m_manifold.pointCount>0;for(var p=0;p<this.m_manifold.pointCount;++p){var _=this.m_manifold.points[p];_.normalImpulse=0,_.tangentImpulse=0;for(var f=0;f<bi.pointCount;++f){var y=bi.points[f];if(y.id.key===_.id.key){_.normalImpulse=y.normalImpulse,_.tangentImpulse=y.tangentImpulse;break}}}a!==c&&(o.setAwake(!0),n.setAwake(!0))}this.m_touchingFlag=a;var w="object"==typeof t&&null!==t;!c&&a&&w&&t.beginContact(this),c&&!a&&w&&t.endContact(this),!u&&a&&w&&bi&&t.preSolve(this,bi)}}}},e.prototype.solvePositionConstraint=function(t){return this._solvePositionConstraint(t,null,null)},e.prototype.solvePositionConstraintTOI=function(t,e,i){return this._solvePositionConstraint(t,e,i)},e.prototype._solvePositionConstraint=function(e,i,o){var n=null!==i&&null!==o,r=0,s=this.m_fixtureA,a=this.m_fixtureB;if(null===s||null===a)return r;var c=s.m_body,h=a.m_body;if(null===c||null===h)return r;c.c_velocity,h.c_velocity;var u=c.c_position,m=h.c_position,d=this.p_localCenterA,p=this.p_localCenterB,_=0,f=0;n&&c!==i&&c!==o||(_=this.p_invMassA,f=this.p_invIA);var y=0,w=0;n&&h!==i&&h!==o||(y=this.p_invMassB,w=this.p_invIB),k(Mi,u.c);var g=u.a;k(Fi,m.c);for(var v=m.a,b=0;b<this.p_pointCount;++b){Ct(Ni,d,Mi,g),Ct(Di,p,Fi,v);var A=void 0;switch(this.p_type){case t.ManifoldType.e_circles:at(ki,Ni,this.p_localPoint),at(Vi,Di,this.p_localPoints[0]),H(Ui,Vi,ki),J(Ui),X(ji,.5,ki,.5,Vi),A=Q(Vi,Ui)-Q(ki,Ui)-this.p_radiusA-this.p_radiusB;break;case t.ManifoldType.e_faceA:ot(Ui,Ni.q,this.p_localNormal),at(Oi,Ni,this.p_localPoint),at(Gi,Di,this.p_localPoints[b]),A=Q(Gi,Ui)-Q(Oi,Ui)-this.p_radiusA-this.p_radiusB,k(ji,Gi);break;case t.ManifoldType.e_faceB:ot(Ui,Di.q,this.p_localNormal),at(Oi,Di,this.p_localPoint),at(Gi,Ni,this.p_localPoints[b]),A=Q(Gi,Ui)-Q(Oi,Ui)-this.p_radiusA-this.p_radiusB,k(ji,Gi),G(Ui);break;default:return r}H(zi,ji,Mi),H(Hi,ji,Fi),r=vi(r,A);var C=l((n?x.toiBaugarte:x.baumgarte)*(A+x.linearSlop),-x.maxLinearCorrection,0),S=Z(zi,Ui),R=Z(Hi,Ui),E=_+y+f*S*S+w*R*R;U(qi,E>0?-C/E:0,Ui),W(Mi,_,qi),g-=f*Z(zi,qi),j(Fi,y,qi),v+=w*Z(Hi,qi)}return k(u.c,Mi),u.a=g,k(m.c,Fi),m.a=v,r},e.prototype.initVelocityConstraint=function(t){var e=this.m_fixtureA,i=this.m_fixtureB;if(null!==e&&null!==i){var o=e.m_body,n=i.m_body;if(null!==o&&null!==n){var r=o.c_velocity,s=n.c_velocity,a=o.c_position,c=n.c_position,l=this.p_radiusA,h=this.p_radiusB,u=this.m_manifold,m=this.v_invMassA,d=this.v_invMassB,p=this.v_invIA,_=this.v_invIB,f=this.p_localCenterA,y=this.p_localCenterB;k(Mi,a.c);var w=a.a;k(Bi,r.v);var g=r.w;k(Fi,c.c);var v=c.a;k(Pi,s.v);var b=s.w;Ct(Ni,f,Mi,w),Ct(Di,y,Fi,v),Ai.recycle(),u.getWorldManifold(Ai,Ni,l,Di,h),k(this.v_normal,Ai.normal);for(var A=0;A<this.v_pointCount;++A){var C=this.v_points[A],S=Ai.points[A];H(C.rA,S,Mi),H(C.rB,S,Fi);var R=Z(C.rA,this.v_normal),E=Z(C.rB,this.v_normal),T=m+d+p*R*R+_*E*E;C.normalMass=T>0?1/T:0,$(Li,this.v_normal,1);var I=Z(C.rA,Li),M=Z(C.rB,Li),B=m+d+p*I*I+_*M*M;C.tangentMass=B>0?1/B:0,C.velocityBias=0;var F=0;F+=Q(this.v_normal,Pi),F+=Q(this.v_normal,K(eo,b,C.rB)),F-=Q(this.v_normal,Bi),(F-=Q(this.v_normal,K(eo,g,C.rA)))<-x.velocityThreshold&&(C.velocityBias=-this.v_restitution*F)}if(2==this.v_pointCount&&t.blockSolve){var P=this.v_points[0],L=this.v_points[1],N=Z(P.rA,this.v_normal),D=Z(P.rB,this.v_normal),V=Z(L.rA,this.v_normal),G=Z(L.rB,this.v_normal),O=m+d+p*N*N+_*D*D,z=m+d+p*V*V+_*G*G,q=m+d+p*N*V+_*D*G;if(O*O<1e3*(O*z-q*q)){this.v_K.ex.setNum(O,q),this.v_K.ey.setNum(q,z);var U=this.v_K.ex.x,j=this.v_K.ey.x,W=this.v_K.ex.y,X=this.v_K.ey.y,Y=U*X-j*W;0!==Y&&(Y=1/Y),this.v_normalMass.ex.x=Y*X,this.v_normalMass.ey.x=-Y*j,this.v_normalMass.ex.y=-Y*W,this.v_normalMass.ey.y=Y*U}else this.v_pointCount=1}k(a.c,Mi),a.a=w,k(r.v,Bi),r.w=g,k(c.c,Fi),c.a=v,k(s.v,Pi),s.w=b}}},e.prototype.warmStartConstraint=function(t){var e=this.m_fixtureA,i=this.m_fixtureB;if(null!==e&&null!==i){var o=e.m_body,n=i.m_body;if(null!==o&&null!==n){var r=o.c_velocity,s=n.c_velocity;o.c_position,n.c_position;var a=this.v_invMassA,c=this.v_invIA,l=this.v_invMassB,h=this.v_invIB;k(Bi,r.v);var u=r.w;k(Pi,s.v);var m=s.w;k(Ui,this.v_normal),$(Li,Ui,1);for(var d=0;d<this.v_pointCount;++d){var p=this.v_points[d];X(qi,p.normalImpulse,Ui,p.tangentImpulse,Li),u-=c*Z(p.rA,qi),W(Bi,a,qi),m+=h*Z(p.rB,qi),j(Pi,l,qi)}k(r.v,Bi),r.w=u,k(s.v,Pi),s.w=m}}},e.prototype.storeConstraintImpulses=function(t){for(var e=this.m_manifold,i=0;i<this.v_pointCount;++i)e.points[i].normalImpulse=this.v_points[i].normalImpulse,e.points[i].tangentImpulse=this.v_points[i].tangentImpulse},e.prototype.solveVelocityConstraint=function(t){var e=this.m_fixtureA,i=this.m_fixtureB;if(null!==e&&null!==i){var o=e.m_body,n=i.m_body;if(null!==o&&null!==n){var r=o.c_velocity;o.c_position;var s=n.c_velocity;n.c_position;var a=this.v_invMassA,c=this.v_invIA,h=this.v_invMassB,u=this.v_invIB;k(Bi,r.v);var m=r.w;k(Pi,s.v);var d=s.w;k(Ui,this.v_normal),$(Li,Ui,1);for(var p=this.v_friction,_=0;_<this.v_pointCount;++_){var f=this.v_points[_];V(Wi),O(Wi,Pi),O(Wi,K(eo,d,f.rB)),z(Wi,Bi),z(Wi,K(eo,m,f.rA));var y=Q(Wi,Li)-this.v_tangentSpeed,w=f.tangentMass*-y,g=p*f.normalImpulse;w=(x=l(f.tangentImpulse+w,-g,g))-f.tangentImpulse,f.tangentImpulse=x,U(qi,w,Li),W(Bi,a,qi),m-=c*Z(f.rA,qi),j(Pi,h,qi),d+=u*Z(f.rB,qi)}if(1==this.v_pointCount||0==t.blockSolve)for(var v=0;v<this.v_pointCount;++v){f=this.v_points[v],V(Wi),O(Wi,Pi),O(Wi,K(eo,d,f.rB)),z(Wi,Bi),z(Wi,K(eo,m,f.rA));var x,b=Q(Wi,Ui);w=-f.normalMass*(b-f.velocityBias),w=(x=gi(f.normalImpulse+w,0))-f.normalImpulse,f.normalImpulse=x,U(qi,w,Ui),W(Bi,a,qi),m-=c*Z(f.rA,qi),j(Pi,h,qi),d+=u*Z(f.rB,qi)}else{var A=this.v_points[0],C=this.v_points[1];D($i,A.normalImpulse,C.normalImpulse),V(Xi),O(Xi,Pi),O(Xi,K(eo,d,A.rB)),z(Xi,Bi),z(Xi,K(eo,m,A.rA)),V(Yi),O(Yi,Pi),O(Yi,K(eo,d,C.rB)),z(Yi,Bi),z(Yi,K(eo,m,C.rA));var S=Q(Xi,Ui),R=Q(Yi,Ui);for(D(Ji,S-A.velocityBias,R-C.velocityBias),Ji.x-=this.v_K.ex.x*$i.x+this.v_K.ey.x*$i.y,Ji.y-=this.v_K.ex.y*$i.x+this.v_K.ey.y*$i.y;;){if(V(Ki),Ki.x=-(this.v_normalMass.ex.x*Ji.x+this.v_normalMass.ey.x*Ji.y),Ki.y=-(this.v_normalMass.ex.y*Ji.x+this.v_normalMass.ey.y*Ji.y),Ki.x>=0&&Ki.y>=0){H(Zi,Ki,$i),U(Qi,Zi.x,Ui),U(to,Zi.y,Ui),Y(Bi,-a,Qi,-a,to,1,Bi),m-=c*(Z(A.rA,Qi)+Z(C.rA,to)),Y(Pi,h,Qi,h,to,1,Pi),d+=u*(Z(A.rB,Qi)+Z(C.rB,to)),A.normalImpulse=Ki.x,C.normalImpulse=Ki.y;break}if(Ki.x=-A.normalMass*Ji.x,Ki.y=0,S=0,R=this.v_K.ex.y*Ki.x+Ji.y,Ki.x>=0&&R>=0){H(Zi,Ki,$i),U(Qi,Zi.x,Ui),U(to,Zi.y,Ui),Y(Bi,-a,Qi,-a,to,1,Bi),m-=c*(Z(A.rA,Qi)+Z(C.rA,to)),Y(Pi,h,Qi,h,to,1,Pi),d+=u*(Z(A.rB,Qi)+Z(C.rB,to)),A.normalImpulse=Ki.x,C.normalImpulse=Ki.y;break}if(Ki.x=0,Ki.y=-C.normalMass*Ji.y,S=this.v_K.ey.x*Ki.y+Ji.x,R=0,Ki.y>=0&&S>=0){H(Zi,Ki,$i),U(Qi,Zi.x,Ui),U(to,Zi.y,Ui),Y(Bi,-a,Qi,-a,to,1,Bi),m-=c*(Z(A.rA,Qi)+Z(C.rA,to)),Y(Pi,h,Qi,h,to,1,Pi),d+=u*(Z(A.rB,Qi)+Z(C.rB,to)),A.normalImpulse=Ki.x,C.normalImpulse=Ki.y;break}if(Ki.x=0,Ki.y=0,S=Ji.x,R=Ji.y,S>=0&&R>=0){H(Zi,Ki,$i),U(Qi,Zi.x,Ui),U(to,Zi.y,Ui),Y(Bi,-a,Qi,-a,to,1,Bi),m-=c*(Z(A.rA,Qi)+Z(C.rA,to)),Y(Pi,h,Qi,h,to,1,Pi),d+=u*(Z(A.rB,Qi)+Z(C.rB,to)),A.normalImpulse=Ki.x,C.normalImpulse=Ki.y;break}break}}k(r.v,Bi),r.w=m,k(s.v,Pi),s.w=d}}},e.addType=function(t,e,i){Ti[t]=Ti[t]||{},Ti[t][e]=i},e.create=function(t,e,i,o){var n,r=t.m_shape.m_type,s=i.m_shape.m_type,a=xi.allocate();if(n=Ti[r]&&Ti[r][s])a.initialize(t,e,i,o,n);else{if(!(n=Ti[s]&&Ti[s][r]))return null;a.initialize(i,o,t,e,n)}t=a.m_fixtureA,i=a.m_fixtureB,e=a.getChildIndexA(),o=a.getChildIndexB();var c=t.m_body,l=i.m_body;return a.m_nodeA.contact=a,a.m_nodeA.other=l,a.m_nodeA.prev=null,a.m_nodeA.next=c.m_contactList,null!=c.m_contactList&&(c.m_contactList.prev=a.m_nodeA),c.m_contactList=a.m_nodeA,a.m_nodeB.contact=a,a.m_nodeB.other=c,a.m_nodeB.prev=null,a.m_nodeB.next=l.m_contactList,null!=l.m_contactList&&(l.m_contactList.prev=a.m_nodeB),l.m_contactList=a.m_nodeB,0==t.isSensor()&&0==i.isSensor()&&(c.setAwake(!0),l.setAwake(!0)),a},e.destroy=function(t,e){var i=t.m_fixtureA,o=t.m_fixtureB;if(null!==i&&null!==o){var n=i.m_body,r=o.m_body;null!==n&&null!==r&&(t.isTouching()&&e.endContact(t),t.m_nodeA.prev&&(t.m_nodeA.prev.next=t.m_nodeA.next),t.m_nodeA.next&&(t.m_nodeA.next.prev=t.m_nodeA.prev),t.m_nodeA==n.m_contactList&&(n.m_contactList=t.m_nodeA.next),t.m_nodeB.prev&&(t.m_nodeB.prev.next=t.m_nodeB.next),t.m_nodeB.next&&(t.m_nodeB.next.prev=t.m_nodeB.prev),t.m_nodeB==r.m_contactList&&(r.m_contactList=t.m_nodeB.next),t.m_manifold.pointCount>0&&!i.m_isSensor&&!o.m_isSensor&&(n.setAwake(!0),r.setAwake(!0)),xi.release(t))}},e}(),oo={gravity:_.zero(),allowSleep:!0,warmStarting:!0,continuousPhysics:!0,subStepping:!1,blockSolve:!0,velocityIterations:8,positionIterations:3},no=function(){function t(e){if(!(this instanceof t))return new t(e);this.s_step=new Oe,e?_.isValid(e)&&(e={gravity:e}):e={},e=n(e,oo),this.m_solver=new Ke(this),this.m_broadPhase=new B,this.m_contactList=null,this.m_contactCount=0,this.m_bodyList=null,this.m_bodyCount=0,this.m_jointList=null,this.m_jointCount=0,this.m_stepComplete=!0,this.m_allowSleep=e.allowSleep,this.m_gravity=_.clone(e.gravity),this.m_clearForces=!0,this.m_newFixture=!1,this.m_locked=!1,this.m_warmStarting=e.warmStarting,this.m_continuousPhysics=e.continuousPhysics,this.m_subStepping=e.subStepping,this.m_blockSolve=e.blockSolve,this.m_velocityIterations=e.velocityIterations,this.m_positionIterations=e.positionIterations,this.m_t=0}return t.prototype._serialize=function(){for(var t=[],e=[],i=this.getBodyList();i;i=i.getNext())t.push(i);for(var o=this.getJointList();o;o=o.getNext())"function"==typeof o._serialize&&e.push(o);return{gravity:this.m_gravity,bodies:t,joints:e}},t._deserialize=function(e,i,o){if(!e)return new t;var n=new t(e.gravity);if(e.bodies)for(var r=e.bodies.length-1;r>=0;r-=1)n._addBody(o(zt,e.bodies[r],n));if(e.joints)for(r=e.joints.length-1;r>=0;r--)n.createJoint(o(qt,e.joints[r],n));return n},t.prototype.getBodyList=function(){return this.m_bodyList},t.prototype.getJointList=function(){return this.m_jointList},t.prototype.getContactList=function(){return this.m_contactList},t.prototype.getBodyCount=function(){return this.m_bodyCount},t.prototype.getJointCount=function(){return this.m_jointCount},t.prototype.getContactCount=function(){return this.m_contactCount},t.prototype.setGravity=function(t){this.m_gravity.set(t)},t.prototype.getGravity=function(){return this.m_gravity},t.prototype.isLocked=function(){return this.m_locked},t.prototype.setAllowSleeping=function(t){if(t!=this.m_allowSleep&&(this.m_allowSleep=t,0==this.m_allowSleep))for(var e=this.m_bodyList;e;e=e.m_next)e.setAwake(!0)},t.prototype.getAllowSleeping=function(){return this.m_allowSleep},t.prototype.setWarmStarting=function(t){this.m_warmStarting=t},t.prototype.getWarmStarting=function(){return this.m_warmStarting},t.prototype.setContinuousPhysics=function(t){this.m_continuousPhysics=t},t.prototype.getContinuousPhysics=function(){return this.m_continuousPhysics},t.prototype.setSubStepping=function(t){this.m_subStepping=t},t.prototype.getSubStepping=function(){return this.m_subStepping},t.prototype.setAutoClearForces=function(t){this.m_clearForces=t},t.prototype.getAutoClearForces=function(){return this.m_clearForces},t.prototype.clearForces=function(){for(var t=this.m_bodyList;t;t=t.getNext())t.m_force.setZero(),t.m_torque=0},t.prototype.queryAABB=function(t,e){var i=this.m_broadPhase;this.m_broadPhase.query(t,function(t){var o=i.getUserData(t);return e(o.fixture)})},t.prototype.rayCast=function(t,e,i){var o=this.m_broadPhase;this.m_broadPhase.rayCast({maxFraction:1,p1:t,p2:e},function(t,e){var n=o.getUserData(e),r=n.fixture,s=n.childIndex,a={};if(r.rayCast(a,t,s)){var c=a.fraction,l=_.add(_.mulNumVec2(1-c,t.p1),_.mulNumVec2(c,t.p2));return i(r,l,a.normal,c)}return t.maxFraction})},t.prototype.getProxyCount=function(){return this.m_broadPhase.getProxyCount()},t.prototype.getTreeHeight=function(){return this.m_broadPhase.getTreeHeight()},t.prototype.getTreeBalance=function(){return this.m_broadPhase.getTreeBalance()},t.prototype.getTreeQuality=function(){return this.m_broadPhase.getTreeQuality()},t.prototype.shiftOrigin=function(t){if(!this.m_locked){for(var e=this.m_bodyList;e;e=e.m_next)e.m_xf.p.sub(t),e.m_sweep.c0.sub(t),e.m_sweep.c.sub(t);for(var i=this.m_jointList;i;i=i.m_next)i.shiftOrigin(t);this.m_broadPhase.shiftOrigin(t)}},t.prototype._addBody=function(t){this.isLocked()||(t.m_prev=null,t.m_next=this.m_bodyList,this.m_bodyList&&(this.m_bodyList.m_prev=t),this.m_bodyList=t,++this.m_bodyCount)},t.prototype.createBody=function(t,e){if(this.isLocked())return null;var i={};t&&(_.isValid(t)?i={position:t,angle:e}:"object"==typeof t&&(i=t));var o=new zt(this,i);return this._addBody(o),o},t.prototype.createDynamicBody=function(t,e){var i={};return t&&(_.isValid(t)?i={position:t,angle:e}:"object"==typeof t&&(i=t)),i.type="dynamic",this.createBody(i)},t.prototype.createKinematicBody=function(t,e){var i={};return t&&(_.isValid(t)?i={position:t,angle:e}:"object"==typeof t&&(i=t)),i.type="kinematic",this.createBody(i)},t.prototype.destroyBody=function(t){if(!this.isLocked()){if(t.m_destroyed)return!1;for(var e=t.m_jointList;e;){var i=e;e=e.next,this.publish("remove-joint",i.joint),this.destroyJoint(i.joint),t.m_jointList=e}t.m_jointList=null;for(var o=t.m_contactList;o;){var n=o;o=o.next,this.destroyContact(n.contact),t.m_contactList=o}t.m_contactList=null;for(var r=t.m_fixtureList;r;){var s=r;r=r.m_next,this.publish("remove-fixture",s),s.destroyProxies(this.m_broadPhase),t.m_fixtureList=r}return t.m_fixtureList=null,t.m_prev&&(t.m_prev.m_next=t.m_next),t.m_next&&(t.m_next.m_prev=t.m_prev),t==this.m_bodyList&&(this.m_bodyList=t.m_next),t.m_destroyed=!0,--this.m_bodyCount,this.publish("remove-body",t),!0}},t.prototype.createJoint=function(t){if(this.isLocked())return null;if(t.m_prev=null,t.m_next=this.m_jointList,this.m_jointList&&(this.m_jointList.m_prev=t),this.m_jointList=t,++this.m_jointCount,t.m_edgeA.joint=t,t.m_edgeA.other=t.m_bodyB,t.m_edgeA.prev=null,t.m_edgeA.next=t.m_bodyA.m_jointList,t.m_bodyA.m_jointList&&(t.m_bodyA.m_jointList.prev=t.m_edgeA),t.m_bodyA.m_jointList=t.m_edgeA,t.m_edgeB.joint=t,t.m_edgeB.other=t.m_bodyA,t.m_edgeB.prev=null,t.m_edgeB.next=t.m_bodyB.m_jointList,t.m_bodyB.m_jointList&&(t.m_bodyB.m_jointList.prev=t.m_edgeB),t.m_bodyB.m_jointList=t.m_edgeB,0==t.m_collideConnected)for(var e=t.m_bodyB.getContactList();e;e=e.next)e.other==t.m_bodyA&&e.contact.flagForFiltering();return t},t.prototype.destroyJoint=function(t){if(!this.isLocked()){t.m_prev&&(t.m_prev.m_next=t.m_next),t.m_next&&(t.m_next.m_prev=t.m_prev),t==this.m_jointList&&(this.m_jointList=t.m_next);var e=t.m_bodyA,i=t.m_bodyB;if(e.setAwake(!0),i.setAwake(!0),t.m_edgeA.prev&&(t.m_edgeA.prev.next=t.m_edgeA.next),t.m_edgeA.next&&(t.m_edgeA.next.prev=t.m_edgeA.prev),t.m_edgeA==e.m_jointList&&(e.m_jointList=t.m_edgeA.next),t.m_edgeA.prev=null,t.m_edgeA.next=null,t.m_edgeB.prev&&(t.m_edgeB.prev.next=t.m_edgeB.next),t.m_edgeB.next&&(t.m_edgeB.next.prev=t.m_edgeB.prev),t.m_edgeB==i.m_jointList&&(i.m_jointList=t.m_edgeB.next),t.m_edgeB.prev=null,t.m_edgeB.next=null,--this.m_jointCount,0==t.m_collideConnected)for(var o=i.getContactList();o;)o.other==e&&o.contact.flagForFiltering(),o=o.next;this.publish("remove-joint",t)}},t.prototype.step=function(t,e,i){if(this.publish("pre-step",t),(0|e)!==e&&(e=0),e=e||this.m_velocityIterations,i=i||this.m_positionIterations,this.m_newFixture&&(this.findNewContacts(),this.m_newFixture=!1),this.m_locked=!0,this.s_step.reset(t),this.s_step.velocityIterations=e,this.s_step.positionIterations=i,this.s_step.warmStarting=this.m_warmStarting,this.s_step.blockSolve=this.m_blockSolve,this.updateContacts(),this.m_stepComplete&&t>0){this.m_solver.solveWorld(this.s_step);for(var o=this.m_bodyList;o;o=o.getNext())0!=o.m_islandFlag&&(o.isStatic()||o.synchronizeFixtures());this.findNewContacts()}this.m_continuousPhysics&&t>0&&this.m_solver.solveWorldTOI(this.s_step),this.m_clearForces&&this.clearForces(),this.m_locked=!1,this.publish("post-step",t)},t.prototype.findNewContacts=function(){var t=this;this.m_broadPhase.updatePairs(function(e,i){return t.createContact(e,i)})},t.prototype.createContact=function(t,e){var i=t.fixture,o=e.fixture,n=t.childIndex,r=e.childIndex,s=i.getBody(),a=o.getBody();if(s!=a){for(var c=a.getContactList();c;){if(c.other==s){var l=c.contact.getFixtureA(),h=c.contact.getFixtureB(),u=c.contact.getChildIndexA(),m=c.contact.getChildIndexB();if(l==i&&h==o&&u==n&&m==r)return;if(l==o&&h==i&&u==r&&m==n)return}c=c.next}if(0!=a.shouldCollide(s)&&0!=o.shouldCollide(i)){var d=io.create(i,n,o,r);null!=d&&(d.m_prev=null,null!=this.m_contactList&&(d.m_next=this.m_contactList,this.m_contactList.m_prev=d),this.m_contactList=d,++this.m_contactCount)}}},t.prototype.updateContacts=function(){for(var t,e=this.m_contactList;t=e;){e=t.getNext();var i=t.getFixtureA(),o=t.getFixtureB(),n=t.getChildIndexA(),r=t.getChildIndexB(),s=i.getBody(),a=o.getBody();if(t.m_filterFlag){if(0==a.shouldCollide(s)){this.destroyContact(t);continue}if(0==o.shouldCollide(i)){this.destroyContact(t);continue}t.m_filterFlag=!1}var c=s.isAwake()&&!s.isStatic(),l=a.isAwake()&&!a.isStatic();if(0!=c||0!=l){var h=i.m_proxies[n].proxyId,u=o.m_proxies[r].proxyId;0!=this.m_broadPhase.testOverlap(h,u)?t.update(this):this.destroyContact(t)}}},t.prototype.destroyContact=function(t){t.m_prev&&(t.m_prev.m_next=t.m_next),t.m_next&&(t.m_next.m_prev=t.m_prev),t==this.m_contactList&&(this.m_contactList=t.m_next),io.destroy(t,this),--this.m_contactCount},t.prototype.on=function(t,e){return"string"!=typeof t||"function"!=typeof e||(this._listeners||(this._listeners={}),this._listeners[t]||(this._listeners[t]=[]),this._listeners[t].push(e)),this},t.prototype.off=function(t,e){if("string"!=typeof t||"function"!=typeof e)return this;var i=this._listeners&&this._listeners[t];if(!i||!i.length)return this;var o=i.indexOf(e);return o>=0&&i.splice(o,1),this},t.prototype.publish=function(t,e,i,o){var n=this._listeners&&this._listeners[t];if(!n||!n.length)return 0;for(var r=0;r<n.length;r++)n[r].call(this,e,i,o);return n.length},t.prototype.beginContact=function(t){this.publish("begin-contact",t)},t.prototype.endContact=function(t){this.publish("end-contact",t)},t.prototype.preSolve=function(t,e){this.publish("pre-solve",t,e)},t.prototype.postSolve=function(t,e){this.publish("post-solve",t,e)},t}(),ro=function(){function t(e,i,o){if(!(this instanceof t))return new t(e,i,o);void 0===e?(this.x=0,this.y=0,this.z=0):"object"==typeof e?(this.x=e.x,this.y=e.y,this.z=e.z):(this.x=e,this.y=i,this.z=o)}return t.prototype._serialize=function(){return{x:this.x,y:this.y,z:this.z}},t._deserialize=function(e){var i=Object.create(t.prototype);return i.x=e.x,i.y=e.y,i.z=e.z,i},t.neo=function(e,i,o){var n=Object.create(t.prototype);return n.x=e,n.y=i,n.z=o,n},t.zero=function(){var e=Object.create(t.prototype);return e.x=0,e.y=0,e.z=0,e},t.clone=function(e){return t.neo(e.x,e.y,e.z)},t.prototype.toString=function(){return JSON.stringify(this)},t.isValid=function(t){return null!=t&&Number.isFinite(t.x)&&Number.isFinite(t.y)&&Number.isFinite(t.z)},t.assert=function(t){},t.prototype.setZero=function(){return this.x=0,this.y=0,this.z=0,this},t.prototype.set=function(t,e,i){return this.x=t,this.y=e,this.z=i,this},t.prototype.add=function(t){return this.x+=t.x,this.y+=t.y,this.z+=t.z,this},t.prototype.sub=function(t){return this.x-=t.x,this.y-=t.y,this.z-=t.z,this},t.prototype.mul=function(t){return this.x*=t,this.y*=t,this.z*=t,this},t.areEqual=function(t,e){return t===e||"object"==typeof t&&null!==t&&"object"==typeof e&&null!==e&&t.x===e.x&&t.y===e.y&&t.z===e.z},t.dot=function(t,e){return t.x*e.x+t.y*e.y+t.z*e.z},t.cross=function(e,i){return new t(e.y*i.z-e.z*i.y,e.z*i.x-e.x*i.z,e.x*i.y-e.y*i.x)},t.add=function(e,i){return new t(e.x+i.x,e.y+i.y,e.z+i.z)},t.sub=function(e,i){return new t(e.x-i.x,e.y-i.y,e.z-i.z)},t.mul=function(e,i){return new t(i*e.x,i*e.y,i*e.z)},t.prototype.neg=function(){return this.x=-this.x,this.y=-this.y,this.z=-this.z,this},t.neg=function(e){return new t(-e.x,-e.y,-e.z)},t}(),so=N(0,0),ao=N(0,0),co=function(t){function e(i,o){var n=this;return n instanceof e?((n=t.call(this)||this).m_type=e.TYPE,n.m_radius=x.polygonRadius,n.m_vertex1=i?_.clone(i):_.zero(),n.m_vertex2=o?_.clone(o):_.zero(),n.m_vertex0=_.zero(),n.m_vertex3=_.zero(),n.m_hasVertex0=!1,n.m_hasVertex3=!1,n):new e(i,o)}return i(e,t),e.prototype._serialize=function(){return{type:this.m_type,vertex1:this.m_vertex1,vertex2:this.m_vertex2,vertex0:this.m_vertex0,vertex3:this.m_vertex3,hasVertex0:this.m_hasVertex0,hasVertex3:this.m_hasVertex3}},e._deserialize=function(t){var i=new e(t.vertex1,t.vertex2);return i.m_hasVertex0&&i.setPrevVertex(t.vertex0),i.m_hasVertex3&&i.setNextVertex(t.vertex3),i},e.prototype._reset=function(){},e.prototype.getRadius=function(){return this.m_radius},e.prototype.getType=function(){return this.m_type},e.prototype.setNext=function(t){return this.setNextVertex(t)},e.prototype.setNextVertex=function(t){return t?(this.m_vertex3.setVec2(t),this.m_hasVertex3=!0):(this.m_vertex3.setZero(),this.m_hasVertex3=!1),this},e.prototype.getNextVertex=function(){return this.m_vertex3},e.prototype.setPrev=function(t){return this.setPrevVertex(t)},e.prototype.setPrevVertex=function(t){return t?(this.m_vertex0.setVec2(t),this.m_hasVertex0=!0):(this.m_vertex0.setZero(),this.m_hasVertex0=!1),this},e.prototype.getPrevVertex=function(){return this.m_vertex0},e.prototype._set=function(t,e){return this.m_vertex1.setVec2(t),this.m_vertex2.setVec2(e),this.m_hasVertex0=!1,this.m_hasVertex3=!1,this},e.prototype._clone=function(){var t=new e;return t.m_type=this.m_type,t.m_radius=this.m_radius,t.m_vertex1.setVec2(this.m_vertex1),t.m_vertex2.setVec2(this.m_vertex2),t.m_vertex0.setVec2(this.m_vertex0),t.m_vertex3.setVec2(this.m_vertex3),t.m_hasVertex0=this.m_hasVertex0,t.m_hasVertex3=this.m_hasVertex3,t},e.prototype.getChildCount=function(){return 1},e.prototype.testPoint=function(t,e){return!1},e.prototype.rayCast=function(t,e,i,o){var n=pt.mulTVec2(i.q,_.sub(e.p1,i.p)),r=pt.mulTVec2(i.q,_.sub(e.p2,i.p)),s=_.sub(r,n),a=this.m_vertex1,c=this.m_vertex2,l=_.sub(c,a),h=_.neo(l.y,-l.x);h.normalize();var u=_.dot(h,_.sub(a,n)),m=_.dot(h,s);if(0==m)return!1;var d=u/m;if(d<0||e.maxFraction<d)return!1;var p=_.add(n,_.mulNumVec2(d,s)),f=_.sub(c,a),y=_.dot(f,f);if(0==y)return!1;var w=_.dot(_.sub(p,a),f)/y;return!(w<0||1<w||(t.fraction=d,t.normal=u>0?pt.mulVec2(i.q,h).neg():pt.mulVec2(i.q,h),0))},e.prototype.computeAABB=function(t,e,i){at(so,e,this.m_vertex1),at(ao,e,this.m_vertex2),w.combinePoints(t,so,ao),w.extend(t,this.m_radius)},e.prototype.computeMass=function(t,e){t.mass=0,X(t.center,.5,this.m_vertex1,.5,this.m_vertex2),t.I=0},e.prototype.computeDistanceProxy=function(t){t.m_vertices[0]=this.m_vertex1,t.m_vertices[1]=this.m_vertex2,t.m_vertices.length=2,t.m_count=2,t.m_radius=this.m_radius},e.TYPE="edge",e}(St),lo=co,ho=N(0,0),uo=N(0,0),mo=function(t){function e(i,o){var n=this;return n instanceof e?((n=t.call(this)||this).m_type=e.TYPE,n.m_radius=x.polygonRadius,n.m_vertices=[],n.m_count=0,n.m_prevVertex=null,n.m_nextVertex=null,n.m_hasPrevVertex=!1,n.m_hasNextVertex=!1,n.m_isLoop=!!o,i&&i.length&&(o?n._createLoop(i):n._createChain(i)),n):new e(i,o)}return i(e,t),e.prototype._serialize=function(){var t={type:this.m_type,vertices:this.m_vertices,isLoop:this.m_isLoop,hasPrevVertex:this.m_hasPrevVertex,hasNextVertex:this.m_hasNextVertex,prevVertex:null,nextVertex:null};return this.m_prevVertex&&(t.prevVertex=this.m_prevVertex),this.m_nextVertex&&(t.nextVertex=this.m_nextVertex),t},e._deserialize=function(t,i,o){var n=[];if(t.vertices)for(var r=0;r<t.vertices.length;r++)n.push(o(_,t.vertices[r]));var s=new e(n,t.isLoop);return t.prevVertex&&s.setPrevVertex(t.prevVertex),t.nextVertex&&s.setNextVertex(t.nextVertex),s},e.prototype.getType=function(){return this.m_type},e.prototype.getRadius=function(){return this.m_radius},e.prototype._createLoop=function(t){if(!(t.length<3)){for(var e=1;e<t.length;++e)t[e-1],t[e];for(this.m_vertices=[],this.m_count=t.length+1,e=0;e<t.length;++e)this.m_vertices[e]=_.clone(t[e]);return this.m_vertices[t.length]=_.clone(t[0]),this.m_prevVertex=this.m_vertices[this.m_count-2],this.m_nextVertex=this.m_vertices[1],this.m_hasPrevVertex=!0,this.m_hasNextVertex=!0,this}},e.prototype._createChain=function(t){for(var e=1;e<t.length;++e)t[e-1],t[e];for(this.m_count=t.length,e=0;e<t.length;++e)this.m_vertices[e]=_.clone(t[e]);return this.m_hasPrevVertex=!1,this.m_hasNextVertex=!1,this.m_prevVertex=null,this.m_nextVertex=null,this},e.prototype._reset=function(){this.m_isLoop?this._createLoop(this.m_vertices):this._createChain(this.m_vertices)},e.prototype.setPrevVertex=function(t){this.m_prevVertex=t,this.m_hasPrevVertex=!0},e.prototype.getPrevVertex=function(){return this.m_prevVertex},e.prototype.setNextVertex=function(t){this.m_nextVertex=t,this.m_hasNextVertex=!0},e.prototype.getNextVertex=function(){return this.m_nextVertex},e.prototype._clone=function(){var t=new e;return t._createChain(this.m_vertices),t.m_type=this.m_type,t.m_radius=this.m_radius,t.m_prevVertex=this.m_prevVertex,t.m_nextVertex=this.m_nextVertex,t.m_hasPrevVertex=this.m_hasPrevVertex,t.m_hasNextVertex=this.m_hasNextVertex,t},e.prototype.getChildCount=function(){return this.m_count-1},e.prototype.getChildEdge=function(t,e){t.m_type=co.TYPE,t.m_radius=this.m_radius,t.m_vertex1=this.m_vertices[e],t.m_vertex2=this.m_vertices[e+1],e>0?(t.m_vertex0=this.m_vertices[e-1],t.m_hasVertex0=!0):(t.m_vertex0=this.m_prevVertex,t.m_hasVertex0=this.m_hasPrevVertex),e<this.m_count-2?(t.m_vertex3=this.m_vertices[e+2],t.m_hasVertex3=!0):(t.m_vertex3=this.m_nextVertex,t.m_hasVertex3=this.m_hasNextVertex)},e.prototype.getVertex=function(t){return t<this.m_count?this.m_vertices[t]:this.m_vertices[0]},e.prototype.isLoop=function(){return this.m_isLoop},e.prototype.testPoint=function(t,e){return!1},e.prototype.rayCast=function(t,e,i,o){return new co(this.getVertex(o),this.getVertex(o+1)).rayCast(t,e,i,0)},e.prototype.computeAABB=function(t,e,i){at(ho,e,this.getVertex(i)),at(uo,e,this.getVertex(i+1)),w.combinePoints(t,ho,uo)},e.prototype.computeMass=function(t,e){t.mass=0,V(t.center),t.I=0},e.prototype.computeDistanceProxy=function(t,e){t.m_vertices[0]=this.getVertex(e),t.m_vertices[1]=this.getVertex(e+1),t.m_count=2,t.m_radius=this.m_radius},e.TYPE="chain",e}(St),po=mo,_o=Math.max,fo=Math.min,yo=N(0,0),wo=N(0,0),go=N(0,0),vo=N(0,0),xo=N(0,0),bo=N(0,0),Ao=function(t){function e(i){var o=this;return o instanceof e?((o=t.call(this)||this).m_type=e.TYPE,o.m_radius=x.polygonRadius,o.m_centroid=_.zero(),o.m_vertices=[],o.m_normals=[],o.m_count=0,i&&i.length&&o._set(i),o):new e(i)}return i(e,t),e.prototype._serialize=function(){return{type:this.m_type,vertices:this.m_vertices}},e._deserialize=function(t,i,o){var n=[];if(t.vertices)for(var r=0;r<t.vertices.length;r++)n.push(o(_,t.vertices[r]));return new e(n)},e.prototype.getType=function(){return this.m_type},e.prototype.getRadius=function(){return this.m_radius},e.prototype._clone=function(){var t=new e;t.m_type=this.m_type,t.m_radius=this.m_radius,t.m_count=this.m_count,t.m_centroid.setVec2(this.m_centroid);for(var i=0;i<this.m_count;i++)t.m_vertices.push(this.m_vertices[i].clone());for(i=0;i<this.m_normals.length;i++)t.m_normals.push(this.m_normals[i].clone());return t},e.prototype.getChildCount=function(){return 1},e.prototype._reset=function(){this._set(this.m_vertices)},e.prototype._set=function(t){if(t.length<3)this._setAsBox(1,1);else{for(var e=fo(t.length,x.maxPolygonVertices),i=[],o=0;o<e;++o){for(var n=t[o],r=!0,s=0;s<i.length;++s)if(_.distanceSquared(n,i[s])<.25*x.linearSlopSquared){r=!1;break}r&&i.push(_.clone(n))}if((e=i.length)<3)this._setAsBox(1,1);else{var a=0,c=i[0].x;for(o=1;o<e;++o){var l=i[o].x;(l>c||l===c&&i[o].y<i[a].y)&&(a=o,c=l)}for(var h=[],u=0,m=a;;){h[u]=m;var d=0;for(s=1;s<e;++s)if(d!==m){var p=_.sub(i[d],i[h[u]]),f=(n=_.sub(i[s],i[h[u]]),_.crossVec2Vec2(p,n));f<0&&(d=s),0===f&&n.lengthSquared()>p.lengthSquared()&&(d=s)}else d=s;if(++u,m=d,d===a)break}if(u<3)this._setAsBox(1,1);else{for(this.m_count=u,this.m_vertices=[],o=0;o<u;++o)this.m_vertices[o]=i[h[o]];for(o=0;o<u;++o){var y=o,w=o+1<u?o+1:0,g=_.sub(this.m_vertices[w],this.m_vertices[y]);this.m_normals[o]=_.crossVec2Num(g,1),this.m_normals[o].normalize()}this.m_centroid=function(t,e){for(var i=_.zero(),o=0,n=_.zero(),r=1/3,s=0;s<e;++s){var a=n,c=t[s],l=s+1<e?t[s+1]:t[0],h=_.sub(c,a),u=_.sub(l,a),m=.5*_.crossVec2Vec2(h,u);o+=m,Y(yo,1,a,1,c,1,l),j(i,m*r,yo)}return i.mul(1/o),i}(this.m_vertices,u)}}}},e.prototype._setAsBox=function(t,e,i,o){if(this.m_vertices[0]=_.neo(t,-e),this.m_vertices[1]=_.neo(t,e),this.m_vertices[2]=_.neo(-t,e),this.m_vertices[3]=_.neo(-t,-e),this.m_normals[0]=_.neo(1,0),this.m_normals[1]=_.neo(0,1),this.m_normals[2]=_.neo(-1,0),this.m_normals[3]=_.neo(0,-1),this.m_count=4,i&&_.isValid(i)){o=o||0,k(this.m_centroid,i);var n=gt.identity();n.p.setVec2(i),n.q.setAngle(o);for(var r=0;r<this.m_count;++r)this.m_vertices[r]=gt.mulVec2(n,this.m_vertices[r]),this.m_normals[r]=pt.mulVec2(n.q,this.m_normals[r])}},e.prototype.testPoint=function(t,e){for(var i=ct(yo,t,e),o=0;o<this.m_count;++o)if(Q(this.m_normals[o],i)-Q(this.m_normals[o],this.m_vertices[o])>0)return!1;return!0},e.prototype.rayCast=function(t,e,i,o){for(var n=pt.mulTVec2(i.q,_.sub(e.p1,i.p)),r=pt.mulTVec2(i.q,_.sub(e.p2,i.p)),s=_.sub(r,n),a=0,c=e.maxFraction,l=-1,h=0;h<this.m_count;++h){var u=_.dot(this.m_normals[h],_.sub(this.m_vertices[h],n)),m=_.dot(this.m_normals[h],s);if(0==m){if(u<0)return!1}else m<0&&u<a*m?(a=u/m,l=h):m>0&&u<c*m&&(c=u/m);if(c<a)return!1}return l>=0&&(t.fraction=a,t.normal=pt.mulVec2(i.q,this.m_normals[l]),!0)},e.prototype.computeAABB=function(t,e,i){for(var o=1/0,n=1/0,r=-1/0,s=-1/0,a=0;a<this.m_count;++a){var c=at(yo,e,this.m_vertices[a]);o=fo(o,c.x),r=_o(r,c.x),n=fo(n,c.y),s=_o(s,c.y)}D(t.lowerBound,o-this.m_radius,n-this.m_radius),D(t.upperBound,r+this.m_radius,s+this.m_radius)},e.prototype.computeMass=function(t,e){V(xo);var i=0,o=0;V(bo);for(var n=0;n<this.m_count;++n)O(bo,this.m_vertices[n]);U(bo,1/this.m_count,bo);var r=1/3;for(n=0;n<this.m_count;++n){H(go,this.m_vertices[n],bo),n+1<this.m_count?H(vo,this.m_vertices[n+1],bo):H(vo,this.m_vertices[0],bo);var s=Z(go,vo),a=.5*s;i+=a,X(yo,a*r,go,a*r,vo),O(xo,yo);var c=go.x,l=go.y,h=vo.x,u=vo.y;o+=.25*r*s*(c*c+h*c+h*h+(l*l+u*l+u*u))}t.mass=e*i,U(xo,1/i,xo),function(t,e,i){t.x=e.x+i.x,t.y=e.x+i.y}(t.center,xo,bo),t.I=e*o,t.I+=t.mass*(Q(t.center,t.center)-Q(xo,xo))},e.prototype.validate=function(){for(var t=0;t<this.m_count;++t){var e=t,i=t<this.m_count-1?e+1:0,o=this.m_vertices[e];H(wo,this.m_vertices[i],o);for(var n=0;n<this.m_count;++n)if(n!=e&&n!=i&&Z(wo,H(yo,this.m_vertices[n],o))<0)return!1}return!0},e.prototype.computeDistanceProxy=function(t){for(var e=0;e<this.m_count;++e)t.m_vertices[e]=this.m_vertices[e];t.m_vertices.length=this.m_count,t.m_count=this.m_count,t.m_radius=this.m_radius},e.TYPE="polygon",e}(St),Co=Ao,So=Math.sqrt,Ro=Math.PI,Eo=N(0,0),To=function(t){function e(i,o){var n=this;return n instanceof e?((n=t.call(this)||this).m_type=e.TYPE,n.m_p=_.zero(),n.m_radius=1,"object"==typeof i&&_.isValid(i)?(n.m_p.setVec2(i),"number"==typeof o&&(n.m_radius=o)):"number"==typeof i&&(n.m_radius=i),n):new e(i,o)}return i(e,t),e.prototype._serialize=function(){return{type:this.m_type,p:this.m_p,radius:this.m_radius}},e._deserialize=function(t){return new e(t.p,t.radius)},e.prototype._reset=function(){},e.prototype.getType=function(){return this.m_type},e.prototype.getRadius=function(){return this.m_radius},e.prototype.getCenter=function(){return this.m_p},e.prototype._clone=function(){var t=new e;return t.m_type=this.m_type,t.m_radius=this.m_radius,t.m_p=this.m_p.clone(),t},e.prototype.getChildCount=function(){return 1},e.prototype.testPoint=function(t,e){return it(e,at(Eo,t,this.m_p))<=this.m_radius*this.m_radius},e.prototype.rayCast=function(t,e,i,o){var n=_.add(i.p,pt.mulVec2(i.q,this.m_p)),r=_.sub(e.p1,n),a=_.dot(r,r)-this.m_radius*this.m_radius,c=_.sub(e.p2,e.p1),l=_.dot(r,c),h=_.dot(c,c),u=l*l-h*a;if(u<0||h<s)return!1;var m=-(l+So(u));return 0<=m&&m<=e.maxFraction*h&&(m/=h,t.fraction=m,t.normal=_.add(r,_.mulNumVec2(m,c)),t.normal.normalize(),!0)},e.prototype.computeAABB=function(t,e,i){var o=at(Eo,e,this.m_p);D(t.lowerBound,o.x-this.m_radius,o.y-this.m_radius),D(t.upperBound,o.x+this.m_radius,o.y+this.m_radius)},e.prototype.computeMass=function(t,e){t.mass=e*Ro*this.m_radius*this.m_radius,k(t.center,this.m_p),t.I=t.mass*(.5*this.m_radius*this.m_radius+tt(this.m_p))},e.prototype.computeDistanceProxy=function(t){t.m_vertices[0]=this.m_p,t.m_vertices.length=1,t.m_count=1,t.m_radius=this.m_radius},e.TYPE="circle",e}(St),Io=To,Mo=Math.abs,Bo=Math.PI,Fo={frequencyHz:0,dampingRatio:0},Po=function(t){function e(i,o,r,s,a){var c=this;if(!(c instanceof e))return new e(i,o,r,s,a);if(r&&s&&"m_type"in s&&"x"in r&&"y"in r){var l=r;r=s,s=l}return i=n(i,Fo),o=(c=t.call(this,i,o,r)||this).m_bodyA,r=c.m_bodyB,c.m_type=e.TYPE,c.m_localAnchorA=_.clone(s?o.getLocalPoint(s):i.localAnchorA||_.zero()),c.m_localAnchorB=_.clone(a?r.getLocalPoint(a):i.localAnchorB||_.zero()),c.m_length=Number.isFinite(i.length)?i.length:_.distance(o.getWorldPoint(c.m_localAnchorA),r.getWorldPoint(c.m_localAnchorB)),c.m_frequencyHz=i.frequencyHz,c.m_dampingRatio=i.dampingRatio,c.m_impulse=0,c.m_gamma=0,c.m_bias=0,c}return i(e,t),e.prototype._serialize=function(){return{type:this.m_type,bodyA:this.m_bodyA,bodyB:this.m_bodyB,collideConnected:this.m_collideConnected,frequencyHz:this.m_frequencyHz,dampingRatio:this.m_dampingRatio,localAnchorA:this.m_localAnchorA,localAnchorB:this.m_localAnchorB,length:this.m_length,impulse:this.m_impulse,gamma:this.m_gamma,bias:this.m_bias}},e._deserialize=function(t,i,n){return(t=o({},t)).bodyA=n(zt,t.bodyA,i),t.bodyB=n(zt,t.bodyB,i),new e(t)},e.prototype._reset=function(t){t.anchorA?this.m_localAnchorA.setVec2(this.m_bodyA.getLocalPoint(t.anchorA)):t.localAnchorA&&this.m_localAnchorA.setVec2(t.localAnchorA),t.anchorB?this.m_localAnchorB.setVec2(this.m_bodyB.getLocalPoint(t.anchorB)):t.localAnchorB&&this.m_localAnchorB.setVec2(t.localAnchorB),t.length>0?this.m_length=+t.length:t.length<0||(t.anchorA||t.anchorA||t.anchorA||t.anchorA)&&(this.m_length=_.distance(this.m_bodyA.getWorldPoint(this.m_localAnchorA),this.m_bodyB.getWorldPoint(this.m_localAnchorB))),Number.isFinite(t.frequencyHz)&&(this.m_frequencyHz=t.frequencyHz),Number.isFinite(t.dampingRatio)&&(this.m_dampingRatio=t.dampingRatio)},e.prototype.getLocalAnchorA=function(){return this.m_localAnchorA},e.prototype.getLocalAnchorB=function(){return this.m_localAnchorB},e.prototype.setLength=function(t){this.m_length=t},e.prototype.getLength=function(){return this.m_length},e.prototype.setFrequency=function(t){this.m_frequencyHz=t},e.prototype.getFrequency=function(){return this.m_frequencyHz},e.prototype.setDampingRatio=function(t){this.m_dampingRatio=t},e.prototype.getDampingRatio=function(){return this.m_dampingRatio},e.prototype.getAnchorA=function(){return this.m_bodyA.getWorldPoint(this.m_localAnchorA)},e.prototype.getAnchorB=function(){return this.m_bodyB.getWorldPoint(this.m_localAnchorB)},e.prototype.getReactionForce=function(t){return _.mulNumVec2(this.m_impulse,this.m_u).mul(t)},e.prototype.getReactionTorque=function(t){return 0},e.prototype.initVelocityConstraints=function(t){this.m_localCenterA=this.m_bodyA.m_sweep.localCenter,this.m_localCenterB=this.m_bodyB.m_sweep.localCenter,this.m_invMassA=this.m_bodyA.m_invMass,this.m_invMassB=this.m_bodyB.m_invMass,this.m_invIA=this.m_bodyA.m_invI,this.m_invIB=this.m_bodyB.m_invI;var e=this.m_bodyA.c_position.c,i=this.m_bodyA.c_position.a,o=this.m_bodyA.c_velocity.v,n=this.m_bodyA.c_velocity.w,r=this.m_bodyB.c_position.c,s=this.m_bodyB.c_position.a,a=this.m_bodyB.c_velocity.v,c=this.m_bodyB.c_velocity.w,l=pt.neo(i),h=pt.neo(s);this.m_rA=pt.mulVec2(l,_.sub(this.m_localAnchorA,this.m_localCenterA)),this.m_rB=pt.mulVec2(h,_.sub(this.m_localAnchorB,this.m_localCenterB)),this.m_u=_.sub(_.add(r,this.m_rB),_.add(e,this.m_rA));var u=this.m_u.length();u>x.linearSlop?this.m_u.mul(1/u):this.m_u.setNum(0,0);var m=_.crossVec2Vec2(this.m_rA,this.m_u),d=_.crossVec2Vec2(this.m_rB,this.m_u),p=this.m_invMassA+this.m_invIA*m*m+this.m_invMassB+this.m_invIB*d*d;if(this.m_mass=0!=p?1/p:0,this.m_frequencyHz>0){var f=u-this.m_length,y=2*Bo*this.m_frequencyHz,w=2*this.m_mass*this.m_dampingRatio*y,g=this.m_mass*y*y,v=t.dt;this.m_gamma=v*(w+v*g),this.m_gamma=0!=this.m_gamma?1/this.m_gamma:0,this.m_bias=f*v*g*this.m_gamma,p+=this.m_gamma,this.m_mass=0!=p?1/p:0}else this.m_gamma=0,this.m_bias=0;if(t.warmStarting){this.m_impulse*=t.dtRatio;var b=_.mulNumVec2(this.m_impulse,this.m_u);o.subMul(this.m_invMassA,b),n-=this.m_invIA*_.crossVec2Vec2(this.m_rA,b),a.addMul(this.m_invMassB,b),c+=this.m_invIB*_.crossVec2Vec2(this.m_rB,b)}else this.m_impulse=0;this.m_bodyA.c_velocity.v.setVec2(o),this.m_bodyA.c_velocity.w=n,this.m_bodyB.c_velocity.v.setVec2(a),this.m_bodyB.c_velocity.w=c},e.prototype.solveVelocityConstraints=function(t){var e=this.m_bodyA.c_velocity.v,i=this.m_bodyA.c_velocity.w,o=this.m_bodyB.c_velocity.v,n=this.m_bodyB.c_velocity.w,r=_.add(e,_.crossNumVec2(i,this.m_rA)),s=_.add(o,_.crossNumVec2(n,this.m_rB)),a=_.dot(this.m_u,s)-_.dot(this.m_u,r),c=-this.m_mass*(a+this.m_bias+this.m_gamma*this.m_impulse);this.m_impulse+=c;var l=_.mulNumVec2(c,this.m_u);e.subMul(this.m_invMassA,l),i-=this.m_invIA*_.crossVec2Vec2(this.m_rA,l),o.addMul(this.m_invMassB,l),n+=this.m_invIB*_.crossVec2Vec2(this.m_rB,l),this.m_bodyA.c_velocity.v.setVec2(e),this.m_bodyA.c_velocity.w=i,this.m_bodyB.c_velocity.v.setVec2(o),this.m_bodyB.c_velocity.w=n},e.prototype.solvePositionConstraints=function(t){if(this.m_frequencyHz>0)return!0;var e=this.m_bodyA.c_position.c,i=this.m_bodyA.c_position.a,o=this.m_bodyB.c_position.c,n=this.m_bodyB.c_position.a,r=pt.neo(i),s=pt.neo(n),a=pt.mulSub(r,this.m_localAnchorA,this.m_localCenterA),c=pt.mulSub(s,this.m_localAnchorB,this.m_localCenterB),h=_.sub(_.add(o,c),_.add(e,a)),u=l(h.normalize()-this.m_length,-x.maxLinearCorrection,x.maxLinearCorrection),m=-this.m_mass*u,d=_.mulNumVec2(m,h);return e.subMul(this.m_invMassA,d),i-=this.m_invIA*_.crossVec2Vec2(a,d),o.addMul(this.m_invMassB,d),n+=this.m_invIB*_.crossVec2Vec2(c,d),this.m_bodyA.c_position.c.setVec2(e),this.m_bodyA.c_position.a=i,this.m_bodyB.c_position.c.setVec2(o),this.m_bodyB.c_position.a=n,Mo(u)<x.linearSlop},e.TYPE="distance-joint",e}(qt),Lo={maxForce:0,maxTorque:0},No=function(t){function e(i,o,r,s){var a=this;return a instanceof e?(i=n(i,Lo),o=(a=t.call(this,i,o,r)||this).m_bodyA,r=a.m_bodyB,a.m_type=e.TYPE,a.m_localAnchorA=_.clone(s?o.getLocalPoint(s):i.localAnchorA||_.zero()),a.m_localAnchorB=_.clone(s?r.getLocalPoint(s):i.localAnchorB||_.zero()),a.m_linearImpulse=_.zero(),a.m_angularImpulse=0,a.m_maxForce=i.maxForce,a.m_maxTorque=i.maxTorque,a):new e(i,o,r,s)}return i(e,t),e.prototype._serialize=function(){return{type:this.m_type,bodyA:this.m_bodyA,bodyB:this.m_bodyB,collideConnected:this.m_collideConnected,maxForce:this.m_maxForce,maxTorque:this.m_maxTorque,localAnchorA:this.m_localAnchorA,localAnchorB:this.m_localAnchorB}},e._deserialize=function(t,i,n){return(t=o({},t)).bodyA=n(zt,t.bodyA,i),t.bodyB=n(zt,t.bodyB,i),new e(t)},e.prototype._reset=function(t){t.anchorA?this.m_localAnchorA.setVec2(this.m_bodyA.getLocalPoint(t.anchorA)):t.localAnchorA&&this.m_localAnchorA.setVec2(t.localAnchorA),t.anchorB?this.m_localAnchorB.setVec2(this.m_bodyB.getLocalPoint(t.anchorB)):t.localAnchorB&&this.m_localAnchorB.setVec2(t.localAnchorB),Number.isFinite(t.maxForce)&&(this.m_maxForce=t.maxForce),Number.isFinite(t.maxTorque)&&(this.m_maxTorque=t.maxTorque)},e.prototype.getLocalAnchorA=function(){return this.m_localAnchorA},e.prototype.getLocalAnchorB=function(){return this.m_localAnchorB},e.prototype.setMaxForce=function(t){this.m_maxForce=t},e.prototype.getMaxForce=function(){return this.m_maxForce},e.prototype.setMaxTorque=function(t){this.m_maxTorque=t},e.prototype.getMaxTorque=function(){return this.m_maxTorque},e.prototype.getAnchorA=function(){return this.m_bodyA.getWorldPoint(this.m_localAnchorA)},e.prototype.getAnchorB=function(){return this.m_bodyB.getWorldPoint(this.m_localAnchorB)},e.prototype.getReactionForce=function(t){return _.mulNumVec2(t,this.m_linearImpulse)},e.prototype.getReactionTorque=function(t){return t*this.m_angularImpulse},e.prototype.initVelocityConstraints=function(t){this.m_localCenterA=this.m_bodyA.m_sweep.localCenter,this.m_localCenterB=this.m_bodyB.m_sweep.localCenter,this.m_invMassA=this.m_bodyA.m_invMass,this.m_invMassB=this.m_bodyB.m_invMass,this.m_invIA=this.m_bodyA.m_invI,this.m_invIB=this.m_bodyB.m_invI;var e=this.m_bodyA.c_position.a,i=this.m_bodyA.c_velocity.v,o=this.m_bodyA.c_velocity.w,n=this.m_bodyB.c_position.a,r=this.m_bodyB.c_velocity.v,s=this.m_bodyB.c_velocity.w,a=pt.neo(e),c=pt.neo(n);this.m_rA=pt.mulVec2(a,_.sub(this.m_localAnchorA,this.m_localCenterA)),this.m_rB=pt.mulVec2(c,_.sub(this.m_localAnchorB,this.m_localCenterB));var l=this.m_invMassA,h=this.m_invMassB,u=this.m_invIA,m=this.m_invIB,d=new ei;if(d.ex.x=l+h+u*this.m_rA.y*this.m_rA.y+m*this.m_rB.y*this.m_rB.y,d.ex.y=-u*this.m_rA.x*this.m_rA.y-m*this.m_rB.x*this.m_rB.y,d.ey.x=d.ex.y,d.ey.y=l+h+u*this.m_rA.x*this.m_rA.x+m*this.m_rB.x*this.m_rB.x,this.m_linearMass=d.getInverse(),this.m_angularMass=u+m,this.m_angularMass>0&&(this.m_angularMass=1/this.m_angularMass),t.warmStarting){this.m_linearImpulse.mul(t.dtRatio),this.m_angularImpulse*=t.dtRatio;var p=_.neo(this.m_linearImpulse.x,this.m_linearImpulse.y);i.subMul(l,p),o-=u*(_.crossVec2Vec2(this.m_rA,p)+this.m_angularImpulse),r.addMul(h,p),s+=m*(_.crossVec2Vec2(this.m_rB,p)+this.m_angularImpulse)}else this.m_linearImpulse.setZero(),this.m_angularImpulse=0;this.m_bodyA.c_velocity.v=i,this.m_bodyA.c_velocity.w=o,this.m_bodyB.c_velocity.v=r,this.m_bodyB.c_velocity.w=s},e.prototype.solveVelocityConstraints=function(t){var e=this.m_bodyA.c_velocity.v,i=this.m_bodyA.c_velocity.w,o=this.m_bodyB.c_velocity.v,n=this.m_bodyB.c_velocity.w,r=this.m_invMassA,s=this.m_invMassB,a=this.m_invIA,c=this.m_invIB,h=t.dt,u=n-i,m=-this.m_angularMass*u,d=this.m_angularImpulse,p=h*this.m_maxTorque;this.m_angularImpulse=l(this.m_angularImpulse+m,-p,p),i-=a*(m=this.m_angularImpulse-d),n+=c*m,u=_.sub(_.add(o,_.crossNumVec2(n,this.m_rB)),_.add(e,_.crossNumVec2(i,this.m_rA))),m=_.neg(ei.mulVec2(this.m_linearMass,u)),d=this.m_linearImpulse,this.m_linearImpulse.add(m),p=h*this.m_maxForce,this.m_linearImpulse.lengthSquared()>p*p&&(this.m_linearImpulse.normalize(),this.m_linearImpulse.mul(p)),m=_.sub(this.m_linearImpulse,d),e.subMul(r,m),i-=a*_.crossVec2Vec2(this.m_rA,m),o.addMul(s,m),n+=c*_.crossVec2Vec2(this.m_rB,m),this.m_bodyA.c_velocity.v=e,this.m_bodyA.c_velocity.w=i,this.m_bodyB.c_velocity.v=o,this.m_bodyB.c_velocity.w=n},e.prototype.solvePositionConstraints=function(t){return!0},e.TYPE="friction-joint",e}(qt),Do=function(){function t(t,e,i){"object"==typeof t&&null!==t?(this.ex=ro.clone(t),this.ey=ro.clone(e),this.ez=ro.clone(i)):(this.ex=ro.zero(),this.ey=ro.zero(),this.ez=ro.zero())}return t.prototype.toString=function(){return JSON.stringify(this)},t.isValid=function(t){return null!=t&&ro.isValid(t.ex)&&ro.isValid(t.ey)&&ro.isValid(t.ez)},t.assert=function(t){},t.prototype.setZero=function(){return this.ex.setZero(),this.ey.setZero(),this.ez.setZero(),this},t.prototype.solve33=function(t){var e=this.ey.y*this.ez.z-this.ey.z*this.ez.y,i=this.ey.z*this.ez.x-this.ey.x*this.ez.z,o=this.ey.x*this.ez.y-this.ey.y*this.ez.x,n=this.ex.x*e+this.ex.y*i+this.ex.z*o;0!==n&&(n=1/n);var r=new ro;return e=this.ey.y*this.ez.z-this.ey.z*this.ez.y,i=this.ey.z*this.ez.x-this.ey.x*this.ez.z,o=this.ey.x*this.ez.y-this.ey.y*this.ez.x,r.x=n*(t.x*e+t.y*i+t.z*o),e=t.y*this.ez.z-t.z*this.ez.y,i=t.z*this.ez.x-t.x*this.ez.z,o=t.x*this.ez.y-t.y*this.ez.x,r.y=n*(this.ex.x*e+this.ex.y*i+this.ex.z*o),e=this.ey.y*t.z-this.ey.z*t.y,i=this.ey.z*t.x-this.ey.x*t.z,o=this.ey.x*t.y-this.ey.y*t.x,r.z=n*(this.ex.x*e+this.ex.y*i+this.ex.z*o),r},t.prototype.solve22=function(t){var e=this.ex.x,i=this.ey.x,o=this.ex.y,n=this.ey.y,r=e*n-i*o;0!==r&&(r=1/r);var s=_.zero();return s.x=r*(n*t.x-i*t.y),s.y=r*(e*t.y-o*t.x),s},t.prototype.getInverse22=function(t){var e=this.ex.x,i=this.ey.x,o=this.ex.y,n=this.ey.y,r=e*n-i*o;0!==r&&(r=1/r),t.ex.x=r*n,t.ey.x=-r*i,t.ex.z=0,t.ex.y=-r*o,t.ey.y=r*e,t.ey.z=0,t.ez.x=0,t.ez.y=0,t.ez.z=0},t.prototype.getSymInverse33=function(t){var e=ro.dot(this.ex,ro.cross(this.ey,this.ez));0!==e&&(e=1/e);var i=this.ex.x,o=this.ey.x,n=this.ez.x,r=this.ey.y,s=this.ez.y,a=this.ez.z;t.ex.x=e*(r*a-s*s),t.ex.y=e*(n*s-o*a),t.ex.z=e*(o*s-n*r),t.ey.x=t.ex.y,t.ey.y=e*(i*a-n*n),t.ey.z=e*(n*o-i*s),t.ez.x=t.ex.z,t.ez.y=t.ey.z,t.ez.z=e*(i*r-o*o)},t.mul=function(t,e){if(e&&"z"in e&&"y"in e&&"x"in e){var i=t.ex.x*e.x+t.ey.x*e.y+t.ez.x*e.z,o=t.ex.y*e.x+t.ey.y*e.y+t.ez.y*e.z,n=t.ex.z*e.x+t.ey.z*e.y+t.ez.z*e.z;return new ro(i,o,n)}if(e&&"y"in e&&"x"in e)return i=t.ex.x*e.x+t.ey.x*e.y,o=t.ex.y*e.x+t.ey.y*e.y,_.neo(i,o)},t.mulVec3=function(t,e){var i=t.ex.x*e.x+t.ey.x*e.y+t.ez.x*e.z,o=t.ex.y*e.x+t.ey.y*e.y+t.ez.y*e.z,n=t.ex.z*e.x+t.ey.z*e.y+t.ez.z*e.z;return new ro(i,o,n)},t.mulVec2=function(t,e){var i=t.ex.x*e.x+t.ey.x*e.y,o=t.ex.y*e.x+t.ey.y*e.y;return _.neo(i,o)},t.add=function(e,i){return new t(ro.add(e.ex,i.ex),ro.add(e.ey,i.ey),ro.add(e.ez,i.ez))},t}(),ko=Math.abs;!function(t){t[t.inactiveLimit=0]="inactiveLimit",t[t.atLowerLimit=1]="atLowerLimit",t[t.atUpperLimit=2]="atUpperLimit",t[t.equalLimits=3]="equalLimits"}(Ei||(Ei={}));var Vo,Go=function(t){function e(i,o,n,r){var s,a,c,l,h,u,m=this;return m instanceof e?(i=null!=i?i:{},o=(m=t.call(this,i,o,n)||this).m_bodyA,n=m.m_bodyB,m.m_mass=new Do,m.m_limitState=Ei.inactiveLimit,m.m_type=e.TYPE,_.isValid(r)?m.m_localAnchorA=o.getLocalPoint(r):_.isValid(i.localAnchorA)?m.m_localAnchorA=_.clone(i.localAnchorA):m.m_localAnchorA=_.zero(),_.isValid(r)?m.m_localAnchorB=n.getLocalPoint(r):_.isValid(i.localAnchorB)?m.m_localAnchorB=_.clone(i.localAnchorB):m.m_localAnchorB=_.zero(),Number.isFinite(i.referenceAngle)?m.m_referenceAngle=i.referenceAngle:m.m_referenceAngle=n.getAngle()-o.getAngle(),m.m_impulse=new ro,m.m_motorImpulse=0,m.m_lowerAngle=null!==(s=i.lowerAngle)&&void 0!==s?s:0,m.m_upperAngle=null!==(a=i.upperAngle)&&void 0!==a?a:0,m.m_maxMotorTorque=null!==(c=i.maxMotorTorque)&&void 0!==c?c:0,m.m_motorSpeed=null!==(l=i.motorSpeed)&&void 0!==l?l:0,m.m_enableLimit=null!==(h=i.enableLimit)&&void 0!==h&&h,m.m_enableMotor=null!==(u=i.enableMotor)&&void 0!==u&&u,m):new e(i,o,n,r)}return i(e,t),e.prototype._serialize=function(){return{type:this.m_type,bodyA:this.m_bodyA,bodyB:this.m_bodyB,collideConnected:this.m_collideConnected,lowerAngle:this.m_lowerAngle,upperAngle:this.m_upperAngle,maxMotorTorque:this.m_maxMotorTorque,motorSpeed:this.m_motorSpeed,enableLimit:this.m_enableLimit,enableMotor:this.m_enableMotor,localAnchorA:this.m_localAnchorA,localAnchorB:this.m_localAnchorB,referenceAngle:this.m_referenceAngle}},e._deserialize=function(t,i,n){return(t=o({},t)).bodyA=n(zt,t.bodyA,i),t.bodyB=n(zt,t.bodyB,i),new e(t)},e.prototype._reset=function(t){t.anchorA?this.m_localAnchorA.setVec2(this.m_bodyA.getLocalPoint(t.anchorA)):t.localAnchorA&&this.m_localAnchorA.setVec2(t.localAnchorA),t.anchorB?this.m_localAnchorB.setVec2(this.m_bodyB.getLocalPoint(t.anchorB)):t.localAnchorB&&this.m_localAnchorB.setVec2(t.localAnchorB),Number.isFinite(t.referenceAngle)&&(this.m_referenceAngle=t.referenceAngle),void 0!==t.enableLimit&&(this.m_enableLimit=t.enableLimit),Number.isFinite(t.lowerAngle)&&(this.m_lowerAngle=t.lowerAngle),Number.isFinite(t.upperAngle)&&(this.m_upperAngle=t.upperAngle),Number.isFinite(t.maxMotorTorque)&&(this.m_maxMotorTorque=t.maxMotorTorque),Number.isFinite(t.motorSpeed)&&(this.m_motorSpeed=t.motorSpeed),void 0!==t.enableMotor&&(this.m_enableMotor=t.enableMotor)},e.prototype.getLocalAnchorA=function(){return this.m_localAnchorA},e.prototype.getLocalAnchorB=function(){return this.m_localAnchorB},e.prototype.getReferenceAngle=function(){return this.m_referenceAngle},e.prototype.getJointAngle=function(){var t=this.m_bodyA;return this.m_bodyB.m_sweep.a-t.m_sweep.a-this.m_referenceAngle},e.prototype.getJointSpeed=function(){var t=this.m_bodyA;return this.m_bodyB.m_angularVelocity-t.m_angularVelocity},e.prototype.isMotorEnabled=function(){return this.m_enableMotor},e.prototype.enableMotor=function(t){t!=this.m_enableMotor&&(this.m_bodyA.setAwake(!0),this.m_bodyB.setAwake(!0),this.m_enableMotor=t)},e.prototype.getMotorTorque=function(t){return t*this.m_motorImpulse},e.prototype.setMotorSpeed=function(t){t!=this.m_motorSpeed&&(this.m_bodyA.setAwake(!0),this.m_bodyB.setAwake(!0),this.m_motorSpeed=t)},e.prototype.getMotorSpeed=function(){return this.m_motorSpeed},e.prototype.setMaxMotorTorque=function(t){t!=this.m_maxMotorTorque&&(this.m_bodyA.setAwake(!0),this.m_bodyB.setAwake(!0),this.m_maxMotorTorque=t)},e.prototype.getMaxMotorTorque=function(){return this.m_maxMotorTorque},e.prototype.isLimitEnabled=function(){return this.m_enableLimit},e.prototype.enableLimit=function(t){t!=this.m_enableLimit&&(this.m_bodyA.setAwake(!0),this.m_bodyB.setAwake(!0),this.m_enableLimit=t,this.m_impulse.z=0)},e.prototype.getLowerLimit=function(){return this.m_lowerAngle},e.prototype.getUpperLimit=function(){return this.m_upperAngle},e.prototype.setLimits=function(t,e){t==this.m_lowerAngle&&e==this.m_upperAngle||(this.m_bodyA.setAwake(!0),this.m_bodyB.setAwake(!0),this.m_impulse.z=0,this.m_lowerAngle=t,this.m_upperAngle=e)},e.prototype.getAnchorA=function(){return this.m_bodyA.getWorldPoint(this.m_localAnchorA)},e.prototype.getAnchorB=function(){return this.m_bodyB.getWorldPoint(this.m_localAnchorB)},e.prototype.getReactionForce=function(t){return _.neo(this.m_impulse.x,this.m_impulse.y).mul(t)},e.prototype.getReactionTorque=function(t){return t*this.m_impulse.z},e.prototype.initVelocityConstraints=function(t){this.m_localCenterA=this.m_bodyA.m_sweep.localCenter,this.m_localCenterB=this.m_bodyB.m_sweep.localCenter,this.m_invMassA=this.m_bodyA.m_invMass,this.m_invMassB=this.m_bodyB.m_invMass,this.m_invIA=this.m_bodyA.m_invI,this.m_invIB=this.m_bodyB.m_invI;var e=this.m_bodyA.c_position.a,i=this.m_bodyA.c_velocity.v,o=this.m_bodyA.c_velocity.w,n=this.m_bodyB.c_position.a,r=this.m_bodyB.c_velocity.v,s=this.m_bodyB.c_velocity.w,a=pt.neo(e),c=pt.neo(n);this.m_rA=pt.mulVec2(a,_.sub(this.m_localAnchorA,this.m_localCenterA)),this.m_rB=pt.mulVec2(c,_.sub(this.m_localAnchorB,this.m_localCenterB));var l=this.m_invMassA,h=this.m_invMassB,u=this.m_invIA,m=this.m_invIB,d=u+m===0;if(this.m_mass.ex.x=l+h+this.m_rA.y*this.m_rA.y*u+this.m_rB.y*this.m_rB.y*m,this.m_mass.ey.x=-this.m_rA.y*this.m_rA.x*u-this.m_rB.y*this.m_rB.x*m,this.m_mass.ez.x=-this.m_rA.y*u-this.m_rB.y*m,this.m_mass.ex.y=this.m_mass.ey.x,this.m_mass.ey.y=l+h+this.m_rA.x*this.m_rA.x*u+this.m_rB.x*this.m_rB.x*m,this.m_mass.ez.y=this.m_rA.x*u+this.m_rB.x*m,this.m_mass.ex.z=this.m_mass.ez.x,this.m_mass.ey.z=this.m_mass.ez.y,this.m_mass.ez.z=u+m,this.m_motorMass=u+m,this.m_motorMass>0&&(this.m_motorMass=1/this.m_motorMass),(0==this.m_enableMotor||d)&&(this.m_motorImpulse=0),this.m_enableLimit&&0==d){var p=n-e-this.m_referenceAngle;ko(this.m_upperAngle-this.m_lowerAngle)<2*x.angularSlop?this.m_limitState=Ei.equalLimits:p<=this.m_lowerAngle?(this.m_limitState!=Ei.atLowerLimit&&(this.m_impulse.z=0),this.m_limitState=Ei.atLowerLimit):p>=this.m_upperAngle?(this.m_limitState!=Ei.atUpperLimit&&(this.m_impulse.z=0),this.m_limitState=Ei.atUpperLimit):(this.m_limitState=Ei.inactiveLimit,this.m_impulse.z=0)}else this.m_limitState=Ei.inactiveLimit;if(t.warmStarting){this.m_impulse.mul(t.dtRatio),this.m_motorImpulse*=t.dtRatio;var f=_.neo(this.m_impulse.x,this.m_impulse.y);i.subMul(l,f),o-=u*(_.crossVec2Vec2(this.m_rA,f)+this.m_motorImpulse+this.m_impulse.z),r.addMul(h,f),s+=m*(_.crossVec2Vec2(this.m_rB,f)+this.m_motorImpulse+this.m_impulse.z)}else this.m_impulse.setZero(),this.m_motorImpulse=0;this.m_bodyA.c_velocity.v=i,this.m_bodyA.c_velocity.w=o,this.m_bodyB.c_velocity.v=r,this.m_bodyB.c_velocity.w=s},e.prototype.solveVelocityConstraints=function(t){var e=this.m_bodyA.c_velocity.v,i=this.m_bodyA.c_velocity.w,o=this.m_bodyB.c_velocity.v,n=this.m_bodyB.c_velocity.w,r=this.m_invMassA,s=this.m_invMassB,a=this.m_invIA,c=this.m_invIB,h=a+c===0;if(this.m_enableMotor&&this.m_limitState!=Ei.equalLimits&&0==h){var u=n-i-this.m_motorSpeed,m=-this.m_motorMass*u,d=this.m_motorImpulse,p=t.dt*this.m_maxMotorTorque;this.m_motorImpulse=l(this.m_motorImpulse+m,-p,p),i-=a*(m=this.m_motorImpulse-d),n+=c*m}if(this.m_enableLimit&&this.m_limitState!=Ei.inactiveLimit&&0==h){var f=_.zero();f.addCombine(1,o,1,_.crossNumVec2(n,this.m_rB)),f.subCombine(1,e,1,_.crossNumVec2(i,this.m_rA));var y=n-i;if(u=new ro(f.x,f.y,y),m=ro.neg(this.m_mass.solve33(u)),this.m_limitState==Ei.equalLimits)this.m_impulse.add(m);else if(this.m_limitState==Ei.atLowerLimit)if(this.m_impulse.z+m.z<0){var w=_.combine(-1,f,this.m_impulse.z,_.neo(this.m_mass.ez.x,this.m_mass.ez.y)),g=this.m_mass.solve22(w);m.x=g.x,m.y=g.y,m.z=-this.m_impulse.z,this.m_impulse.x+=g.x,this.m_impulse.y+=g.y,this.m_impulse.z=0}else this.m_impulse.add(m);else this.m_limitState==Ei.atUpperLimit&&(this.m_impulse.z+m.z>0?(w=_.combine(-1,f,this.m_impulse.z,_.neo(this.m_mass.ez.x,this.m_mass.ez.y)),g=this.m_mass.solve22(w),m.x=g.x,m.y=g.y,m.z=-this.m_impulse.z,this.m_impulse.x+=g.x,this.m_impulse.y+=g.y,this.m_impulse.z=0):this.m_impulse.add(m));var v=_.neo(m.x,m.y);e.subMul(r,v),i-=a*(_.crossVec2Vec2(this.m_rA,v)+m.z),o.addMul(s,v),n+=c*(_.crossVec2Vec2(this.m_rB,v)+m.z)}else(u=_.zero()).addCombine(1,o,1,_.crossNumVec2(n,this.m_rB)),u.subCombine(1,e,1,_.crossNumVec2(i,this.m_rA)),m=this.m_mass.solve22(_.neg(u)),this.m_impulse.x+=m.x,this.m_impulse.y+=m.y,e.subMul(r,m),i-=a*_.crossVec2Vec2(this.m_rA,m),o.addMul(s,m),n+=c*_.crossVec2Vec2(this.m_rB,m);this.m_bodyA.c_velocity.v=e,this.m_bodyA.c_velocity.w=i,this.m_bodyB.c_velocity.v=o,this.m_bodyB.c_velocity.w=n},e.prototype.solvePositionConstraints=function(t){var e,i=this.m_bodyA.c_position.c,o=this.m_bodyA.c_position.a,n=this.m_bodyB.c_position.c,r=this.m_bodyB.c_position.a,s=pt.neo(o),a=pt.neo(r),c=0,h=this.m_invIA+this.m_invIB==0;if(this.m_enableLimit&&this.m_limitState!=Ei.inactiveLimit&&0==h){var u=r-o-this.m_referenceAngle,m=0;if(this.m_limitState==Ei.equalLimits){var d=l(u-this.m_lowerAngle,-x.maxAngularCorrection,x.maxAngularCorrection);m=-this.m_motorMass*d,c=ko(d)}else this.m_limitState==Ei.atLowerLimit?(c=-(d=u-this.m_lowerAngle),d=l(d+x.angularSlop,-x.maxAngularCorrection,0),m=-this.m_motorMass*d):this.m_limitState==Ei.atUpperLimit&&(c=d=u-this.m_upperAngle,d=l(d-x.angularSlop,0,x.maxAngularCorrection),m=-this.m_motorMass*d);o-=this.m_invIA*m,r+=this.m_invIB*m}s.setAngle(o),a.setAngle(r);var p=pt.mulVec2(s,_.sub(this.m_localAnchorA,this.m_localCenterA)),f=pt.mulVec2(a,_.sub(this.m_localAnchorB,this.m_localCenterB));(d=_.zero()).addCombine(1,n,1,f),d.subCombine(1,i,1,p),e=d.length();var y=this.m_invMassA,w=this.m_invMassB,g=this.m_invIA,v=this.m_invIB,b=new ei;b.ex.x=y+w+g*p.y*p.y+v*f.y*f.y,b.ex.y=-g*p.x*p.y-v*f.x*f.y,b.ey.x=b.ex.y,b.ey.y=y+w+g*p.x*p.x+v*f.x*f.x;var A=_.neg(b.solve(d));return i.subMul(y,A),o-=g*_.crossVec2Vec2(p,A),n.addMul(w,A),r+=v*_.crossVec2Vec2(f,A),this.m_bodyA.c_position.c.setVec2(i),this.m_bodyA.c_position.a=o,this.m_bodyB.c_position.c.setVec2(n),this.m_bodyB.c_position.a=r,e<=x.linearSlop&&c<=x.angularSlop},e.TYPE="revolute-joint",e}(qt),Oo=Math.abs,zo=Math.max,Ho=Math.min;!function(t){t[t.inactiveLimit=0]="inactiveLimit",t[t.atLowerLimit=1]="atLowerLimit",t[t.atUpperLimit=2]="atUpperLimit",t[t.equalLimits=3]="equalLimits"}(Vo||(Vo={}));var qo,Uo={enableLimit:!1,lowerTranslation:0,upperTranslation:0,enableMotor:!1,maxMotorForce:0,motorSpeed:0},jo=function(t){function e(i,o,r,s,a){var c=this;return c instanceof e?(i=n(i,Uo),o=(c=t.call(this,i,o,r)||this).m_bodyA,r=c.m_bodyB,c.m_type=e.TYPE,c.m_localAnchorA=_.clone(s?o.getLocalPoint(s):i.localAnchorA||_.zero()),c.m_localAnchorB=_.clone(s?r.getLocalPoint(s):i.localAnchorB||_.zero()),c.m_localXAxisA=_.clone(a?o.getLocalVector(a):i.localAxisA||_.neo(1,0)),c.m_localXAxisA.normalize(),c.m_localYAxisA=_.crossNumVec2(1,c.m_localXAxisA),c.m_referenceAngle=Number.isFinite(i.referenceAngle)?i.referenceAngle:r.getAngle()-o.getAngle(),c.m_impulse=new ro,c.m_motorMass=0,c.m_motorImpulse=0,c.m_lowerTranslation=i.lowerTranslation,c.m_upperTranslation=i.upperTranslation,c.m_maxMotorForce=i.maxMotorForce,c.m_motorSpeed=i.motorSpeed,c.m_enableLimit=i.enableLimit,c.m_enableMotor=i.enableMotor,c.m_limitState=Vo.inactiveLimit,c.m_axis=_.zero(),c.m_perp=_.zero(),c.m_K=new Do,c):new e(i,o,r,s,a)}return i(e,t),e.prototype._serialize=function(){return{type:this.m_type,bodyA:this.m_bodyA,bodyB:this.m_bodyB,collideConnected:this.m_collideConnected,lowerTranslation:this.m_lowerTranslation,upperTranslation:this.m_upperTranslation,maxMotorForce:this.m_maxMotorForce,motorSpeed:this.m_motorSpeed,enableLimit:this.m_enableLimit,enableMotor:this.m_enableMotor,localAnchorA:this.m_localAnchorA,localAnchorB:this.m_localAnchorB,localAxisA:this.m_localXAxisA,referenceAngle:this.m_referenceAngle}},e._deserialize=function(t,i,n){return(t=o({},t)).bodyA=n(zt,t.bodyA,i),t.bodyB=n(zt,t.bodyB,i),t.localAxisA=_.clone(t.localAxisA),new e(t)},e.prototype._reset=function(t){t.anchorA?this.m_localAnchorA.setVec2(this.m_bodyA.getLocalPoint(t.anchorA)):t.localAnchorA&&this.m_localAnchorA.setVec2(t.localAnchorA),t.anchorB?this.m_localAnchorB.setVec2(this.m_bodyB.getLocalPoint(t.anchorB)):t.localAnchorB&&this.m_localAnchorB.setVec2(t.localAnchorB),t.localAxisA&&(this.m_localXAxisA.setVec2(t.localAxisA),this.m_localYAxisA.setVec2(_.crossNumVec2(1,t.localAxisA))),Number.isFinite(t.referenceAngle)&&(this.m_referenceAngle=t.referenceAngle),void 0!==t.enableLimit&&(this.m_enableLimit=!!t.enableLimit),Number.isFinite(t.lowerTranslation)&&(this.m_lowerTranslation=t.lowerTranslation),Number.isFinite(t.upperTranslation)&&(this.m_upperTranslation=t.upperTranslation),void 0!==t.enableMotor&&(this.m_enableMotor=!!t.enableMotor),Number.isFinite(t.maxMotorForce)&&(this.m_maxMotorForce=t.maxMotorForce),Number.isFinite(t.motorSpeed)&&(this.m_motorSpeed=t.motorSpeed)},e.prototype.getLocalAnchorA=function(){return this.m_localAnchorA},e.prototype.getLocalAnchorB=function(){return this.m_localAnchorB},e.prototype.getLocalAxisA=function(){return this.m_localXAxisA},e.prototype.getReferenceAngle=function(){return this.m_referenceAngle},e.prototype.getJointTranslation=function(){var t=this.m_bodyA.getWorldPoint(this.m_localAnchorA),e=this.m_bodyB.getWorldPoint(this.m_localAnchorB),i=_.sub(e,t),o=this.m_bodyA.getWorldVector(this.m_localXAxisA);return _.dot(i,o)},e.prototype.getJointSpeed=function(){var t=this.m_bodyA,e=this.m_bodyB,i=pt.mulVec2(t.m_xf.q,_.sub(this.m_localAnchorA,t.m_sweep.localCenter)),o=pt.mulVec2(e.m_xf.q,_.sub(this.m_localAnchorB,e.m_sweep.localCenter)),n=_.add(t.m_sweep.c,i),r=_.add(e.m_sweep.c,o),s=_.sub(r,n),a=pt.mulVec2(t.m_xf.q,this.m_localXAxisA),c=t.m_linearVelocity,l=e.m_linearVelocity,h=t.m_angularVelocity,u=e.m_angularVelocity;return _.dot(s,_.crossNumVec2(h,a))+_.dot(a,_.sub(_.addCrossNumVec2(l,u,o),_.addCrossNumVec2(c,h,i)))},e.prototype.isLimitEnabled=function(){return this.m_enableLimit},e.prototype.enableLimit=function(t){t!=this.m_enableLimit&&(this.m_bodyA.setAwake(!0),this.m_bodyB.setAwake(!0),this.m_enableLimit=t,this.m_impulse.z=0)},e.prototype.getLowerLimit=function(){return this.m_lowerTranslation},e.prototype.getUpperLimit=function(){return this.m_upperTranslation},e.prototype.setLimits=function(t,e){t==this.m_lowerTranslation&&e==this.m_upperTranslation||(this.m_bodyA.setAwake(!0),this.m_bodyB.setAwake(!0),this.m_lowerTranslation=t,this.m_upperTranslation=e,this.m_impulse.z=0)},e.prototype.isMotorEnabled=function(){return this.m_enableMotor},e.prototype.enableMotor=function(t){t!=this.m_enableMotor&&(this.m_bodyA.setAwake(!0),this.m_bodyB.setAwake(!0),this.m_enableMotor=t)},e.prototype.setMotorSpeed=function(t){t!=this.m_motorSpeed&&(this.m_bodyA.setAwake(!0),this.m_bodyB.setAwake(!0),this.m_motorSpeed=t)},e.prototype.setMaxMotorForce=function(t){t!=this.m_maxMotorForce&&(this.m_bodyA.setAwake(!0),this.m_bodyB.setAwake(!0),this.m_maxMotorForce=t)},e.prototype.getMaxMotorForce=function(){return this.m_maxMotorForce},e.prototype.getMotorSpeed=function(){return this.m_motorSpeed},e.prototype.getMotorForce=function(t){return t*this.m_motorImpulse},e.prototype.getAnchorA=function(){return this.m_bodyA.getWorldPoint(this.m_localAnchorA)},e.prototype.getAnchorB=function(){return this.m_bodyB.getWorldPoint(this.m_localAnchorB)},e.prototype.getReactionForce=function(t){return _.combine(this.m_impulse.x,this.m_perp,this.m_motorImpulse+this.m_impulse.z,this.m_axis).mul(t)},e.prototype.getReactionTorque=function(t){return t*this.m_impulse.y},e.prototype.initVelocityConstraints=function(t){this.m_localCenterA=this.m_bodyA.m_sweep.localCenter,this.m_localCenterB=this.m_bodyB.m_sweep.localCenter,this.m_invMassA=this.m_bodyA.m_invMass,this.m_invMassB=this.m_bodyB.m_invMass,this.m_invIA=this.m_bodyA.m_invI,this.m_invIB=this.m_bodyB.m_invI;var e=this.m_bodyA.c_position.c,i=this.m_bodyA.c_position.a,o=this.m_bodyA.c_velocity.v,n=this.m_bodyA.c_velocity.w,r=this.m_bodyB.c_position.c,s=this.m_bodyB.c_position.a,a=this.m_bodyB.c_velocity.v,c=this.m_bodyB.c_velocity.w,l=pt.neo(i),h=pt.neo(s),u=pt.mulVec2(l,_.sub(this.m_localAnchorA,this.m_localCenterA)),m=pt.mulVec2(h,_.sub(this.m_localAnchorB,this.m_localCenterB)),d=_.zero();d.addCombine(1,r,1,m),d.subCombine(1,e,1,u);var p=this.m_invMassA,f=this.m_invMassB,y=this.m_invIA,w=this.m_invIB;this.m_axis=pt.mulVec2(l,this.m_localXAxisA),this.m_a1=_.crossVec2Vec2(_.add(d,u),this.m_axis),this.m_a2=_.crossVec2Vec2(m,this.m_axis),this.m_motorMass=p+f+y*this.m_a1*this.m_a1+w*this.m_a2*this.m_a2,this.m_motorMass>0&&(this.m_motorMass=1/this.m_motorMass),this.m_perp=pt.mulVec2(l,this.m_localYAxisA),this.m_s1=_.crossVec2Vec2(_.add(d,u),this.m_perp),this.m_s2=_.crossVec2Vec2(m,this.m_perp),_.crossVec2Vec2(u,this.m_perp);var g=p+f+y*this.m_s1*this.m_s1+w*this.m_s2*this.m_s2,v=y*this.m_s1+w*this.m_s2,b=y*this.m_s1*this.m_a1+w*this.m_s2*this.m_a2,A=y+w;0==A&&(A=1);var C=y*this.m_a1+w*this.m_a2,S=p+f+y*this.m_a1*this.m_a1+w*this.m_a2*this.m_a2;if(this.m_K.ex.set(g,v,b),this.m_K.ey.set(v,A,C),this.m_K.ez.set(b,C,S),this.m_enableLimit){var R=_.dot(this.m_axis,d);Oo(this.m_upperTranslation-this.m_lowerTranslation)<2*x.linearSlop?this.m_limitState=Vo.equalLimits:R<=this.m_lowerTranslation?this.m_limitState!=Vo.atLowerLimit&&(this.m_limitState=Vo.atLowerLimit,this.m_impulse.z=0):R>=this.m_upperTranslation?this.m_limitState!=Vo.atUpperLimit&&(this.m_limitState=Vo.atUpperLimit,this.m_impulse.z=0):(this.m_limitState=Vo.inactiveLimit,this.m_impulse.z=0)}else this.m_limitState=Vo.inactiveLimit,this.m_impulse.z=0;if(0==this.m_enableMotor&&(this.m_motorImpulse=0),t.warmStarting){this.m_impulse.mul(t.dtRatio),this.m_motorImpulse*=t.dtRatio;var E=_.combine(this.m_impulse.x,this.m_perp,this.m_motorImpulse+this.m_impulse.z,this.m_axis),T=this.m_impulse.x*this.m_s1+this.m_impulse.y+(this.m_motorImpulse+this.m_impulse.z)*this.m_a1,I=this.m_impulse.x*this.m_s2+this.m_impulse.y+(this.m_motorImpulse+this.m_impulse.z)*this.m_a2;o.subMul(p,E),n-=y*T,a.addMul(f,E),c+=w*I}else this.m_impulse.setZero(),this.m_motorImpulse=0;this.m_bodyA.c_velocity.v.setVec2(o),this.m_bodyA.c_velocity.w=n,this.m_bodyB.c_velocity.v.setVec2(a),this.m_bodyB.c_velocity.w=c},e.prototype.solveVelocityConstraints=function(t){var e=this.m_bodyA.c_velocity.v,i=this.m_bodyA.c_velocity.w,o=this.m_bodyB.c_velocity.v,n=this.m_bodyB.c_velocity.w,r=this.m_invMassA,s=this.m_invMassB,a=this.m_invIA,c=this.m_invIB;if(this.m_enableMotor&&this.m_limitState!=Vo.equalLimits){var h=_.dot(this.m_axis,_.sub(o,e))+this.m_a2*n-this.m_a1*i,u=this.m_motorMass*(this.m_motorSpeed-h),m=this.m_motorImpulse,d=t.dt*this.m_maxMotorForce;this.m_motorImpulse=l(this.m_motorImpulse+u,-d,d),u=this.m_motorImpulse-m;var p=_.mulNumVec2(u,this.m_axis),f=u*this.m_a1,y=u*this.m_a2;e.subMul(r,p),i-=a*f,o.addMul(s,p),n+=c*y}var w=_.zero();if(w.x+=_.dot(this.m_perp,o)+this.m_s2*n,w.x-=_.dot(this.m_perp,e)+this.m_s1*i,w.y=n-i,this.m_enableLimit&&this.m_limitState!=Vo.inactiveLimit){var g=0;g+=_.dot(this.m_axis,o)+this.m_a2*n,g-=_.dot(this.m_axis,e)+this.m_a1*i,h=new ro(w.x,w.y,g);var v=ro.clone(this.m_impulse),x=this.m_K.solve33(ro.neg(h));this.m_impulse.add(x),this.m_limitState==Vo.atLowerLimit?this.m_impulse.z=zo(this.m_impulse.z,0):this.m_limitState==Vo.atUpperLimit&&(this.m_impulse.z=Ho(this.m_impulse.z,0));var b=_.combine(-1,w,-(this.m_impulse.z-v.z),_.neo(this.m_K.ez.x,this.m_K.ez.y)),A=_.add(this.m_K.solve22(b),_.neo(v.x,v.y));this.m_impulse.x=A.x,this.m_impulse.y=A.y,x=ro.sub(this.m_impulse,v),p=_.combine(x.x,this.m_perp,x.z,this.m_axis),f=x.x*this.m_s1+x.y+x.z*this.m_a1,y=x.x*this.m_s2+x.y+x.z*this.m_a2,e.subMul(r,p),i-=a*f,o.addMul(s,p),n+=c*y}else x=this.m_K.solve22(_.neg(w)),this.m_impulse.x+=x.x,this.m_impulse.y+=x.y,p=_.mulNumVec2(x.x,this.m_perp),f=x.x*this.m_s1+x.y,y=x.x*this.m_s2+x.y,e.subMul(r,p),i-=a*f,o.addMul(s,p),n+=c*y;this.m_bodyA.c_velocity.v=e,this.m_bodyA.c_velocity.w=i,this.m_bodyB.c_velocity.v=o,this.m_bodyB.c_velocity.w=n},e.prototype.solvePositionConstraints=function(t){var e=this.m_bodyA.c_position.c,i=this.m_bodyA.c_position.a,o=this.m_bodyB.c_position.c,n=this.m_bodyB.c_position.a,r=pt.neo(i),s=pt.neo(n),a=this.m_invMassA,c=this.m_invMassB,h=this.m_invIA,u=this.m_invIB,m=pt.mulVec2(r,_.sub(this.m_localAnchorA,this.m_localCenterA)),d=pt.mulVec2(s,_.sub(this.m_localAnchorB,this.m_localCenterB)),p=_.sub(_.add(o,d),_.add(e,m)),f=pt.mulVec2(r,this.m_localXAxisA),y=_.crossVec2Vec2(_.add(p,m),f),w=_.crossVec2Vec2(d,f),g=pt.mulVec2(r,this.m_localYAxisA),v=_.crossVec2Vec2(_.add(p,m),g),b=_.crossVec2Vec2(d,g),A=new ro,C=_.zero();C.x=_.dot(g,p),C.y=n-i-this.m_referenceAngle;var S=Oo(C.x),R=Oo(C.y),E=x.linearSlop,T=x.maxLinearCorrection,I=!1,M=0;if(this.m_enableLimit){var B=_.dot(f,p);Oo(this.m_upperTranslation-this.m_lowerTranslation)<2*E?(M=l(B,-T,T),S=zo(S,Oo(B)),I=!0):B<=this.m_lowerTranslation?(M=l(B-this.m_lowerTranslation+E,-T,0),S=Math.max(S,this.m_lowerTranslation-B),I=!0):B>=this.m_upperTranslation&&(M=l(B-this.m_upperTranslation-E,0,T),S=Math.max(S,B-this.m_upperTranslation),I=!0)}if(I){var F=a+c+h*v*v+u*b*b,P=h*v+u*b,L=h*v*y+u*b*w;0==(V=h+u)&&(V=1);var N=h*y+u*w,D=a+c+h*y*y+u*w*w;(G=new Do).ex.set(F,P,L),G.ey.set(P,V,N),G.ez.set(L,N,D);var k=new ro;k.x=C.x,k.y=C.y,k.z=M,A=G.solve33(ro.neg(k))}else{var V,G;F=a+c+h*v*v+u*b*b,P=h*v+u*b,0==(V=h+u)&&(V=1),(G=new ei).ex.setNum(F,P),G.ey.setNum(P,V);var O=G.solve(_.neg(C));A.x=O.x,A.y=O.y,A.z=0}var z=_.combine(A.x,g,A.z,f),H=A.x*v+A.y+A.z*y,q=A.x*b+A.y+A.z*w;return e.subMul(a,z),i-=h*H,o.addMul(c,z),n+=u*q,this.m_bodyA.c_position.c=e,this.m_bodyA.c_position.a=i,this.m_bodyB.c_position.c=o,this.m_bodyB.c_position.a=n,S<=x.linearSlop&&R<=x.angularSlop},e.TYPE="prismatic-joint",e}(qt),Wo={ratio:1},Xo=function(t){function e(i,o,r,s,a,c){var l,h,u=this;if(!(u instanceof e))return new e(i,o,r,s,a,c);i=n(i,Wo),o=(u=t.call(this,i,o,r)||this).m_bodyA,r=u.m_bodyB,u.m_type=e.TYPE,u.m_joint1=s||i.joint1,u.m_joint2=a||i.joint2,u.m_ratio=Number.isFinite(c)?c:i.ratio,u.m_type1=u.m_joint1.getType(),u.m_type2=u.m_joint2.getType(),u.m_bodyC=u.m_joint1.getBodyA(),u.m_bodyA=u.m_joint1.getBodyB();var m=u.m_bodyA.m_xf,d=u.m_bodyA.m_sweep.a,p=u.m_bodyC.m_xf,f=u.m_bodyC.m_sweep.a;if(u.m_type1===Go.TYPE){var y=u.m_joint1;u.m_localAnchorC=y.m_localAnchorA,u.m_localAnchorA=y.m_localAnchorB,u.m_referenceAngleA=y.m_referenceAngle,u.m_localAxisC=_.zero(),l=d-f-u.m_referenceAngleA}else{var w=u.m_joint1;u.m_localAnchorC=w.m_localAnchorA,u.m_localAnchorA=w.m_localAnchorB,u.m_referenceAngleA=w.m_referenceAngle,u.m_localAxisC=w.m_localXAxisA;var g=u.m_localAnchorC,v=pt.mulTVec2(p.q,_.add(pt.mulVec2(m.q,u.m_localAnchorA),_.sub(m.p,p.p)));l=_.dot(v,u.m_localAxisC)-_.dot(g,u.m_localAxisC)}u.m_bodyD=u.m_joint2.getBodyA(),u.m_bodyB=u.m_joint2.getBodyB();var x=u.m_bodyB.m_xf,b=u.m_bodyB.m_sweep.a,A=u.m_bodyD.m_xf,C=u.m_bodyD.m_sweep.a;if(u.m_type2===Go.TYPE)y=u.m_joint2,u.m_localAnchorD=y.m_localAnchorA,u.m_localAnchorB=y.m_localAnchorB,u.m_referenceAngleB=y.m_referenceAngle,u.m_localAxisD=_.zero(),h=b-C-u.m_referenceAngleB;else{w=u.m_joint2,u.m_localAnchorD=w.m_localAnchorA,u.m_localAnchorB=w.m_localAnchorB,u.m_referenceAngleB=w.m_referenceAngle,u.m_localAxisD=w.m_localXAxisA;var S=u.m_localAnchorD,R=pt.mulTVec2(A.q,_.add(pt.mulVec2(x.q,u.m_localAnchorB),_.sub(x.p,A.p)));h=_.dot(R,u.m_localAxisD)-_.dot(S,u.m_localAxisD)}return u.m_constant=l+u.m_ratio*h,u.m_impulse=0,u}return i(e,t),e.prototype._serialize=function(){return{type:this.m_type,bodyA:this.m_bodyA,bodyB:this.m_bodyB,collideConnected:this.m_collideConnected,joint1:this.m_joint1,joint2:this.m_joint2,ratio:this.m_ratio}},e._deserialize=function(t,i,n){return(t=o({},t)).bodyA=n(zt,t.bodyA,i),t.bodyB=n(zt,t.bodyB,i),t.joint1=n(qt,t.joint1,i),t.joint2=n(qt,t.joint2,i),new e(t)},e.prototype._reset=function(t){Number.isFinite(t.ratio)&&(this.m_ratio=t.ratio)},e.prototype.getJoint1=function(){return this.m_joint1},e.prototype.getJoint2=function(){return this.m_joint2},e.prototype.setRatio=function(t){this.m_ratio=t},e.prototype.getRatio=function(){return this.m_ratio},e.prototype.getAnchorA=function(){return this.m_bodyA.getWorldPoint(this.m_localAnchorA)},e.prototype.getAnchorB=function(){return this.m_bodyB.getWorldPoint(this.m_localAnchorB)},e.prototype.getReactionForce=function(t){return _.mulNumVec2(this.m_impulse,this.m_JvAC).mul(t)},e.prototype.getReactionTorque=function(t){return t*(this.m_impulse*this.m_JwA)},e.prototype.initVelocityConstraints=function(t){this.m_lcA=this.m_bodyA.m_sweep.localCenter,this.m_lcB=this.m_bodyB.m_sweep.localCenter,this.m_lcC=this.m_bodyC.m_sweep.localCenter,this.m_lcD=this.m_bodyD.m_sweep.localCenter,this.m_mA=this.m_bodyA.m_invMass,this.m_mB=this.m_bodyB.m_invMass,this.m_mC=this.m_bodyC.m_invMass,this.m_mD=this.m_bodyD.m_invMass,this.m_iA=this.m_bodyA.m_invI,this.m_iB=this.m_bodyB.m_invI,this.m_iC=this.m_bodyC.m_invI,this.m_iD=this.m_bodyD.m_invI;var e=this.m_bodyA.c_position.a,i=this.m_bodyA.c_velocity.v,o=this.m_bodyA.c_velocity.w,n=this.m_bodyB.c_position.a,r=this.m_bodyB.c_velocity.v,s=this.m_bodyB.c_velocity.w,a=this.m_bodyC.c_position.a,c=this.m_bodyC.c_velocity.v,l=this.m_bodyC.c_velocity.w,h=this.m_bodyD.c_position.a,u=this.m_bodyD.c_velocity.v,m=this.m_bodyD.c_velocity.w,d=pt.neo(e),p=pt.neo(n),f=pt.neo(a),y=pt.neo(h);if(this.m_mass=0,this.m_type1==Go.TYPE)this.m_JvAC=_.zero(),this.m_JwA=1,this.m_JwC=1,this.m_mass+=this.m_iA+this.m_iC;else{var w=pt.mulVec2(f,this.m_localAxisC),g=pt.mulSub(f,this.m_localAnchorC,this.m_lcC),v=pt.mulSub(d,this.m_localAnchorA,this.m_lcA);this.m_JvAC=w,this.m_JwC=_.crossVec2Vec2(g,w),this.m_JwA=_.crossVec2Vec2(v,w),this.m_mass+=this.m_mC+this.m_mA+this.m_iC*this.m_JwC*this.m_JwC+this.m_iA*this.m_JwA*this.m_JwA}if(this.m_type2==Go.TYPE)this.m_JvBD=_.zero(),this.m_JwB=this.m_ratio,this.m_JwD=this.m_ratio,this.m_mass+=this.m_ratio*this.m_ratio*(this.m_iB+this.m_iD);else{w=pt.mulVec2(y,this.m_localAxisD);var x=pt.mulSub(y,this.m_localAnchorD,this.m_lcD),b=pt.mulSub(p,this.m_localAnchorB,this.m_lcB);this.m_JvBD=_.mulNumVec2(this.m_ratio,w),this.m_JwD=this.m_ratio*_.crossVec2Vec2(x,w),this.m_JwB=this.m_ratio*_.crossVec2Vec2(b,w),this.m_mass+=this.m_ratio*this.m_ratio*(this.m_mD+this.m_mB)+this.m_iD*this.m_JwD*this.m_JwD+this.m_iB*this.m_JwB*this.m_JwB}this.m_mass=this.m_mass>0?1/this.m_mass:0,t.warmStarting?(i.addMul(this.m_mA*this.m_impulse,this.m_JvAC),o+=this.m_iA*this.m_impulse*this.m_JwA,r.addMul(this.m_mB*this.m_impulse,this.m_JvBD),s+=this.m_iB*this.m_impulse*this.m_JwB,c.subMul(this.m_mC*this.m_impulse,this.m_JvAC),l-=this.m_iC*this.m_impulse*this.m_JwC,u.subMul(this.m_mD*this.m_impulse,this.m_JvBD),m-=this.m_iD*this.m_impulse*this.m_JwD):this.m_impulse=0,this.m_bodyA.c_velocity.v.setVec2(i),this.m_bodyA.c_velocity.w=o,this.m_bodyB.c_velocity.v.setVec2(r),this.m_bodyB.c_velocity.w=s,this.m_bodyC.c_velocity.v.setVec2(c),this.m_bodyC.c_velocity.w=l,this.m_bodyD.c_velocity.v.setVec2(u),this.m_bodyD.c_velocity.w=m},e.prototype.solveVelocityConstraints=function(t){var e=this.m_bodyA.c_velocity.v,i=this.m_bodyA.c_velocity.w,o=this.m_bodyB.c_velocity.v,n=this.m_bodyB.c_velocity.w,r=this.m_bodyC.c_velocity.v,s=this.m_bodyC.c_velocity.w,a=this.m_bodyD.c_velocity.v,c=this.m_bodyD.c_velocity.w,l=_.dot(this.m_JvAC,e)-_.dot(this.m_JvAC,r)+_.dot(this.m_JvBD,o)-_.dot(this.m_JvBD,a);l+=this.m_JwA*i-this.m_JwC*s+(this.m_JwB*n-this.m_JwD*c);var h=-this.m_mass*l;this.m_impulse+=h,e.addMul(this.m_mA*h,this.m_JvAC),i+=this.m_iA*h*this.m_JwA,o.addMul(this.m_mB*h,this.m_JvBD),n+=this.m_iB*h*this.m_JwB,r.subMul(this.m_mC*h,this.m_JvAC),s-=this.m_iC*h*this.m_JwC,a.subMul(this.m_mD*h,this.m_JvBD),c-=this.m_iD*h*this.m_JwD,this.m_bodyA.c_velocity.v.setVec2(e),this.m_bodyA.c_velocity.w=i,this.m_bodyB.c_velocity.v.setVec2(o),this.m_bodyB.c_velocity.w=n,this.m_bodyC.c_velocity.v.setVec2(r),this.m_bodyC.c_velocity.w=s,this.m_bodyD.c_velocity.v.setVec2(a),this.m_bodyD.c_velocity.w=c},e.prototype.solvePositionConstraints=function(t){var e,i,o,n,r,s,a,c,l=this.m_bodyA.c_position.c,h=this.m_bodyA.c_position.a,u=this.m_bodyB.c_position.c,m=this.m_bodyB.c_position.a,d=this.m_bodyC.c_position.c,p=this.m_bodyC.c_position.a,f=this.m_bodyD.c_position.c,y=this.m_bodyD.c_position.a,w=pt.neo(h),g=pt.neo(m),v=pt.neo(p),b=pt.neo(y),A=0;if(this.m_type1==Go.TYPE)o=_.zero(),r=1,a=1,A+=this.m_iA+this.m_iC,e=h-p-this.m_referenceAngleA;else{var C=pt.mulVec2(v,this.m_localAxisC),S=pt.mulSub(v,this.m_localAnchorC,this.m_lcC),R=pt.mulSub(w,this.m_localAnchorA,this.m_lcA);o=C,a=_.crossVec2Vec2(S,C),r=_.crossVec2Vec2(R,C),A+=this.m_mC+this.m_mA+this.m_iC*a*a+this.m_iA*r*r;var E=_.sub(this.m_localAnchorC,this.m_lcC),T=pt.mulTVec2(v,_.add(R,_.sub(l,d)));e=_.dot(_.sub(T,E),this.m_localAxisC)}if(this.m_type2==Go.TYPE)n=_.zero(),s=this.m_ratio,c=this.m_ratio,A+=this.m_ratio*this.m_ratio*(this.m_iB+this.m_iD),i=m-y-this.m_referenceAngleB;else{C=pt.mulVec2(b,this.m_localAxisD);var I=pt.mulSub(b,this.m_localAnchorD,this.m_lcD),M=pt.mulSub(g,this.m_localAnchorB,this.m_lcB);n=_.mulNumVec2(this.m_ratio,C),c=this.m_ratio*_.crossVec2Vec2(I,C),s=this.m_ratio*_.crossVec2Vec2(M,C),A+=this.m_ratio*this.m_ratio*(this.m_mD+this.m_mB)+this.m_iD*c*c+this.m_iB*s*s;var B=_.sub(this.m_localAnchorD,this.m_lcD),F=pt.mulTVec2(b,_.add(M,_.sub(u,f)));i=_.dot(F,this.m_localAxisD)-_.dot(B,this.m_localAxisD)}var P=e+this.m_ratio*i-this.m_constant,L=0;return A>0&&(L=-P/A),l.addMul(this.m_mA*L,o),h+=this.m_iA*L*r,u.addMul(this.m_mB*L,n),m+=this.m_iB*L*s,d.subMul(this.m_mC*L,o),p-=this.m_iC*L*a,f.subMul(this.m_mD*L,n),y-=this.m_iD*L*c,this.m_bodyA.c_position.c.setVec2(l),this.m_bodyA.c_position.a=h,this.m_bodyB.c_position.c.setVec2(u),this.m_bodyB.c_position.a=m,this.m_bodyC.c_position.c.setVec2(d),this.m_bodyC.c_position.a=p,this.m_bodyD.c_position.c.setVec2(f),this.m_bodyD.c_position.a=y,0<x.linearSlop},e.TYPE="gear-joint",e}(qt),Yo={maxForce:1,maxTorque:1,correctionFactor:.3},Jo=function(t){function e(i,o,r){var s=this;return s instanceof e?(i=n(i,Yo),o=(s=t.call(this,i,o,r)||this).m_bodyA,r=s.m_bodyB,s.m_type=e.TYPE,s.m_linearOffset=_.isValid(i.linearOffset)?_.clone(i.linearOffset):o.getLocalPoint(r.getPosition()),s.m_angularOffset=Number.isFinite(i.angularOffset)?i.angularOffset:r.getAngle()-o.getAngle(),s.m_linearImpulse=_.zero(),s.m_angularImpulse=0,s.m_maxForce=i.maxForce,s.m_maxTorque=i.maxTorque,s.m_correctionFactor=i.correctionFactor,s):new e(i,o,r)}return i(e,t),e.prototype._serialize=function(){return{type:this.m_type,bodyA:this.m_bodyA,bodyB:this.m_bodyB,collideConnected:this.m_collideConnected,maxForce:this.m_maxForce,maxTorque:this.m_maxTorque,correctionFactor:this.m_correctionFactor,linearOffset:this.m_linearOffset,angularOffset:this.m_angularOffset}},e._deserialize=function(t,i,n){return(t=o({},t)).bodyA=n(zt,t.bodyA,i),t.bodyB=n(zt,t.bodyB,i),new e(t)},e.prototype._reset=function(t){Number.isFinite(t.angularOffset)&&(this.m_angularOffset=t.angularOffset),Number.isFinite(t.maxForce)&&(this.m_maxForce=t.maxForce),Number.isFinite(t.maxTorque)&&(this.m_maxTorque=t.maxTorque),Number.isFinite(t.correctionFactor)&&(this.m_correctionFactor=t.correctionFactor),_.isValid(t.linearOffset)&&this.m_linearOffset.set(t.linearOffset)},e.prototype.setMaxForce=function(t){this.m_maxForce=t},e.prototype.getMaxForce=function(){return this.m_maxForce},e.prototype.setMaxTorque=function(t){this.m_maxTorque=t},e.prototype.getMaxTorque=function(){return this.m_maxTorque},e.prototype.setCorrectionFactor=function(t){this.m_correctionFactor=t},e.prototype.getCorrectionFactor=function(){return this.m_correctionFactor},e.prototype.setLinearOffset=function(t){t.x==this.m_linearOffset.x&&t.y==this.m_linearOffset.y||(this.m_bodyA.setAwake(!0),this.m_bodyB.setAwake(!0),this.m_linearOffset.set(t))},e.prototype.getLinearOffset=function(){return this.m_linearOffset},e.prototype.setAngularOffset=function(t){t!=this.m_angularOffset&&(this.m_bodyA.setAwake(!0),this.m_bodyB.setAwake(!0),this.m_angularOffset=t)},e.prototype.getAngularOffset=function(){return this.m_angularOffset},e.prototype.getAnchorA=function(){return this.m_bodyA.getPosition()},e.prototype.getAnchorB=function(){return this.m_bodyB.getPosition()},e.prototype.getReactionForce=function(t){return _.mulNumVec2(t,this.m_linearImpulse)},e.prototype.getReactionTorque=function(t){return t*this.m_angularImpulse},e.prototype.initVelocityConstraints=function(t){this.m_localCenterA=this.m_bodyA.m_sweep.localCenter,this.m_localCenterB=this.m_bodyB.m_sweep.localCenter,this.m_invMassA=this.m_bodyA.m_invMass,this.m_invMassB=this.m_bodyB.m_invMass,this.m_invIA=this.m_bodyA.m_invI,this.m_invIB=this.m_bodyB.m_invI;var e=this.m_bodyA.c_position.c,i=this.m_bodyA.c_position.a,o=this.m_bodyA.c_velocity.v,n=this.m_bodyA.c_velocity.w,r=this.m_bodyB.c_position.c,s=this.m_bodyB.c_position.a,a=this.m_bodyB.c_velocity.v,c=this.m_bodyB.c_velocity.w,l=pt.neo(i),h=pt.neo(s);this.m_rA=pt.mulVec2(l,_.sub(this.m_linearOffset,this.m_localCenterA)),this.m_rB=pt.mulVec2(h,_.neg(this.m_localCenterB));var u=this.m_invMassA,m=this.m_invMassB,d=this.m_invIA,p=this.m_invIB,f=new ei;if(f.ex.x=u+m+d*this.m_rA.y*this.m_rA.y+p*this.m_rB.y*this.m_rB.y,f.ex.y=-d*this.m_rA.x*this.m_rA.y-p*this.m_rB.x*this.m_rB.y,f.ey.x=f.ex.y,f.ey.y=u+m+d*this.m_rA.x*this.m_rA.x+p*this.m_rB.x*this.m_rB.x,this.m_linearMass=f.getInverse(),this.m_angularMass=d+p,this.m_angularMass>0&&(this.m_angularMass=1/this.m_angularMass),this.m_linearError=_.zero(),this.m_linearError.addCombine(1,r,1,this.m_rB),this.m_linearError.subCombine(1,e,1,this.m_rA),this.m_angularError=s-i-this.m_angularOffset,t.warmStarting){this.m_linearImpulse.mul(t.dtRatio),this.m_angularImpulse*=t.dtRatio;var y=_.neo(this.m_linearImpulse.x,this.m_linearImpulse.y);o.subMul(u,y),n-=d*(_.crossVec2Vec2(this.m_rA,y)+this.m_angularImpulse),a.addMul(m,y),c+=p*(_.crossVec2Vec2(this.m_rB,y)+this.m_angularImpulse)}else this.m_linearImpulse.setZero(),this.m_angularImpulse=0;this.m_bodyA.c_velocity.v=o,this.m_bodyA.c_velocity.w=n,this.m_bodyB.c_velocity.v=a,this.m_bodyB.c_velocity.w=c},e.prototype.solveVelocityConstraints=function(t){var e=this.m_bodyA.c_velocity.v,i=this.m_bodyA.c_velocity.w,o=this.m_bodyB.c_velocity.v,n=this.m_bodyB.c_velocity.w,r=this.m_invMassA,s=this.m_invMassB,a=this.m_invIA,c=this.m_invIB,h=t.dt,u=t.inv_dt,m=n-i+u*this.m_correctionFactor*this.m_angularError,d=-this.m_angularMass*m,p=this.m_angularImpulse,f=h*this.m_maxTorque;this.m_angularImpulse=l(this.m_angularImpulse+d,-f,f),i-=a*(d=this.m_angularImpulse-p),n+=c*d,(m=_.zero()).addCombine(1,o,1,_.crossNumVec2(n,this.m_rB)),m.subCombine(1,e,1,_.crossNumVec2(i,this.m_rA)),m.addMul(u*this.m_correctionFactor,this.m_linearError),d=_.neg(ei.mulVec2(this.m_linearMass,m)),p=_.clone(this.m_linearImpulse),this.m_linearImpulse.add(d),f=h*this.m_maxForce,this.m_linearImpulse.clamp(f),d=_.sub(this.m_linearImpulse,p),e.subMul(r,d),i-=a*_.crossVec2Vec2(this.m_rA,d),o.addMul(s,d),n+=c*_.crossVec2Vec2(this.m_rB,d),this.m_bodyA.c_velocity.v=e,this.m_bodyA.c_velocity.w=i,this.m_bodyB.c_velocity.v=o,this.m_bodyB.c_velocity.w=n},e.prototype.solvePositionConstraints=function(t){return!0},e.TYPE="motor-joint",e}(qt),$o=Math.PI,Ko={maxForce:0,frequencyHz:5,dampingRatio:.7},Zo=function(t){function e(i,o,r,s){var a=this;return a instanceof e?(i=n(i,Ko),o=(a=t.call(this,i,o,r)||this).m_bodyA,r=a.m_bodyB,a.m_type=e.TYPE,_.isValid(s)?a.m_targetA=_.clone(s):_.isValid(i.target)?a.m_targetA=_.clone(i.target):a.m_targetA=_.zero(),a.m_localAnchorB=gt.mulTVec2(r.getTransform(),a.m_targetA),a.m_maxForce=i.maxForce,a.m_impulse=_.zero(),a.m_frequencyHz=i.frequencyHz,a.m_dampingRatio=i.dampingRatio,a.m_beta=0,a.m_gamma=0,a.m_rB=_.zero(),a.m_localCenterB=_.zero(),a.m_invMassB=0,a.m_invIB=0,a.m_mass=new ei,a.m_C=_.zero(),a):new e(i,o,r,s)}return i(e,t),e.prototype._serialize=function(){return{type:this.m_type,bodyA:this.m_bodyA,bodyB:this.m_bodyB,collideConnected:this.m_collideConnected,target:this.m_targetA,maxForce:this.m_maxForce,frequencyHz:this.m_frequencyHz,dampingRatio:this.m_dampingRatio,_localAnchorB:this.m_localAnchorB}},e._deserialize=function(t,i,n){(t=o({},t)).bodyA=n(zt,t.bodyA,i),t.bodyB=n(zt,t.bodyB,i),t.target=_.clone(t.target);var r=new e(t);return t._localAnchorB&&(r.m_localAnchorB=t._localAnchorB),r},e.prototype._reset=function(t){Number.isFinite(t.maxForce)&&(this.m_maxForce=t.maxForce),Number.isFinite(t.frequencyHz)&&(this.m_frequencyHz=t.frequencyHz),Number.isFinite(t.dampingRatio)&&(this.m_dampingRatio=t.dampingRatio)},e.prototype.setTarget=function(t){_.areEqual(t,this.m_targetA)||(this.m_bodyB.setAwake(!0),this.m_targetA.set(t))},e.prototype.getTarget=function(){return this.m_targetA},e.prototype.setMaxForce=function(t){this.m_maxForce=t},e.prototype.getMaxForce=function(){return this.m_maxForce},e.prototype.setFrequency=function(t){this.m_frequencyHz=t},e.prototype.getFrequency=function(){return this.m_frequencyHz},e.prototype.setDampingRatio=function(t){this.m_dampingRatio=t},e.prototype.getDampingRatio=function(){return this.m_dampingRatio},e.prototype.getAnchorA=function(){return _.clone(this.m_targetA)},e.prototype.getAnchorB=function(){return this.m_bodyB.getWorldPoint(this.m_localAnchorB)},e.prototype.getReactionForce=function(t){return _.mulNumVec2(t,this.m_impulse)},e.prototype.getReactionTorque=function(t){return 0*t},e.prototype.shiftOrigin=function(t){this.m_targetA.sub(t)},e.prototype.initVelocityConstraints=function(t){this.m_localCenterB=this.m_bodyB.m_sweep.localCenter,this.m_invMassB=this.m_bodyB.m_invMass,this.m_invIB=this.m_bodyB.m_invI;var e=this.m_bodyB.c_position,i=this.m_bodyB.c_velocity,o=e.c,n=e.a,r=i.v,s=i.w,a=pt.neo(n),c=this.m_bodyB.getMass(),l=2*$o*this.m_frequencyHz,h=2*c*this.m_dampingRatio*l,u=c*(l*l),m=t.dt;this.m_gamma=m*(h+m*u),0!=this.m_gamma&&(this.m_gamma=1/this.m_gamma),this.m_beta=m*u*this.m_gamma,this.m_rB=pt.mulVec2(a,_.sub(this.m_localAnchorB,this.m_localCenterB));var d=new ei;d.ex.x=this.m_invMassB+this.m_invIB*this.m_rB.y*this.m_rB.y+this.m_gamma,d.ex.y=-this.m_invIB*this.m_rB.x*this.m_rB.y,d.ey.x=d.ex.y,d.ey.y=this.m_invMassB+this.m_invIB*this.m_rB.x*this.m_rB.x+this.m_gamma,this.m_mass=d.getInverse(),this.m_C.setVec2(o),this.m_C.addCombine(1,this.m_rB,-1,this.m_targetA),this.m_C.mul(this.m_beta),s*=.98,t.warmStarting?(this.m_impulse.mul(t.dtRatio),r.addMul(this.m_invMassB,this.m_impulse),s+=this.m_invIB*_.crossVec2Vec2(this.m_rB,this.m_impulse)):this.m_impulse.setZero(),i.v.setVec2(r),i.w=s},e.prototype.solveVelocityConstraints=function(t){var e=this.m_bodyB.c_velocity,i=_.clone(e.v),o=e.w,n=_.crossNumVec2(o,this.m_rB);n.add(i),n.addCombine(1,this.m_C,this.m_gamma,this.m_impulse),n.neg();var r=ei.mulVec2(this.m_mass,n),s=_.clone(this.m_impulse);this.m_impulse.add(r);var a=t.dt*this.m_maxForce;this.m_impulse.clamp(a),r=_.sub(this.m_impulse,s),i.addMul(this.m_invMassB,r),o+=this.m_invIB*_.crossVec2Vec2(this.m_rB,r),e.v.setVec2(i),e.w=o},e.prototype.solvePositionConstraints=function(t){return!0},e.TYPE="mouse-joint",e}(qt),Qo=Math.abs,tn={collideConnected:!0},en=function(t){function e(i,o,r,s,a,c,l,h){var u=this;return u instanceof e?(i=n(i,tn),o=(u=t.call(this,i,o,r)||this).m_bodyA,r=u.m_bodyB,u.m_type=e.TYPE,u.m_groundAnchorA=_.clone(s||i.groundAnchorA||_.neo(-1,1)),u.m_groundAnchorB=_.clone(a||i.groundAnchorB||_.neo(1,1)),u.m_localAnchorA=_.clone(c?o.getLocalPoint(c):i.localAnchorA||_.neo(-1,0)),u.m_localAnchorB=_.clone(l?r.getLocalPoint(l):i.localAnchorB||_.neo(1,0)),u.m_lengthA=Number.isFinite(i.lengthA)?i.lengthA:_.distance(c,s),u.m_lengthB=Number.isFinite(i.lengthB)?i.lengthB:_.distance(l,a),u.m_ratio=Number.isFinite(h)?h:i.ratio,u.m_constant=u.m_lengthA+u.m_ratio*u.m_lengthB,u.m_impulse=0,u):new e(i,o,r,s,a,c,l,h)}return i(e,t),e.prototype._serialize=function(){return{type:this.m_type,bodyA:this.m_bodyA,bodyB:this.m_bodyB,collideConnected:this.m_collideConnected,groundAnchorA:this.m_groundAnchorA,groundAnchorB:this.m_groundAnchorB,localAnchorA:this.m_localAnchorA,localAnchorB:this.m_localAnchorB,lengthA:this.m_lengthA,lengthB:this.m_lengthB,ratio:this.m_ratio}},e._deserialize=function(t,i,n){return(t=o({},t)).bodyA=n(zt,t.bodyA,i),t.bodyB=n(zt,t.bodyB,i),new e(t)},e.prototype._reset=function(t){_.isValid(t.groundAnchorA)&&this.m_groundAnchorA.set(t.groundAnchorA),_.isValid(t.groundAnchorB)&&this.m_groundAnchorB.set(t.groundAnchorB),_.isValid(t.localAnchorA)?this.m_localAnchorA.set(t.localAnchorA):_.isValid(t.anchorA)&&this.m_localAnchorA.set(this.m_bodyA.getLocalPoint(t.anchorA)),_.isValid(t.localAnchorB)?this.m_localAnchorB.set(t.localAnchorB):_.isValid(t.anchorB)&&this.m_localAnchorB.set(this.m_bodyB.getLocalPoint(t.anchorB)),Number.isFinite(t.lengthA)&&(this.m_lengthA=t.lengthA),Number.isFinite(t.lengthB)&&(this.m_lengthB=t.lengthB),Number.isFinite(t.ratio)&&(this.m_ratio=t.ratio)},e.prototype.getGroundAnchorA=function(){return this.m_groundAnchorA},e.prototype.getGroundAnchorB=function(){return this.m_groundAnchorB},e.prototype.getLengthA=function(){return this.m_lengthA},e.prototype.getLengthB=function(){return this.m_lengthB},e.prototype.getRatio=function(){return this.m_ratio},e.prototype.getCurrentLengthA=function(){var t=this.m_bodyA.getWorldPoint(this.m_localAnchorA),e=this.m_groundAnchorA;return _.distance(t,e)},e.prototype.getCurrentLengthB=function(){var t=this.m_bodyB.getWorldPoint(this.m_localAnchorB),e=this.m_groundAnchorB;return _.distance(t,e)},e.prototype.shiftOrigin=function(t){this.m_groundAnchorA.sub(t),this.m_groundAnchorB.sub(t)},e.prototype.getAnchorA=function(){return this.m_bodyA.getWorldPoint(this.m_localAnchorA)},e.prototype.getAnchorB=function(){return this.m_bodyB.getWorldPoint(this.m_localAnchorB)},e.prototype.getReactionForce=function(t){return _.mulNumVec2(this.m_impulse,this.m_uB).mul(t)},e.prototype.getReactionTorque=function(t){return 0},e.prototype.initVelocityConstraints=function(t){this.m_localCenterA=this.m_bodyA.m_sweep.localCenter,this.m_localCenterB=this.m_bodyB.m_sweep.localCenter,this.m_invMassA=this.m_bodyA.m_invMass,this.m_invMassB=this.m_bodyB.m_invMass,this.m_invIA=this.m_bodyA.m_invI,this.m_invIB=this.m_bodyB.m_invI;var e=this.m_bodyA.c_position.c,i=this.m_bodyA.c_position.a,o=this.m_bodyA.c_velocity.v,n=this.m_bodyA.c_velocity.w,r=this.m_bodyB.c_position.c,s=this.m_bodyB.c_position.a,a=this.m_bodyB.c_velocity.v,c=this.m_bodyB.c_velocity.w,l=pt.neo(i),h=pt.neo(s);this.m_rA=pt.mulVec2(l,_.sub(this.m_localAnchorA,this.m_localCenterA)),this.m_rB=pt.mulVec2(h,_.sub(this.m_localAnchorB,this.m_localCenterB)),this.m_uA=_.sub(_.add(e,this.m_rA),this.m_groundAnchorA),this.m_uB=_.sub(_.add(r,this.m_rB),this.m_groundAnchorB);var u=this.m_uA.length(),m=this.m_uB.length();u>10*x.linearSlop?this.m_uA.mul(1/u):this.m_uA.setZero(),m>10*x.linearSlop?this.m_uB.mul(1/m):this.m_uB.setZero();var d=_.crossVec2Vec2(this.m_rA,this.m_uA),p=_.crossVec2Vec2(this.m_rB,this.m_uB),f=this.m_invMassA+this.m_invIA*d*d,y=this.m_invMassB+this.m_invIB*p*p;if(this.m_mass=f+this.m_ratio*this.m_ratio*y,this.m_mass>0&&(this.m_mass=1/this.m_mass),t.warmStarting){this.m_impulse*=t.dtRatio;var w=_.mulNumVec2(-this.m_impulse,this.m_uA),g=_.mulNumVec2(-this.m_ratio*this.m_impulse,this.m_uB);o.addMul(this.m_invMassA,w),n+=this.m_invIA*_.crossVec2Vec2(this.m_rA,w),a.addMul(this.m_invMassB,g),c+=this.m_invIB*_.crossVec2Vec2(this.m_rB,g)}else this.m_impulse=0;this.m_bodyA.c_velocity.v=o,this.m_bodyA.c_velocity.w=n,this.m_bodyB.c_velocity.v=a,this.m_bodyB.c_velocity.w=c},e.prototype.solveVelocityConstraints=function(t){var e=this.m_bodyA.c_velocity.v,i=this.m_bodyA.c_velocity.w,o=this.m_bodyB.c_velocity.v,n=this.m_bodyB.c_velocity.w,r=_.add(e,_.crossNumVec2(i,this.m_rA)),s=_.add(o,_.crossNumVec2(n,this.m_rB)),a=-_.dot(this.m_uA,r)-this.m_ratio*_.dot(this.m_uB,s),c=-this.m_mass*a;this.m_impulse+=c;var l=_.mulNumVec2(-c,this.m_uA),h=_.mulNumVec2(-this.m_ratio*c,this.m_uB);e.addMul(this.m_invMassA,l),i+=this.m_invIA*_.crossVec2Vec2(this.m_rA,l),o.addMul(this.m_invMassB,h),n+=this.m_invIB*_.crossVec2Vec2(this.m_rB,h),this.m_bodyA.c_velocity.v=e,this.m_bodyA.c_velocity.w=i,this.m_bodyB.c_velocity.v=o,this.m_bodyB.c_velocity.w=n},e.prototype.solvePositionConstraints=function(t){var e=this.m_bodyA.c_position.c,i=this.m_bodyA.c_position.a,o=this.m_bodyB.c_position.c,n=this.m_bodyB.c_position.a,r=pt.neo(i),s=pt.neo(n),a=pt.mulVec2(r,_.sub(this.m_localAnchorA,this.m_localCenterA)),c=pt.mulVec2(s,_.sub(this.m_localAnchorB,this.m_localCenterB)),l=_.sub(_.add(e,this.m_rA),this.m_groundAnchorA),h=_.sub(_.add(o,this.m_rB),this.m_groundAnchorB),u=l.length(),m=h.length();u>10*x.linearSlop?l.mul(1/u):l.setZero(),m>10*x.linearSlop?h.mul(1/m):h.setZero();var d=_.crossVec2Vec2(a,l),p=_.crossVec2Vec2(c,h),f=this.m_invMassA+this.m_invIA*d*d,y=this.m_invMassB+this.m_invIB*p*p,w=f+this.m_ratio*this.m_ratio*y;w>0&&(w=1/w);var g=this.m_constant-u-this.m_ratio*m,v=Qo(g),b=-w*g,A=_.mulNumVec2(-b,l),C=_.mulNumVec2(-this.m_ratio*b,h);return e.addMul(this.m_invMassA,A),i+=this.m_invIA*_.crossVec2Vec2(a,A),o.addMul(this.m_invMassB,C),n+=this.m_invIB*_.crossVec2Vec2(c,C),this.m_bodyA.c_position.c=e,this.m_bodyA.c_position.a=i,this.m_bodyB.c_position.c=o,this.m_bodyB.c_position.a=n,v<x.linearSlop},e.TYPE="pulley-joint",e}(qt),on=Math.min;!function(t){t[t.inactiveLimit=0]="inactiveLimit",t[t.atLowerLimit=1]="atLowerLimit",t[t.atUpperLimit=2]="atUpperLimit",t[t.equalLimits=3]="equalLimits"}(qo||(qo={}));var nn,rn={maxLength:0},sn=function(t){function e(i,o,r,s){var a=this;return a instanceof e?(i=n(i,rn),o=(a=t.call(this,i,o,r)||this).m_bodyA,r=a.m_bodyB,a.m_type=e.TYPE,a.m_localAnchorA=_.clone(s?o.getLocalPoint(s):i.localAnchorA||_.neo(-1,0)),a.m_localAnchorB=_.clone(s?r.getLocalPoint(s):i.localAnchorB||_.neo(1,0)),a.m_maxLength=i.maxLength,a.m_mass=0,a.m_impulse=0,a.m_length=0,a.m_state=qo.inactiveLimit,a):new e(i,o,r,s)}return i(e,t),e.prototype._serialize=function(){return{type:this.m_type,bodyA:this.m_bodyA,bodyB:this.m_bodyB,collideConnected:this.m_collideConnected,localAnchorA:this.m_localAnchorA,localAnchorB:this.m_localAnchorB,maxLength:this.m_maxLength}},e._deserialize=function(t,i,n){return(t=o({},t)).bodyA=n(zt,t.bodyA,i),t.bodyB=n(zt,t.bodyB,i),new e(t)},e.prototype._reset=function(t){Number.isFinite(t.maxLength)&&(this.m_maxLength=t.maxLength)},e.prototype.getLocalAnchorA=function(){return this.m_localAnchorA},e.prototype.getLocalAnchorB=function(){return this.m_localAnchorB},e.prototype.setMaxLength=function(t){this.m_maxLength=t},e.prototype.getMaxLength=function(){return this.m_maxLength},e.prototype.getLimitState=function(){return this.m_state},e.prototype.getAnchorA=function(){return this.m_bodyA.getWorldPoint(this.m_localAnchorA)},e.prototype.getAnchorB=function(){return this.m_bodyB.getWorldPoint(this.m_localAnchorB)},e.prototype.getReactionForce=function(t){return _.mulNumVec2(this.m_impulse,this.m_u).mul(t)},e.prototype.getReactionTorque=function(t){return 0},e.prototype.initVelocityConstraints=function(t){this.m_localCenterA=this.m_bodyA.m_sweep.localCenter,this.m_localCenterB=this.m_bodyB.m_sweep.localCenter,this.m_invMassA=this.m_bodyA.m_invMass,this.m_invMassB=this.m_bodyB.m_invMass,this.m_invIA=this.m_bodyA.m_invI,this.m_invIB=this.m_bodyB.m_invI;var e=this.m_bodyA.c_position.c,i=this.m_bodyA.c_position.a,o=this.m_bodyA.c_velocity.v,n=this.m_bodyA.c_velocity.w,r=this.m_bodyB.c_position.c,s=this.m_bodyB.c_position.a,a=this.m_bodyB.c_velocity.v,c=this.m_bodyB.c_velocity.w,l=pt.neo(i),h=pt.neo(s);this.m_rA=pt.mulSub(l,this.m_localAnchorA,this.m_localCenterA),this.m_rB=pt.mulSub(h,this.m_localAnchorB,this.m_localCenterB),this.m_u=_.zero(),this.m_u.addCombine(1,r,1,this.m_rB),this.m_u.subCombine(1,e,1,this.m_rA),this.m_length=this.m_u.length();var u=this.m_length-this.m_maxLength;if(this.m_state=u>0?qo.atUpperLimit:qo.inactiveLimit,!(this.m_length>x.linearSlop))return this.m_u.setZero(),this.m_mass=0,void(this.m_impulse=0);this.m_u.mul(1/this.m_length);var m=_.crossVec2Vec2(this.m_rA,this.m_u),d=_.crossVec2Vec2(this.m_rB,this.m_u),p=this.m_invMassA+this.m_invIA*m*m+this.m_invMassB+this.m_invIB*d*d;if(this.m_mass=0!=p?1/p:0,t.warmStarting){this.m_impulse*=t.dtRatio;var f=_.mulNumVec2(this.m_impulse,this.m_u);o.subMul(this.m_invMassA,f),n-=this.m_invIA*_.crossVec2Vec2(this.m_rA,f),a.addMul(this.m_invMassB,f),c+=this.m_invIB*_.crossVec2Vec2(this.m_rB,f)}else this.m_impulse=0;this.m_bodyA.c_velocity.v.setVec2(o),this.m_bodyA.c_velocity.w=n,this.m_bodyB.c_velocity.v.setVec2(a),this.m_bodyB.c_velocity.w=c},e.prototype.solveVelocityConstraints=function(t){var e=this.m_bodyA.c_velocity.v,i=this.m_bodyA.c_velocity.w,o=this.m_bodyB.c_velocity.v,n=this.m_bodyB.c_velocity.w,r=_.addCrossNumVec2(e,i,this.m_rA),s=_.addCrossNumVec2(o,n,this.m_rB),a=this.m_length-this.m_maxLength,c=_.dot(this.m_u,_.sub(s,r));a<0&&(c+=t.inv_dt*a);var l=-this.m_mass*c,h=this.m_impulse;this.m_impulse=on(0,this.m_impulse+l),l=this.m_impulse-h;var u=_.mulNumVec2(l,this.m_u);e.subMul(this.m_invMassA,u),i-=this.m_invIA*_.crossVec2Vec2(this.m_rA,u),o.addMul(this.m_invMassB,u),n+=this.m_invIB*_.crossVec2Vec2(this.m_rB,u),this.m_bodyA.c_velocity.v=e,this.m_bodyA.c_velocity.w=i,this.m_bodyB.c_velocity.v=o,this.m_bodyB.c_velocity.w=n},e.prototype.solvePositionConstraints=function(t){var e=this.m_bodyA.c_position.c,i=this.m_bodyA.c_position.a,o=this.m_bodyB.c_position.c,n=this.m_bodyB.c_position.a,r=pt.neo(i),s=pt.neo(n),a=pt.mulSub(r,this.m_localAnchorA,this.m_localCenterA),c=pt.mulSub(s,this.m_localAnchorB,this.m_localCenterB),h=_.zero();h.addCombine(1,o,1,c),h.subCombine(1,e,1,a);var u=h.normalize(),m=u-this.m_maxLength;m=l(m,0,x.maxLinearCorrection);var d=-this.m_mass*m,p=_.mulNumVec2(d,h);return e.subMul(this.m_invMassA,p),i-=this.m_invIA*_.crossVec2Vec2(a,p),o.addMul(this.m_invMassB,p),n+=this.m_invIB*_.crossVec2Vec2(c,p),this.m_bodyA.c_position.c.setVec2(e),this.m_bodyA.c_position.a=i,this.m_bodyB.c_position.c.setVec2(o),this.m_bodyB.c_position.a=n,u-this.m_maxLength<x.linearSlop},e.TYPE="rope-joint",e}(qt),an=Math.abs,cn=Math.PI,ln={frequencyHz:0,dampingRatio:0},hn=function(t){function e(i,o,r,s){var a=this;return a instanceof e?(i=n(i,ln),o=(a=t.call(this,i,o,r)||this).m_bodyA,r=a.m_bodyB,a.m_type=e.TYPE,a.m_localAnchorA=_.clone(s?o.getLocalPoint(s):i.localAnchorA||_.zero()),a.m_localAnchorB=_.clone(s?r.getLocalPoint(s):i.localAnchorB||_.zero()),a.m_referenceAngle=Number.isFinite(i.referenceAngle)?i.referenceAngle:r.getAngle()-o.getAngle(),a.m_frequencyHz=i.frequencyHz,a.m_dampingRatio=i.dampingRatio,a.m_impulse=new ro,a.m_bias=0,a.m_gamma=0,a.m_rA,a.m_rB,a.m_localCenterA,a.m_localCenterB,a.m_invMassA,a.m_invMassB,a.m_invIA,a.m_invIB,a.m_mass=new Do,a):new e(i,o,r,s)}return i(e,t),e.prototype._serialize=function(){return{type:this.m_type,bodyA:this.m_bodyA,bodyB:this.m_bodyB,collideConnected:this.m_collideConnected,frequencyHz:this.m_frequencyHz,dampingRatio:this.m_dampingRatio,localAnchorA:this.m_localAnchorA,localAnchorB:this.m_localAnchorB,referenceAngle:this.m_referenceAngle}},e._deserialize=function(t,i,n){return(t=o({},t)).bodyA=n(zt,t.bodyA,i),t.bodyB=n(zt,t.bodyB,i),new e(t)},e.prototype._reset=function(t){t.anchorA?this.m_localAnchorA.setVec2(this.m_bodyA.getLocalPoint(t.anchorA)):t.localAnchorA&&this.m_localAnchorA.setVec2(t.localAnchorA),t.anchorB?this.m_localAnchorB.setVec2(this.m_bodyB.getLocalPoint(t.anchorB)):t.localAnchorB&&this.m_localAnchorB.setVec2(t.localAnchorB),Number.isFinite(t.frequencyHz)&&(this.m_frequencyHz=t.frequencyHz),Number.isFinite(t.dampingRatio)&&(this.m_dampingRatio=t.dampingRatio)},e.prototype.getLocalAnchorA=function(){return this.m_localAnchorA},e.prototype.getLocalAnchorB=function(){return this.m_localAnchorB},e.prototype.getReferenceAngle=function(){return this.m_referenceAngle},e.prototype.setFrequency=function(t){this.m_frequencyHz=t},e.prototype.getFrequency=function(){return this.m_frequencyHz},e.prototype.setDampingRatio=function(t){this.m_dampingRatio=t},e.prototype.getDampingRatio=function(){return this.m_dampingRatio},e.prototype.getAnchorA=function(){return this.m_bodyA.getWorldPoint(this.m_localAnchorA)},e.prototype.getAnchorB=function(){return this.m_bodyB.getWorldPoint(this.m_localAnchorB)},e.prototype.getReactionForce=function(t){return _.neo(this.m_impulse.x,this.m_impulse.y).mul(t)},e.prototype.getReactionTorque=function(t){return t*this.m_impulse.z},e.prototype.initVelocityConstraints=function(t){this.m_localCenterA=this.m_bodyA.m_sweep.localCenter,this.m_localCenterB=this.m_bodyB.m_sweep.localCenter,this.m_invMassA=this.m_bodyA.m_invMass,this.m_invMassB=this.m_bodyB.m_invMass,this.m_invIA=this.m_bodyA.m_invI,this.m_invIB=this.m_bodyB.m_invI;var e=this.m_bodyA.c_position.a,i=this.m_bodyA.c_velocity.v,o=this.m_bodyA.c_velocity.w,n=this.m_bodyB.c_position.a,r=this.m_bodyB.c_velocity.v,s=this.m_bodyB.c_velocity.w,a=pt.neo(e),c=pt.neo(n);this.m_rA=pt.mulVec2(a,_.sub(this.m_localAnchorA,this.m_localCenterA)),this.m_rB=pt.mulVec2(c,_.sub(this.m_localAnchorB,this.m_localCenterB));var l=this.m_invMassA,h=this.m_invMassB,u=this.m_invIA,m=this.m_invIB,d=new Do;if(d.ex.x=l+h+this.m_rA.y*this.m_rA.y*u+this.m_rB.y*this.m_rB.y*m,d.ey.x=-this.m_rA.y*this.m_rA.x*u-this.m_rB.y*this.m_rB.x*m,d.ez.x=-this.m_rA.y*u-this.m_rB.y*m,d.ex.y=d.ey.x,d.ey.y=l+h+this.m_rA.x*this.m_rA.x*u+this.m_rB.x*this.m_rB.x*m,d.ez.y=this.m_rA.x*u+this.m_rB.x*m,d.ex.z=d.ez.x,d.ey.z=d.ez.y,d.ez.z=u+m,this.m_frequencyHz>0){d.getInverse22(this.m_mass);var p=u+m,f=p>0?1/p:0,y=n-e-this.m_referenceAngle,w=2*cn*this.m_frequencyHz,g=2*f*this.m_dampingRatio*w,v=f*w*w,x=t.dt;this.m_gamma=x*(g+x*v),this.m_gamma=0!=this.m_gamma?1/this.m_gamma:0,this.m_bias=y*x*v*this.m_gamma,p+=this.m_gamma,this.m_mass.ez.z=0!=p?1/p:0}else 0==d.ez.z?(d.getInverse22(this.m_mass),this.m_gamma=0,this.m_bias=0):(d.getSymInverse33(this.m_mass),this.m_gamma=0,this.m_bias=0);if(t.warmStarting){this.m_impulse.mul(t.dtRatio);var b=_.neo(this.m_impulse.x,this.m_impulse.y);i.subMul(l,b),o-=u*(_.crossVec2Vec2(this.m_rA,b)+this.m_impulse.z),r.addMul(h,b),s+=m*(_.crossVec2Vec2(this.m_rB,b)+this.m_impulse.z)}else this.m_impulse.setZero();this.m_bodyA.c_velocity.v=i,this.m_bodyA.c_velocity.w=o,this.m_bodyB.c_velocity.v=r,this.m_bodyB.c_velocity.w=s},e.prototype.solveVelocityConstraints=function(t){var e=this.m_bodyA.c_velocity.v,i=this.m_bodyA.c_velocity.w,o=this.m_bodyB.c_velocity.v,n=this.m_bodyB.c_velocity.w,r=this.m_invMassA,s=this.m_invMassB,a=this.m_invIA,c=this.m_invIB;if(this.m_frequencyHz>0){var l=n-i,h=-this.m_mass.ez.z*(l+this.m_bias+this.m_gamma*this.m_impulse.z);this.m_impulse.z+=h,i-=a*h,n+=c*h,(d=_.zero()).addCombine(1,o,1,_.crossNumVec2(n,this.m_rB)),d.subCombine(1,e,1,_.crossNumVec2(i,this.m_rA));var u=_.neg(Do.mulVec2(this.m_mass,d));this.m_impulse.x+=u.x,this.m_impulse.y+=u.y;var m=_.clone(u);e.subMul(r,m),i-=a*_.crossVec2Vec2(this.m_rA,m),o.addMul(s,m),n+=c*_.crossVec2Vec2(this.m_rB,m)}else{var d;(d=_.zero()).addCombine(1,o,1,_.crossNumVec2(n,this.m_rB)),d.subCombine(1,e,1,_.crossNumVec2(i,this.m_rA)),l=n-i;var p=new ro(d.x,d.y,l),f=ro.neg(Do.mulVec3(this.m_mass,p));this.m_impulse.add(f),m=_.neo(f.x,f.y),e.subMul(r,m),i-=a*(_.crossVec2Vec2(this.m_rA,m)+f.z),o.addMul(s,m),n+=c*(_.crossVec2Vec2(this.m_rB,m)+f.z)}this.m_bodyA.c_velocity.v=e,this.m_bodyA.c_velocity.w=i,this.m_bodyB.c_velocity.v=o,this.m_bodyB.c_velocity.w=n},e.prototype.solvePositionConstraints=function(t){var e,i,o=this.m_bodyA.c_position.c,n=this.m_bodyA.c_position.a,r=this.m_bodyB.c_position.c,s=this.m_bodyB.c_position.a,a=pt.neo(n),c=pt.neo(s),l=this.m_invMassA,h=this.m_invMassB,u=this.m_invIA,m=this.m_invIB,d=pt.mulVec2(a,_.sub(this.m_localAnchorA,this.m_localCenterA)),p=pt.mulVec2(c,_.sub(this.m_localAnchorB,this.m_localCenterB)),f=new Do;if(f.ex.x=l+h+d.y*d.y*u+p.y*p.y*m,f.ey.x=-d.y*d.x*u-p.y*p.x*m,f.ez.x=-d.y*u-p.y*m,f.ex.y=f.ey.x,f.ey.y=l+h+d.x*d.x*u+p.x*p.x*m,f.ez.y=d.x*u+p.x*m,f.ex.z=f.ez.x,f.ey.z=f.ez.y,f.ez.z=u+m,this.m_frequencyHz>0){(w=_.zero()).addCombine(1,r,1,p),w.subCombine(1,o,1,d),e=w.length(),i=0;var y=_.neg(f.solve22(w));o.subMul(l,y),n-=u*_.crossVec2Vec2(d,y),r.addMul(h,y),s+=m*_.crossVec2Vec2(p,y)}else{var w;(w=_.zero()).addCombine(1,r,1,p),w.subCombine(1,o,1,d);var g=s-n-this.m_referenceAngle;e=w.length(),i=an(g);var v=new ro(w.x,w.y,g),b=new ro;if(f.ez.z>0)b=ro.neg(f.solve33(v));else{var A=_.neg(f.solve22(w));b.set(A.x,A.y,0)}y=_.neo(b.x,b.y),o.subMul(l,y),n-=u*(_.crossVec2Vec2(d,y)+b.z),r.addMul(h,y),s+=m*(_.crossVec2Vec2(p,y)+b.z)}return this.m_bodyA.c_position.c=o,this.m_bodyA.c_position.a=n,this.m_bodyB.c_position.c=r,this.m_bodyB.c_position.a=s,e<=x.linearSlop&&i<=x.angularSlop},e.TYPE="weld-joint",e}(qt),un=Math.abs,mn=Math.PI,dn={enableMotor:!1,maxMotorTorque:0,motorSpeed:0,frequencyHz:2,dampingRatio:.7},pn=function(t){function e(i,o,r,s,a){var c=this;return c instanceof e?(i=n(i,dn),o=(c=t.call(this,i,o,r)||this).m_bodyA,r=c.m_bodyB,c.m_ax=_.zero(),c.m_ay=_.zero(),c.m_type=e.TYPE,c.m_localAnchorA=_.clone(s?o.getLocalPoint(s):i.localAnchorA||_.zero()),c.m_localAnchorB=_.clone(s?r.getLocalPoint(s):i.localAnchorB||_.zero()),_.isValid(a)?c.m_localXAxisA=o.getLocalVector(a):_.isValid(i.localAxisA)?c.m_localXAxisA=_.clone(i.localAxisA):_.isValid(i.localAxis)?c.m_localXAxisA=_.clone(i.localAxis):c.m_localXAxisA=_.neo(1,0),c.m_localYAxisA=_.crossNumVec2(1,c.m_localXAxisA),c.m_mass=0,c.m_impulse=0,c.m_motorMass=0,c.m_motorImpulse=0,c.m_springMass=0,c.m_springImpulse=0,c.m_maxMotorTorque=i.maxMotorTorque,c.m_motorSpeed=i.motorSpeed,c.m_enableMotor=i.enableMotor,c.m_frequencyHz=i.frequencyHz,c.m_dampingRatio=i.dampingRatio,c.m_bias=0,c.m_gamma=0,c):new e(i,o,r,s,a)}return i(e,t),e.prototype._serialize=function(){return{type:this.m_type,bodyA:this.m_bodyA,bodyB:this.m_bodyB,collideConnected:this.m_collideConnected,enableMotor:this.m_enableMotor,maxMotorTorque:this.m_maxMotorTorque,motorSpeed:this.m_motorSpeed,frequencyHz:this.m_frequencyHz,dampingRatio:this.m_dampingRatio,localAnchorA:this.m_localAnchorA,localAnchorB:this.m_localAnchorB,localAxisA:this.m_localXAxisA}},e._deserialize=function(t,i,n){return(t=o({},t)).bodyA=n(zt,t.bodyA,i),t.bodyB=n(zt,t.bodyB,i),new e(t)},e.prototype._reset=function(t){t.anchorA?this.m_localAnchorA.setVec2(this.m_bodyA.getLocalPoint(t.anchorA)):t.localAnchorA&&this.m_localAnchorA.setVec2(t.localAnchorA),t.anchorB?this.m_localAnchorB.setVec2(this.m_bodyB.getLocalPoint(t.anchorB)):t.localAnchorB&&this.m_localAnchorB.setVec2(t.localAnchorB),t.localAxisA&&(this.m_localXAxisA.setVec2(t.localAxisA),this.m_localYAxisA.setVec2(_.crossNumVec2(1,t.localAxisA))),void 0!==t.enableMotor&&(this.m_enableMotor=t.enableMotor),Number.isFinite(t.maxMotorTorque)&&(this.m_maxMotorTorque=t.maxMotorTorque),Number.isFinite(t.motorSpeed)&&(this.m_motorSpeed=t.motorSpeed),Number.isFinite(t.frequencyHz)&&(this.m_frequencyHz=t.frequencyHz),Number.isFinite(t.dampingRatio)&&(this.m_dampingRatio=t.dampingRatio)},e.prototype.getLocalAnchorA=function(){return this.m_localAnchorA},e.prototype.getLocalAnchorB=function(){return this.m_localAnchorB},e.prototype.getLocalAxisA=function(){return this.m_localXAxisA},e.prototype.getJointTranslation=function(){var t=this.m_bodyA,e=this.m_bodyB,i=t.getWorldPoint(this.m_localAnchorA),o=e.getWorldPoint(this.m_localAnchorB),n=_.sub(o,i),r=t.getWorldVector(this.m_localXAxisA);return _.dot(n,r)},e.prototype.getJointSpeed=function(){var t=this.m_bodyA.m_angularVelocity;return this.m_bodyB.m_angularVelocity-t},e.prototype.isMotorEnabled=function(){return this.m_enableMotor},e.prototype.enableMotor=function(t){t!=this.m_enableMotor&&(this.m_bodyA.setAwake(!0),this.m_bodyB.setAwake(!0),this.m_enableMotor=t)},e.prototype.setMotorSpeed=function(t){t!=this.m_motorSpeed&&(this.m_bodyA.setAwake(!0),this.m_bodyB.setAwake(!0),this.m_motorSpeed=t)},e.prototype.getMotorSpeed=function(){return this.m_motorSpeed},e.prototype.setMaxMotorTorque=function(t){t!=this.m_maxMotorTorque&&(this.m_bodyA.setAwake(!0),this.m_bodyB.setAwake(!0),this.m_maxMotorTorque=t)},e.prototype.getMaxMotorTorque=function(){return this.m_maxMotorTorque},e.prototype.getMotorTorque=function(t){return t*this.m_motorImpulse},e.prototype.setSpringFrequencyHz=function(t){this.m_frequencyHz=t},e.prototype.getSpringFrequencyHz=function(){return this.m_frequencyHz},e.prototype.setSpringDampingRatio=function(t){this.m_dampingRatio=t},e.prototype.getSpringDampingRatio=function(){return this.m_dampingRatio},e.prototype.getAnchorA=function(){return this.m_bodyA.getWorldPoint(this.m_localAnchorA)},e.prototype.getAnchorB=function(){return this.m_bodyB.getWorldPoint(this.m_localAnchorB)},e.prototype.getReactionForce=function(t){return _.combine(this.m_impulse,this.m_ay,this.m_springImpulse,this.m_ax).mul(t)},e.prototype.getReactionTorque=function(t){return t*this.m_motorImpulse},e.prototype.initVelocityConstraints=function(t){this.m_localCenterA=this.m_bodyA.m_sweep.localCenter,this.m_localCenterB=this.m_bodyB.m_sweep.localCenter,this.m_invMassA=this.m_bodyA.m_invMass,this.m_invMassB=this.m_bodyB.m_invMass,this.m_invIA=this.m_bodyA.m_invI,this.m_invIB=this.m_bodyB.m_invI;var e=this.m_invMassA,i=this.m_invMassB,o=this.m_invIA,n=this.m_invIB,r=this.m_bodyA.c_position.c,s=this.m_bodyA.c_position.a,a=this.m_bodyA.c_velocity.v,c=this.m_bodyA.c_velocity.w,l=this.m_bodyB.c_position.c,h=this.m_bodyB.c_position.a,u=this.m_bodyB.c_velocity.v,m=this.m_bodyB.c_velocity.w,d=pt.neo(s),p=pt.neo(h),f=pt.mulVec2(d,_.sub(this.m_localAnchorA,this.m_localCenterA)),y=pt.mulVec2(p,_.sub(this.m_localAnchorB,this.m_localCenterB)),w=_.zero();if(w.addCombine(1,l,1,y),w.subCombine(1,r,1,f),this.m_ay=pt.mulVec2(d,this.m_localYAxisA),this.m_sAy=_.crossVec2Vec2(_.add(w,f),this.m_ay),this.m_sBy=_.crossVec2Vec2(y,this.m_ay),this.m_mass=e+i+o*this.m_sAy*this.m_sAy+n*this.m_sBy*this.m_sBy,this.m_mass>0&&(this.m_mass=1/this.m_mass),this.m_springMass=0,this.m_bias=0,this.m_gamma=0,this.m_frequencyHz>0){this.m_ax=pt.mulVec2(d,this.m_localXAxisA),this.m_sAx=_.crossVec2Vec2(_.add(w,f),this.m_ax),this.m_sBx=_.crossVec2Vec2(y,this.m_ax);var g=e+i+o*this.m_sAx*this.m_sAx+n*this.m_sBx*this.m_sBx;if(g>0){this.m_springMass=1/g;var v=_.dot(w,this.m_ax),x=2*mn*this.m_frequencyHz,b=2*this.m_springMass*this.m_dampingRatio*x,A=this.m_springMass*x*x,C=t.dt;this.m_gamma=C*(b+C*A),this.m_gamma>0&&(this.m_gamma=1/this.m_gamma),this.m_bias=v*C*A*this.m_gamma,this.m_springMass=g+this.m_gamma,this.m_springMass>0&&(this.m_springMass=1/this.m_springMass)}}else this.m_springImpulse=0;if(this.m_enableMotor?(this.m_motorMass=o+n,this.m_motorMass>0&&(this.m_motorMass=1/this.m_motorMass)):(this.m_motorMass=0,this.m_motorImpulse=0),t.warmStarting){this.m_impulse*=t.dtRatio,this.m_springImpulse*=t.dtRatio,this.m_motorImpulse*=t.dtRatio;var S=_.combine(this.m_impulse,this.m_ay,this.m_springImpulse,this.m_ax),R=this.m_impulse*this.m_sAy+this.m_springImpulse*this.m_sAx+this.m_motorImpulse,E=this.m_impulse*this.m_sBy+this.m_springImpulse*this.m_sBx+this.m_motorImpulse;a.subMul(this.m_invMassA,S),c-=this.m_invIA*R,u.addMul(this.m_invMassB,S),m+=this.m_invIB*E}else this.m_impulse=0,this.m_springImpulse=0,this.m_motorImpulse=0;this.m_bodyA.c_velocity.v.setVec2(a),this.m_bodyA.c_velocity.w=c,this.m_bodyB.c_velocity.v.setVec2(u),this.m_bodyB.c_velocity.w=m},e.prototype.solveVelocityConstraints=function(t){var e=this.m_invMassA,i=this.m_invMassB,o=this.m_invIA,n=this.m_invIB,r=this.m_bodyA.c_velocity.v,s=this.m_bodyA.c_velocity.w,a=this.m_bodyB.c_velocity.v,c=this.m_bodyB.c_velocity.w,h=_.dot(this.m_ax,a)-_.dot(this.m_ax,r)+this.m_sBx*c-this.m_sAx*s,u=-this.m_springMass*(h+this.m_bias+this.m_gamma*this.m_springImpulse);this.m_springImpulse+=u;var m=_.mulNumVec2(u,this.m_ax),d=u*this.m_sAx,p=u*this.m_sBx;r.subMul(e,m),s-=o*d,a.addMul(i,m),h=(c+=n*p)-s-this.m_motorSpeed,u=-this.m_motorMass*h;var f=this.m_motorImpulse,y=t.dt*this.m_maxMotorTorque;this.m_motorImpulse=l(this.m_motorImpulse+u,-y,y),s-=o*(u=this.m_motorImpulse-f),c+=n*u,h=_.dot(this.m_ay,a)-_.dot(this.m_ay,r)+this.m_sBy*c-this.m_sAy*s,u=-this.m_mass*h,this.m_impulse+=u,m=_.mulNumVec2(u,this.m_ay),d=u*this.m_sAy,p=u*this.m_sBy,r.subMul(e,m),s-=o*d,a.addMul(i,m),c+=n*p,this.m_bodyA.c_velocity.v.setVec2(r),this.m_bodyA.c_velocity.w=s,this.m_bodyB.c_velocity.v.setVec2(a),this.m_bodyB.c_velocity.w=c},e.prototype.solvePositionConstraints=function(t){var e=this.m_bodyA.c_position.c,i=this.m_bodyA.c_position.a,o=this.m_bodyB.c_position.c,n=this.m_bodyB.c_position.a,r=pt.neo(i),s=pt.neo(n),a=pt.mulVec2(r,_.sub(this.m_localAnchorA,this.m_localCenterA)),c=pt.mulVec2(s,_.sub(this.m_localAnchorB,this.m_localCenterB)),l=_.zero();l.addCombine(1,o,1,c),l.subCombine(1,e,1,a);var h=pt.mulVec2(r,this.m_localYAxisA),u=_.crossVec2Vec2(_.add(l,a),h),m=_.crossVec2Vec2(c,h),d=_.dot(l,h),p=this.m_invMassA+this.m_invMassB+this.m_invIA*this.m_sAy*this.m_sAy+this.m_invIB*this.m_sBy*this.m_sBy,f=0!=p?-d/p:0,y=_.mulNumVec2(f,h),w=f*u,g=f*m;return e.subMul(this.m_invMassA,y),i-=this.m_invIA*w,o.addMul(this.m_invMassB,y),n+=this.m_invIB*g,this.m_bodyA.c_position.c.setVec2(e),this.m_bodyA.c_position.a=i,this.m_bodyB.c_position.c.setVec2(o),this.m_bodyB.c_position.a=n,un(d)<=x.linearSlop},e.TYPE="wheel-joint",e}(qt),_n=0,fn={World:no,Body:zt,Joint:qt,Fixture:Bt,Shape:St},yn={Vec2:_,Vec3:ro,World:no,Body:zt,Joint:qt,Fixture:Bt,Shape:St},wn=((nn={})[zt.STATIC]=zt,nn[zt.DYNAMIC]=zt,nn[zt.KINEMATIC]=zt,nn[mo.TYPE]=mo,nn[Ao.TYPE]=Ao,nn[co.TYPE]=co,nn[To.TYPE]=To,nn[Po.TYPE]=Po,nn[No.TYPE]=No,nn[Xo.TYPE]=Xo,nn[Jo.TYPE]=Jo,nn[Zo.TYPE]=Zo,nn[jo.TYPE]=jo,nn[en.TYPE]=en,nn[Go.TYPE]=Go,nn[sn.TYPE]=sn,nn[hn.TYPE]=hn,nn[pn.TYPE]=pn,nn),gn={rootClass:no,preSerialize:function(t){return t},postSerialize:function(t,e){return t},preDeserialize:function(t){return t},postDeserialize:function(t,e){return t}},vn=function(t){var e=this;this.toJson=function(t){var i=e.options.preSerialize,o=e.options.postSerialize,n=[],r=[t],s={};function a(t,e){if(t.__sid=t.__sid||++_n,!s[t.__sid]){r.push(t);var i={refIndex:n.length+r.length,refType:e};s[t.__sid]=i}return s[t.__sid]}function c(t,e){if(void 0===e&&(e=!1),"object"!=typeof t||null===t)return t;if("function"==typeof t._serialize){if(!e)for(var n in fn)if(t instanceof fn[n])return a(t,n);t=function(t){var e=(t=i(t))._serialize();return o(e,t)}(t)}if(Array.isArray(t)){for(var r=[],s=0;s<t.length;s++)r[s]=c(t[s]);t=r}else{for(var s in r={},t)t.hasOwnProperty(s)&&(r[s]=c(t[s]));t=r}return t}for(;r.length;){var l=c(r.shift(),!0);n.push(l)}return n},this.fromJson=function(t){var i=e.options.preDeserialize,o=e.options.postDeserialize,n=e.options.rootClass,r={};function s(t,e,n){if(t&&t._deserialize||(t=wn[e.type]),t&&t._deserialize){e=i(e);var r=(0,t._deserialize)(e,n,a);return o(r,e)}}function a(e,i,o){if(!i.refIndex||!i.refType)return s(e,i,o);var n=i;yn[n.refType]&&(e=yn[n.refType]);var a=n.refIndex;if(!r[a]){var c=s(e,t[a],o);r[a]=c}return r[a]}return s(n,t[0],null)},this.options=o(o({},gn),t)},xn=new vn({rootClass:no});vn.fromJson=xn.fromJson,vn.toJson=xn.toJson;var bn=function(){function t(){this.width=80,this.height=60,this.x=0,this.y=-10,this.scaleY=-1,this.hz=60,this.speed=1,this.background="#222222",this.activeKeys={},this.step=function(t,e){},this.keydown=function(t,e){},this.keyup=function(t,e){},this.statusText="",this.statusMap={}}return t.mount=function(t){throw new Error("Not implemented")},t.start=function(e){var i=t.mount();return i.start(e),i},t.prototype.status=function(t,e){if(void 0!==e){var i=t,o=e;"function"!=typeof o&&"object"!=typeof o&&(this.statusMap[i]=o)}else if(t&&"object"==typeof t)for(var n in t){var r=t[n];"function"!=typeof r&&"object"!=typeof r&&(this.statusMap[n]=r)}else"string"==typeof t&&(this.statusText=t);var s=this.statusText||"";for(var a in this.statusMap){var c=this.statusMap[a];"function"!=typeof c&&(s+=(s&&"\n")+a+": "+c)}this._status(s)},t.prototype.info=function(t){this._info(t)},t.prototype.color=function(t,e,i){return"rgb("+(t=256*t|0)+", "+(e=256*e|0)+", "+(i=256*i|0)+")"},t}();function An(t,e){var i,o;"function"==typeof t?(i=t,o=e):"function"==typeof e?(i=e,o=t):o=null!=t?t:e;var n=bn.mount(o);if(!i)return n;var r=i(n)||n.world;n.start(r)}var Cn=function(t){function e(i,o,n,r){var s=this;return s instanceof e?((s=t.call(this)||this)._setAsBox(i,o,n,r),s):new e(i,o,n,r)}return i(e,t),e.TYPE="polygon",e}(Ao),Sn=Cn;io.addType(To.TYPE,To.TYPE,function(t,e,i,o,n,r,s){Tn(t,i.getShape(),e,r.getShape(),n)});var Rn=N(0,0),En=N(0,0),Tn=function(e,i,o,n,r){e.pointCount=0,at(Rn,o,i.m_p),at(En,r,n.m_p);var s=it(En,Rn),a=i.m_radius+n.m_radius;s>a*a||(e.type=t.ManifoldType.e_circles,k(e.localPoint,i.m_p),V(e.localNormal),e.pointCount=1,k(e.points[0].localPoint,n.m_p),e.points[0].id.setFeatures(0,t.ContactFeatureType.e_vertex,0,t.ContactFeatureType.e_vertex))};io.addType(co.TYPE,To.TYPE,function(t,e,i,o,n,r,s){var a=i.getShape(),c=r.getShape();Nn(t,a,e,c,n)}),io.addType(mo.TYPE,To.TYPE,function(t,e,i,o,n,r,s){var a=i.getShape(),c=new co;a.getChildEdge(c,o);var l=c,h=r.getShape();Nn(t,l,e,h,n)});var In=N(0,0),Mn=N(0,0),Bn=N(0,0),Fn=N(0,0),Pn=N(0,0),Ln=N(0,0),Nn=function(e,i,o,n,r){e.pointCount=0,lt(Fn,r,o,n.m_p);var s=i.m_vertex1,a=i.m_vertex2;H(In,a,s);var c=Q(In,a)-Q(In,Fn),l=Q(In,Fn)-Q(In,s),h=i.m_radius+n.m_radius;if(l<=0){if(k(Pn,s),it(Fn,s)>h*h)return;if(i.m_hasVertex0){var u=i.m_vertex0,m=s;if(H(Mn,m,u),Q(Mn,m)-Q(Mn,Fn)>0)return}return e.type=t.ManifoldType.e_circles,V(e.localNormal),k(e.localPoint,Pn),e.pointCount=1,k(e.points[0].localPoint,n.m_p),void e.points[0].id.setFeatures(0,t.ContactFeatureType.e_vertex,0,t.ContactFeatureType.e_vertex)}if(c<=0){if(k(Pn,a),it(Fn,Pn)>h*h)return;if(i.m_hasVertex3){var d=i.m_vertex3,p=a;if(H(Bn,d,p),Q(Bn,Fn)-Q(Bn,p)>0)return}return e.type=t.ManifoldType.e_circles,V(e.localNormal),k(e.localPoint,Pn),e.pointCount=1,k(e.points[0].localPoint,n.m_p),void e.points[0].id.setFeatures(1,t.ContactFeatureType.e_vertex,0,t.ContactFeatureType.e_vertex)}var _=tt(In);X(Pn,c/_,s,l/_,a),it(Fn,Pn)>h*h||(K(Ln,1,In),Q(Ln,Fn)-Q(Ln,s)<0&&G(Ln),J(Ln),e.type=t.ManifoldType.e_faceA,k(e.localNormal,Ln),k(e.localPoint,s),e.pointCount=1,k(e.points[0].localPoint,n.m_p),e.points[0].id.setFeatures(0,t.ContactFeatureType.e_face,0,t.ContactFeatureType.e_vertex))},Dn=[new ui,new ui],kn=[new ui,new ui],Vn=[new ui,new ui],Gn=N(0,0),On=N(0,0),zn=N(0,0),Hn=rt(0,0,0),qn=N(0,0),Un=N(0,0),jn=N(0,0),Wn=N(0,0),Xn=N(0,0),Yn=N(0,0),Jn=N(0,0),$n=N(0,0);function Kn(t,e,i,o,n){var r=t.m_count,s=i.m_count,a=t.m_normals,c=t.m_vertices,l=i.m_vertices;ht(Hn,o,e);for(var h=0,u=-1/0,m=0;m<r;++m){ot(zn,Hn.q,a[m]),at(On,Hn,c[m]);for(var d=1/0,p=0;p<s;++p){var _=Q(zn,l[p])-Q(zn,On);_<d&&(d=_)}d>u&&(u=d,h=m)}n.maxSeparation=u,n.bestIndex=h}io.addType(Ao.TYPE,Ao.TYPE,function(t,e,i,o,n,r,s){Qn(t,i.getShape(),e,r.getShape(),n)});var Zn={maxSeparation:0,bestIndex:0},Qn=function(e,i,o,n,r){e.pointCount=0;var s=i.m_radius+n.m_radius;Kn(i,o,n,r,Zn);var a=Zn.bestIndex,c=Zn.maxSeparation;if(!(c>s)){Kn(n,r,i,o,Zn);var l=Zn.bestIndex,h=Zn.maxSeparation;if(!(h>s)){var u,m,d,p,_,f;h>c+.1*x.linearSlop?(u=n,m=i,d=r,p=o,_=l,e.type=t.ManifoldType.e_faceB,f=!0):(u=i,m=n,d=o,p=r,_=a,e.type=t.ManifoldType.e_faceA,f=!1),Dn[0].recycle(),Dn[1].recycle(),function(e,i,o,n,r,s){var a=i.m_normals,c=r.m_count,l=r.m_vertices,h=r.m_normals;!function(t,e,i,o){var n=e.c*o.x+e.s*o.y,r=-e.s*o.x+e.c*o.y,s=i.c*n-i.s*r,a=i.s*n+i.c*r;t.x=s,t.y=a}($n,s.q,o.q,a[n]);for(var u=0,m=1/0,d=0;d<c;++d){var p=Q($n,h[d]);p<m&&(m=p,u=d)}var _=u,f=_+1<c?_+1:0;at(e[0].v,s,l[_]),e[0].id.setFeatures(n,t.ContactFeatureType.e_face,_,t.ContactFeatureType.e_vertex),at(e[1].v,s,l[f]),e[1].id.setFeatures(n,t.ContactFeatureType.e_face,f,t.ContactFeatureType.e_vertex)}(Dn,u,d,_,m,p);var y=u.m_count,w=u.m_vertices,g=_,v=_+1<y?_+1:0;k(qn,w[g]),k(Un,w[v]),H(jn,Un,qn),J(jn),$(Wn,jn,1),X(Xn,.5,qn,.5,Un),ot(Yn,d.q,jn),$(Jn,Yn,1),at(qn,d,qn),at(Un,d,Un);var b=Q(Jn,qn),A=-Q(Yn,qn)+s,C=Q(Yn,Un)+s;if(!(kn[0].recycle(),kn[1].recycle(),Vn[0].recycle(),Vn[1].recycle(),D(Gn,-Yn.x,-Yn.y),yi(kn,Dn,Gn,A,g)<2||(D(Gn,Yn.x,Yn.y),yi(Vn,kn,Gn,C,v)<2))){k(e.localNormal,Wn),k(e.localPoint,Xn);for(var S=0,R=0;R<Vn.length;++R)if(Q(Jn,Vn[R].v)-b<=s){var E=e.points[S];ct(E.localPoint,p,Vn[R].v),E.id.set(Vn[R].id),f&&E.id.swapFeatures(),++S}e.pointCount=S}}}};io.addType(Ao.TYPE,To.TYPE,function(t,e,i,o,n,r,s){ir(t,i.getShape(),e,r.getShape(),n)});var tr=N(0,0),er=N(0,0),ir=function(e,i,o,n,r){e.pointCount=0,lt(tr,r,o,n.m_p);for(var a=0,c=-1/0,l=i.m_radius+n.m_radius,h=i.m_count,u=i.m_vertices,m=i.m_normals,d=0;d<h;++d){var p=Q(m[d],tr)-Q(m[d],u[d]);if(p>l)return;p>c&&(c=p,a=d)}var _=a,f=_+1<h?_+1:0,y=u[_],w=u[f];if(c<s)return e.pointCount=1,e.type=t.ManifoldType.e_faceA,k(e.localNormal,m[a]),X(e.localPoint,.5,y,.5,w),k(e.points[0].localPoint,n.m_p),void e.points[0].id.setFeatures(0,t.ContactFeatureType.e_vertex,0,t.ContactFeatureType.e_vertex);var g=Q(tr,w)-Q(tr,y)-Q(y,w)+Q(y,y),v=Q(tr,y)-Q(tr,w)-Q(w,y)+Q(w,w);if(g<=0){if(it(tr,y)>l*l)return;e.pointCount=1,e.type=t.ManifoldType.e_faceA,H(e.localNormal,tr,y),J(e.localNormal),k(e.localPoint,y),k(e.points[0].localPoint,n.m_p),e.points[0].id.setFeatures(0,t.ContactFeatureType.e_vertex,0,t.ContactFeatureType.e_vertex)}else if(v<=0){if(it(tr,w)>l*l)return;e.pointCount=1,e.type=t.ManifoldType.e_faceA,H(e.localNormal,tr,w),J(e.localNormal),k(e.localPoint,w),k(e.points[0].localPoint,n.m_p),e.points[0].id.setFeatures(0,t.ContactFeatureType.e_vertex,0,t.ContactFeatureType.e_vertex)}else{if(X(er,.5,y,.5,w),Q(tr,m[_])-Q(er,m[_])>l)return;e.pointCount=1,e.type=t.ManifoldType.e_faceA,k(e.localNormal,m[_]),k(e.localPoint,er),k(e.points[0].localPoint,n.m_p),e.points[0].id.setFeatures(0,t.ContactFeatureType.e_vertex,0,t.ContactFeatureType.e_vertex)}},or=Math.min;io.addType(co.TYPE,Ao.TYPE,function(t,e,i,o,n,r,s){Ir(t,i.getShape(),e,r.getShape(),n)}),io.addType(mo.TYPE,Ao.TYPE,function(t,e,i,o,n,r,s){i.getShape().getChildEdge(sr,o),Ir(t,sr,e,r.getShape(),n)});var nr,rr,sr=new co;!function(t){t[t.e_unknown=-1]="e_unknown",t[t.e_edgeA=1]="e_edgeA",t[t.e_edgeB=2]="e_edgeB"}(nr||(nr={})),function(t){t[t.e_isolated=0]="e_isolated",t[t.e_concave=1]="e_concave",t[t.e_convex=2]="e_convex"}(rr||(rr={}));var ar=function(){},cr=function(){function t(){this.v1=N(0,0),this.v2=N(0,0),this.normal=N(0,0),this.sideNormal1=N(0,0),this.sideNormal2=N(0,0)}return t.prototype.recycle=function(){V(this.v1),V(this.v2),V(this.normal),V(this.sideNormal1),V(this.sideNormal2)},t}(),lr=[new ui,new ui],hr=[new ui,new ui],ur=[new ui,new ui],mr=new ar,dr=new ar,pr=new function(){this.vertices=[],this.normals=[],this.count=0;for(var t=0;t<x.maxPolygonVertices;t++)this.vertices.push(N(0,0)),this.normals.push(N(0,0))},_r=new cr,fr=N(0,0),yr=N(0,0),wr=N(0,0),gr=N(0,0),vr=rt(0,0,0),xr=N(0,0),br=N(0,0),Ar=N(0,0),Cr=N(0,0),Sr=N(0,0),Rr=N(0,0),Er=N(0,0),Tr=N(0,0),Ir=function(e,i,o,n,r){ht(vr,o,r),at(fr,vr,n.m_centroid);var s=i.m_vertex0,a=i.m_vertex1,c=i.m_vertex2,l=i.m_vertex3,h=i.m_hasVertex0,u=i.m_hasVertex3;H(wr,c,a),J(wr),D(Ar,wr.y,-wr.x);var m,d=Q(Ar,fr)-Q(Ar,a),p=0,f=0,y=!1,w=!1;V(br),V(Cr),h&&(H(yr,a,s),J(yr),D(br,yr.y,-yr.x),y=Z(yr,wr)>=0,p=_.dot(br,fr)-_.dot(br,s)),u&&(H(gr,l,c),J(gr),D(Cr,gr.y,-gr.x),w=_.crossVec2Vec2(wr,gr)>0,f=_.dot(Cr,fr)-_.dot(Cr,c)),V(xr),V(Sr),V(Rr),h&&u?y&&w?(m=p>=0||d>=0||f>=0)?(k(xr,Ar),k(Sr,br),k(Rr,Cr)):(U(xr,-1,Ar),U(Sr,-1,Ar),U(Rr,-1,Ar)):y?(m=p>=0||d>=0&&f>=0)?(k(xr,Ar),k(Sr,br),k(Rr,Ar)):(U(xr,-1,Ar),U(Sr,-1,Cr),U(Rr,-1,Ar)):w?(m=f>=0||p>=0&&d>=0)?(k(xr,Ar),k(Sr,Ar),k(Rr,Cr)):(U(xr,-1,Ar),U(Sr,-1,Ar),U(Rr,-1,br)):(m=p>=0&&d>=0&&f>=0)?(k(xr,Ar),k(Sr,Ar),k(Rr,Ar)):(U(xr,-1,Ar),U(Sr,-1,Cr),U(Rr,-1,br)):h?y?(m=p>=0||d>=0)?(k(xr,Ar),k(Sr,br),U(Rr,-1,Ar)):(U(xr,-1,Ar),k(Sr,Ar),U(Rr,-1,Ar)):(m=p>=0&&d>=0)?(k(xr,Ar),k(Sr,Ar),U(Rr,-1,Ar)):(U(xr,-1,Ar),k(Sr,Ar),U(Rr,-1,br)):u?w?(m=d>=0||f>=0)?(k(xr,Ar),U(Sr,-1,Ar),k(Rr,Cr)):(U(xr,-1,Ar),U(Sr,-1,Ar),k(Rr,Ar)):(m=d>=0&&f>=0)?(k(xr,Ar),U(Sr,-1,Ar),k(Rr,Ar)):(U(xr,-1,Ar),U(Sr,-1,Cr),k(Rr,Ar)):(m=d>=0)?(k(xr,Ar),U(Sr,-1,Ar),U(Rr,-1,Ar)):(U(xr,-1,Ar),k(Sr,Ar),k(Rr,Ar)),pr.count=n.m_count;for(var g=0;g<n.m_count;++g)at(pr.vertices[g],vr,n.m_vertices[g]),ot(pr.normals[g],vr.q,n.m_normals[g]);var v=n.m_radius+i.m_radius;for(e.pointCount=0,mr.type=nr.e_edgeA,mr.index=m?0:1,mr.separation=1/0,g=0;g<pr.count;++g){var b=pr.vertices[g];(A=Q(xr,b)-Q(xr,a))<mr.separation&&(mr.separation=A)}if(mr.type!=nr.e_unknown&&!(mr.separation>v)){for(dr.type=nr.e_unknown,dr.index=-1,dr.separation=-1/0,D(Er,-xr.y,xr.x),g=0;g<pr.count;++g){U(Tr,-1,pr.normals[g]);var A,C=Q(Tr,pr.vertices[g])-Q(Tr,a),S=Q(Tr,pr.vertices[g])-Q(Tr,c);if((A=or(C,S))>v){dr.type=nr.e_edgeB,dr.index=g,dr.separation=A;break}if(Q(Tr,Er)>=0){if(Q(Tr,xr)-Q(Rr,xr)<-x.angularSlop)continue}else if(Q(Tr,xr)-Q(Sr,xr)<-x.angularSlop)continue;A>dr.separation&&(dr.type=nr.e_edgeB,dr.index=g,dr.separation=A)}if(!(dr.type!=nr.e_unknown&&dr.separation>v)){var R;if(R=dr.type==nr.e_unknown?mr:dr.separation>.98*mr.separation+.001?dr:mr,ur[0].recycle(),ur[1].recycle(),R.type==nr.e_edgeA){e.type=t.ManifoldType.e_faceA;var E=0,T=Q(xr,pr.normals[0]);for(g=1;g<pr.count;++g){var I=Q(xr,pr.normals[g]);I<T&&(T=I,E=g)}var M=E,B=M+1<pr.count?M+1:0;k(ur[0].v,pr.vertices[M]),ur[0].id.setFeatures(0,t.ContactFeatureType.e_face,M,t.ContactFeatureType.e_vertex),k(ur[1].v,pr.vertices[B]),ur[1].id.setFeatures(0,t.ContactFeatureType.e_face,B,t.ContactFeatureType.e_vertex),m?(_r.i1=0,_r.i2=1,k(_r.v1,a),k(_r.v2,c),k(_r.normal,Ar)):(_r.i1=1,_r.i2=0,k(_r.v1,c),k(_r.v2,a),U(_r.normal,-1,Ar))}else e.type=t.ManifoldType.e_faceB,k(ur[0].v,a),ur[0].id.setFeatures(0,t.ContactFeatureType.e_vertex,R.index,t.ContactFeatureType.e_face),k(ur[1].v,c),ur[1].id.setFeatures(0,t.ContactFeatureType.e_vertex,R.index,t.ContactFeatureType.e_face),_r.i1=R.index,_r.i2=_r.i1+1<pr.count?_r.i1+1:0,k(_r.v1,pr.vertices[_r.i1]),k(_r.v2,pr.vertices[_r.i2]),k(_r.normal,pr.normals[_r.i1]);if(!(D(_r.sideNormal1,_r.normal.y,-_r.normal.x),D(_r.sideNormal2,-_r.sideNormal1.x,-_r.sideNormal1.y),_r.sideOffset1=Q(_r.sideNormal1,_r.v1),_r.sideOffset2=Q(_r.sideNormal2,_r.v2),lr[0].recycle(),lr[1].recycle(),hr[0].recycle(),hr[1].recycle(),yi(lr,ur,_r.sideNormal1,_r.sideOffset1,_r.i1)<x.maxManifoldPoints||yi(hr,lr,_r.sideNormal2,_r.sideOffset2,_r.i2)<x.maxManifoldPoints)){R.type==nr.e_edgeA?(k(e.localNormal,_r.normal),k(e.localPoint,_r.v1)):(k(e.localNormal,n.m_normals[_r.i1]),k(e.localPoint,n.m_vertices[_r.i1]));var F=0;for(g=0;g<x.maxManifoldPoints;++g)if(Q(_r.normal,hr[g].v)-Q(_r.normal,_r.v1)<=v){var P=e.points[F];R.type==nr.e_edgeA?(ct(P.localPoint,vr,hr[g].v),P.id.set(hr[g].id)):(k(P.localPoint,hr[g].v),P.id.set(hr[g].id),P.id.swapFeatures()),++F}e.pointCount=F}}}},Mr={CollidePolygons:Qn,Settings:x,Sweep:wt,Manifold:mi,Distance:ie,TimeOfImpact:Ne,DynamicTree:E,stats:Ut},Br=Object.freeze({__proto__:null,Math:h,Serializer:vn,Testbed:bn,testbed:An,Vec2:_,Vec3:ro,Mat22:ei,Mat33:Do,Transform:gt,Rot:pt,AABB:w,Shape:St,FixtureProxy:Mt,Fixture:Bt,Body:zt,ContactEdge:Ci,mixFriction:Si,mixRestitution:Ri,VelocityConstraintPoint:Ii,Contact:io,JointEdge:Ht,Joint:qt,World:no,CircleShape:To,Circle:Io,EdgeShape:co,Edge:lo,PolygonShape:Ao,Polygon:Co,ChainShape:mo,Chain:po,BoxShape:Cn,Box:Sn,CollideCircles:Tn,CollideEdgeCircle:Nn,CollidePolygons:Qn,CollidePolygonCircle:ir,CollideEdgePolygon:Ir,DistanceJoint:Po,FrictionJoint:No,GearJoint:Xo,MotorJoint:Jo,MouseJoint:Zo,PrismaticJoint:jo,PulleyJoint:en,RevoluteJoint:Go,RopeJoint:sn,WeldJoint:hn,WheelJoint:pn,Settings:v,SettingsInternal:x,Sweep:wt,get ManifoldType(){return t.ManifoldType},get ContactFeatureType(){return t.ContactFeatureType},get PointState(){return t.PointState},ClipVertex:ui,Manifold:mi,ManifoldPoint:di,ContactID:pi,WorldManifold:_i,getPointStates:fi,clipSegmentToLine:yi,DistanceInput:Qt,DistanceOutput:te,SimplexCache:ee,Distance:ie,DistanceProxy:oe,testOverlap:me,ShapeCastInput:pe,ShapeCastOutput:_e,ShapeCast:fe,TOIInput:ge,get TOIOutputState(){return t.TOIOutputState},TOIOutput:ve,TimeOfImpact:Ne,TreeNode:S,DynamicTree:E,stats:Ut,internal:Mr});t.AABB=w,t.Body=zt,t.Box=Sn,t.BoxShape=Cn,t.Chain=po,t.ChainShape=mo,t.Circle=Io,t.CircleShape=To,t.ClipVertex=ui,t.CollideCircles=Tn,t.CollideEdgeCircle=Nn,t.CollideEdgePolygon=Ir,t.CollidePolygonCircle=ir,t.CollidePolygons=Qn,t.Contact=io,t.ContactEdge=Ci,t.ContactID=pi,t.Distance=ie,t.DistanceInput=Qt,t.DistanceJoint=Po,t.DistanceOutput=te,t.DistanceProxy=oe,t.DynamicTree=E,t.Edge=lo,t.EdgeShape=co,t.Fixture=Bt,t.FixtureProxy=Mt,t.FrictionJoint=No,t.GearJoint=Xo,t.Joint=qt,t.JointEdge=Ht,t.Manifold=mi,t.ManifoldPoint=di,t.Mat22=ei,t.Mat33=Do,t.Math=h,t.MotorJoint=Jo,t.MouseJoint=Zo,t.Polygon=Co,t.PolygonShape=Ao,t.PrismaticJoint=jo,t.PulleyJoint=en,t.RevoluteJoint=Go,t.RopeJoint=sn,t.Rot=pt,t.Serializer=vn,t.Settings=v,t.SettingsInternal=x,t.Shape=St,t.ShapeCast=fe,t.ShapeCastInput=pe,t.ShapeCastOutput=_e,t.SimplexCache=ee,t.Sweep=wt,t.TOIInput=ge,t.TOIOutput=ve,t.Testbed=bn,t.TimeOfImpact=Ne,t.Transform=gt,t.TreeNode=S,t.Vec2=_,t.Vec3=ro,t.VelocityConstraintPoint=Ii,t.WeldJoint=hn,t.WheelJoint=pn,t.World=no,t.WorldManifold=_i,t.clipSegmentToLine=yi,t.default=Br,t.getPointStates=fi,t.internal=Mr,t.mixFriction=Si,t.mixRestitution=Ri,t.stats=Ut,t.testOverlap=me,t.testbed=An,Object.defineProperty(t,"__esModule",{value:!0})});class PhysicsManager{constructor(){this.world=null,this.bodies=new Map,this.scale=30,this.autoUpdate=!1,this.collisionCallbacks=new Map,this.groups=new Map,this.groupCollisions=new Map,this.staticBodies=[],this.timeStep=1/60,this.velocityIterations=8,this.positionIterations=3,this.visualBodies=new Map,this.linkedObjects=new Map,console.log("[PHYSICS-MANAGER] Physics Manager created")}useRetroGraphics(){return void 0!==window.RetroGraphics?(console.log("[PHYSICS-MANAGER] Using existing RetroGraphics system"),!0):(console.warn("[PHYSICS-MANAGER] RetroGraphics system not available"),!1)}init(){if("undefined"==typeof planck)return console.error("[PHYSICS-MANAGER] Planck.js library not available"),!1;try{return this.world=planck.World(planck.Vec2(0,0)),this.setupCollisionCallbacks(),console.log("[PHYSICS-MANAGER] Physics world initialized"),!0}catch(t){return console.error("[PHYSICS-MANAGER] Failed to initialize physics world:",t),!1}}setGravity(t,e){this.world&&(this.world.setGravity(planck.Vec2(t,e)),console.log(`[PHYSICS-MANAGER] Gravity set to (${t}, ${e})`))}setScale(t){this.scale=t,console.log(`[PHYSICS-MANAGER] Scale set to ${t} pixels per meter`)}pixelsToMeters(t){return t/this.scale}metersToPixels(t){return t*this.scale}createFloor(t,e,i,o){if(this.world)try{const n=(t+i)/2,r=(e+o)/2,s=Math.sqrt((i-t)**2+(o-e)**2),a=Math.atan2(o-e,i-t),c=this.world.createBody({type:"static",position:planck.Vec2(this.pixelsToMeters(n),this.pixelsToMeters(r)),angle:a});c.createFixture(planck.Box(this.pixelsToMeters(s/2),this.pixelsToMeters(1)),{friction:.5,restitution:.1,density:0}),this.staticBodies.push(c),console.log(`[PHYSICS-MANAGER] Floor created: (${t},${e}) to (${i},${o})`)}catch(t){console.error("[PHYSICS-MANAGER] Error creating floor:",t)}}createWall(t,e,i,o){if(this.world)try{const n=(t+i)/2,r=(e+o)/2,s=Math.sqrt((i-t)**2+(o-e)**2),a=Math.atan2(o-e,i-t),c=this.world.createBody({type:"static",position:planck.Vec2(this.pixelsToMeters(n),this.pixelsToMeters(r)),angle:a});c.createFixture(planck.Box(this.pixelsToMeters(s/2),this.pixelsToMeters(1)),{friction:.3,restitution:.8,density:0}),this.staticBodies.push(c),console.log(`[PHYSICS-MANAGER] Wall created: (${t},${e}) to (${i},${o})`)}catch(t){console.error("[PHYSICS-MANAGER] Error creating wall:",t)}}createLine(t,e,i,o){if(this.world)try{const n=(t+i)/2,r=(e+o)/2,s=Math.sqrt((i-t)**2+(o-e)**2),a=Math.atan2(o-e,i-t),c=this.world.createBody({type:"static",position:planck.Vec2(this.pixelsToMeters(n),this.pixelsToMeters(r)),angle:a});c.createFixture(planck.Box(this.pixelsToMeters(s/2),this.pixelsToMeters(1)),{friction:.4,restitution:.5,density:0}),this.staticBodies.push(c),console.log(`[PHYSICS-MANAGER] Line created: (${t},${e}) to (${i},${o})`)}catch(t){console.error("[PHYSICS-MANAGER] Error creating line:",t)}}createRect(t,e,i,o){if(this.world)try{const n=this.world.createBody({type:"static",position:planck.Vec2(this.pixelsToMeters(t+i/2),this.pixelsToMeters(e+o/2))});n.createFixture(planck.Box(this.pixelsToMeters(i/2),this.pixelsToMeters(o/2)),{friction:.4,restitution:.3,density:0}),this.staticBodies.push(n),console.log(`[PHYSICS-MANAGER] Rect created: (${t},${e}) ${i}x${o}`)}catch(t){console.error("[PHYSICS-MANAGER] Error creating rect:",t)}}createCircle(t,e,i,o=1){if(this.world)try{const n=this.world.createBody({type:"dynamic",position:planck.Vec2(this.pixelsToMeters(t),this.pixelsToMeters(e))});n.createFixture(planck.Circle(this.pixelsToMeters(i)),{friction:.4,restitution:.8,density:1}),this.bodies.set(o,n),n.setUserData({id:o}),console.log(`[PHYSICS-MANAGER] Dynamic circle created: (${t},${e}) radius ${i} with ID ${o}`)}catch(t){console.error("[PHYSICS-MANAGER] Error creating circle:",t)}}addBody(t,e,i,o,n,r=32,s=32,a=1){if(this.world)try{const c={type:e,position:planck.Vec2(this.pixelsToMeters(o),this.pixelsToMeters(n))},l=this.world.createBody(c);let h;if("circle"===i||"sphere"===i){const t=Math.min(r,s)/2;h=l.createFixture(planck.Circle(this.pixelsToMeters(t)),{density:a,friction:.3,restitution:.3})}else h=l.createFixture(planck.Box(this.pixelsToMeters(r/2),this.pixelsToMeters(s/2)),{density:a,friction:.3,restitution:.3});this.bodies.set(t,l),l.setUserData({id:t}),console.log(`[PHYSICS-MANAGER] Body added: ID=${t}, type=${e}, shape=${i}`)}catch(t){console.error("[PHYSICS-MANAGER] Error adding body:",t)}}removeBody(t){if(!this.world)return;const e=this.bodies.get(t);e&&(this.world.destroyBody(e),this.bodies.delete(t),console.log(`[PHYSICS-MANAGER] Body removed: ID=${t}`))}setVelocity(t,e,i){const o=this.bodies.get(t);o&&o.setLinearVelocity(planck.Vec2(e/this.scale,i/this.scale))}applyForce(t,e,i){const o=this.bodies.get(t);if(o){const t=planck.Vec2(e/this.scale,i/this.scale);o.applyForceToCenter(t)}}setFriction(t,e){const i=this.bodies.get(t);if(i)for(let t=i.getFixtureList();t;t=t.getNext())t.setFriction(e)}setBounce(t,e){const i=this.bodies.get(t);if(i)for(let t=i.getFixtureList();t;t=t.getNext())t.setRestitution(e)}setDensity(t,e){const i=this.bodies.get(t);if(i){for(let t=i.getFixtureList();t;t=t.getNext())t.setDensity(e);i.resetMassData()}}setGroup(t,e){this.groups.set(t,e)}setGroupCollision(t,e,i){const o=`${t}_${e}`,n=`${e}_${t}`;this.groupCollisions.set(o,i),this.groupCollisions.set(n,i)}setupCollisionCallbacks(){this.world&&this.world.on("begin-contact",t=>{const e=t.getFixtureA().getBody(),i=t.getFixtureB().getBody(),o=e.getUserData(),n=i.getUserData();o&&n&&this.handleCollision(o.id,n.id)})}handleCollision(t,e){const i=`${t}_${e}`,o=`${e}_${t}`;if(this.collisionCallbacks.has(i)){const o=this.collisionCallbacks.get(i);console.log(`[PHYSICS-MANAGER] Collision: ${t} vs ${e}, jumping to line ${o}`)}else if(this.collisionCallbacks.has(o)){const i=this.collisionCallbacks.get(o);console.log(`[PHYSICS-MANAGER] Collision: ${e} vs ${t}, jumping to line ${i}`)}}setCollisionCallback(t,e,i){const o=`${t}_${e}`;this.collisionCallbacks.set(o,i)}linkPhysicsToVector(t,e){this.linkedObjects.set(t,e),console.log(`[PHYSICS-MANAGER] Linked physics body ${t} to VECTOR/SPRITE ${e}`)}step(){if(this.world)try{this.world.step(this.timeStep,this.velocityIterations,this.positionIterations),this.updateVisualPositions()}catch(t){console.error("[PHYSICS-MANAGER] Error during physics step:",t)}}updateVisualPositions(){for(const[t,e]of this.bodies)if("dynamic"===e.getType()){const i=e.getPosition(),o=e.getAngle(),n=i.x,r=i.y,s=o,a=.7*o,c=.5*o,l=this.linkedObjects.get(t);if(l&&window.vectorManager&&window.vectorManager.handleUpdateVector3D)try{window.vectorManager.handleUpdateVector3D({id:l,shape:"sphere",position:{x:n,y:r,z:-8},vecRotation:{x:s,y:a,z:c},scale:3,brightness:15,visible:!0}),console.log(`[PHYSICS-MANAGER] Updated linked VECTOR ${l} from physics ${t}: (${n.toFixed(1)}, ${r.toFixed(1)})`)}catch(t){console.error("[PHYSICS-MANAGER] Error updating linked VECTOR position:",t)}else if(1===t&&window.vectorManager&&window.vectorManager.handleUpdateVector3D)try{window.vectorManager.handleUpdateVector3D({id:1,shape:"sphere",position:{x:pixelX,y:pixelY,z:-5},vecRotation:{x:0,y:0,z:0},scale:1,brightness:4,visible:!0}),console.log(`[PHYSICS-MANAGER] Updated VECTOR sphere ID 1 (legacy): (${pixelX.toFixed(1)}, ${pixelY.toFixed(1)})`)}catch(t){console.error("[PHYSICS-MANAGER] Error updating VECTOR position (legacy):",t)}}}setAutoUpdate(t){this.autoUpdate=t,t&&!this.updateInterval?(this.updateInterval=setInterval(()=>{this.step(),this.render()},1e3*this.timeStep),console.log("[PHYSICS-MANAGER] Auto-update enabled")):!t&&this.updateInterval&&(clearInterval(this.updateInterval),this.updateInterval=null,console.log("[PHYSICS-MANAGER] Auto-update disabled"))}handleCommand(t){const{command:e,params:i}=t;try{switch(e){case"WORLD":this.setGravity(i.gravityX,i.gravityY);break;case"SCALE":this.setScale(i.scale);break;case"FLOOR":this.createFloor(i.x1,i.y1,i.x2,i.y2);break;case"WALL":this.createWall(i.x1,i.y1,i.x2,i.y2);break;case"LINE":this.createLine(i.x1,i.y1,i.x2,i.y2);break;case"RECT":this.createRect(i.x,i.y,i.width,i.height);break;case"CIRCLE":this.createCircle(i.x,i.y,i.radius,i.id||1);break;case"SET_VISUAL":this.setVisualProperties(i.id,i.shape,i.color,i.size);break;case"SPRITE":if(window.spriteManager&&window.spriteManager.getSpritePosition){const t=window.spriteManager.getSpritePosition(i.id);t&&this.addBody(i.id,i.type,i.shape,t.x,t.y,32,32,i.density)}break;case"VECTOR":if(window.vectorManager&&window.vectorManager.getVectorPosition){const t=window.vectorManager.getVectorPosition(i.id);if(t){const e=32*t.scale;this.addBody(i.id,i.type,i.shape,t.x,t.y,e,e,i.density)}}break;case"STEP":this.step();break;case"AUTO":this.setAutoUpdate(i.enabled);break;case"VELOCITY":this.setVelocity(i.id,i.vx,i.vy);break;case"FORCE":this.applyForce(i.id,i.fx,i.fy);break;case"FRICTION":this.setFriction(i.id,i.friction);break;case"BOUNCE":this.setBounce(i.id,i.bounce);break;case"DENSITY":this.setDensity(i.id,i.density);break;case"GROUP":this.setGroup(i.id,i.group);break;case"COLLIDE":this.setGroupCollision(i.group1,i.group2,i.enabled);break;case"COLLISION":this.setCollisionCallback(i.id1,i.id2,i.lineNumber);break;case"LINK":this.linkPhysicsToVector(i.physics_id,i.vector_id);break;default:console.warn("[PHYSICS-MANAGER] Unknown command:",e)}}catch(t){console.error("[PHYSICS-MANAGER] Error handling command:",e,t)}}destroy(){if(this.updateInterval&&(clearInterval(this.updateInterval),this.updateInterval=null),this.world){for(const t of this.staticBodies)t&&this.world.destroyBody(t);for(const[t,e]of this.bodies)e&&this.world.destroyBody(e);this.staticBodies=[],this.bodies.clear(),this.world=null}console.log("[PHYSICS-MANAGER] Physics Manager destroyed")}render(){if(this.world&&this.useRetroGraphics())for(let[t,e]of this.bodies){const i=e.getPosition(),o=e.getAngle(),n=this.metersToPixels(i.x),r=this.metersToPixels(i.y),s=180*o/Math.PI,a=this.visualBodies.get(t)||{shape:"circle",color:4,size:25};if(window.handleUpdateVector3D)try{"circle"===a.shape?window.handleUpdateVector3D({id:1e3+t,shape:"sphere",position:{x:n,y:r,z:-5},vecRotation:{x:0,y:s*Math.PI/180,z:0},scale:a.size/30,brightness:a.color,visible:!0}):window.handleUpdateVector3D({id:1e3+t,shape:"cube",position:{x:n,y:r,z:-5},vecRotation:{x:0,y:s*Math.PI/180,z:0},scale:a.size/30,brightness:a.color,visible:!0})}catch(t){console.error("[PHYSICS-MANAGER] Error updating VECTOR position:",t)}}}setVisualProperties(t,e,i,o){this.visualBodies.set(t,{shape:e,color:i,size:o})}}"undefined"!=typeof window&&(window.physicsManager=new PhysicsManager,"undefined"!=typeof planck?window.physicsManager.init():document.addEventListener("DOMContentLoaded",()=>{"undefined"!=typeof planck&&window.physicsManager.init()}),console.log("[PHYSICS-MANAGER] Physics Manager loaded"));const ANSI_GREEN_COLORS={black:"#001100",red:"#004400",green:"#00aa00",yellow:"#00cc44",blue:"#006666",magenta:"#004466",cyan:"#00aaaa",white:"#00ff55",brightBlack:"#003300",brightRed:"#006600",brightGreen:"#00ff00",brightYellow:"#88ff44",brightBlue:"#00aacc",brightMagenta:"#4488cc",brightCyan:"#44ffaa",brightWhite:"#aaffaa",bgBlack:"#000000",bgRed:"#002200",bgGreen:"#004400",bgYellow:"#006622",bgBlue:"#003333",bgMagenta:"#002244",bgCyan:"#004444",bgWhite:"#006644"};class ANSIParser{constructor(){this.reset()}reset(){this.currentForeground=ANSI_GREEN_COLORS.white,this.currentBackground=ANSI_GREEN_COLORS.bgBlack,this.bold=!1,this.dim=!1,this.italic=!1,this.underline=!1,this.blink=!1,this.reverse=!1,this.hidden=!1,this.strikethrough=!1,this.cursorVisible=!0}parseText(t){const e=[];let i=0;const o=/\x1b\[(\??)([0-9;]*?)([A-Za-z])/g;let n;for(;null!==(n=o.exec(t));){const o=t.substring(i,n.index);o&&e.push({text:o,style:this.getCurrentStyle()});const r="?"===n[1];let s=n[2]?n[2].split(";").map(t=>parseInt(t)||0):[0];const a=n[3];r&&s.length>0&&(s=s.map(t=>t+1e3)),this.processANSICommand(s,a),i=n.index+n[0].length}const r=t.substring(i);return r&&e.push({text:r,style:this.getCurrentStyle()}),e}parse(t){const e=[],i=[],o=t.split(/\r\n|\r|\n/);for(let t=0;t<o.length;t++){const n=o[t];this.extractTerminalCommands(n,i);const r=this.parseText(n),s={text:this.extractPlainText(n),segments:r,raw:n};e.push(s)}return{lines:e,commands:i}}processANSICommand(t,e){switch(e){case"m":this.processSGR(t);break;case"K":case"J":case"H":case"f":case"A":case"B":case"C":case"D":case"s":case"u":case"S":case"T":case"L":case"M":case"P":case"@":case"X":case"G":case"`":case"d":case"n":default:break;case"h":case"l":this.processPrivateMode(t,e)}}processPrivateMode(t,e){if(t.length>0&&t[0]>=1e3){if(25===t[0]%1e3)this.cursorVisible="h"===e}}processSGR(t){0===t.length&&(t=[0]);for(let e=0;e<t.length;e++){switch(t[e]){case 0:this.reset();break;case 1:this.bold=!0;break;case 2:this.dim=!0;break;case 3:this.italic=!0;break;case 4:this.underline=!0;break;case 5:case 6:this.blink=!0;break;case 7:this.reverse=!0;break;case 8:this.hidden=!0;break;case 9:this.strikethrough=!0;break;case 22:this.bold=!1,this.dim=!1;break;case 23:this.italic=!1;break;case 24:this.underline=!1;break;case 25:this.blink=!1;break;case 27:this.reverse=!1;break;case 28:this.hidden=!1;break;case 29:this.strikethrough=!1;break;case 30:this.currentForeground=ANSI_GREEN_COLORS.black;break;case 31:this.currentForeground=ANSI_GREEN_COLORS.red;break;case 32:this.currentForeground=ANSI_GREEN_COLORS.green;break;case 33:this.currentForeground=ANSI_GREEN_COLORS.yellow;break;case 34:this.currentForeground=ANSI_GREEN_COLORS.blue;break;case 35:this.currentForeground=ANSI_GREEN_COLORS.magenta;break;case 36:this.currentForeground=ANSI_GREEN_COLORS.cyan;break;case 37:case 39:this.currentForeground=ANSI_GREEN_COLORS.white;break;case 40:case 49:this.currentBackground=ANSI_GREEN_COLORS.bgBlack;break;case 41:this.currentBackground=ANSI_GREEN_COLORS.bgRed;break;case 42:this.currentBackground=ANSI_GREEN_COLORS.bgGreen;break;case 43:this.currentBackground=ANSI_GREEN_COLORS.bgYellow;break;case 44:this.currentBackground=ANSI_GREEN_COLORS.bgBlue;break;case 45:this.currentBackground=ANSI_GREEN_COLORS.bgMagenta;break;case 46:this.currentBackground=ANSI_GREEN_COLORS.bgCyan;break;case 47:this.currentBackground=ANSI_GREEN_COLORS.bgWhite;break;case 90:this.currentForeground=ANSI_GREEN_COLORS.brightBlack;break;case 91:this.currentForeground=ANSI_GREEN_COLORS.brightRed;break;case 92:this.currentForeground=ANSI_GREEN_COLORS.brightGreen;break;case 93:this.currentForeground=ANSI_GREEN_COLORS.brightYellow;break;case 94:this.currentForeground=ANSI_GREEN_COLORS.brightBlue;break;case 95:this.currentForeground=ANSI_GREEN_COLORS.brightMagenta;break;case 96:this.currentForeground=ANSI_GREEN_COLORS.brightCyan;break;case 97:this.currentForeground=ANSI_GREEN_COLORS.brightWhite;break;case 38:if(e+1<t.length)if(5===t[e+1])e+=2,e<t.length&&(this.currentForeground=this.convert256ToGreen(t[e]));else if(2===t[e+1]&&(e+=4,e<t.length)){const i=t[e-2]||0,o=t[e-1]||0,n=t[e]||0;this.currentForeground=this.convertRGBToGreen(i,o,n)}break;case 48:if(e+1<t.length)if(5===t[e+1])e+=2,e<t.length&&(this.currentBackground=this.convert256ToGreen(t[e],!0));else if(2===t[e+1]&&(e+=4,e<t.length)){const i=t[e-2]||0,o=t[e-1]||0,n=t[e]||0;this.currentBackground=this.convertRGBToGreen(i,o,n,!0)}}}}convert256ToGreen(t,e=!1){const i=Math.floor(t%256/255*15),o=Math.max(0,Math.min(255,17*i));return e?`rgb(0, ${Math.floor(o/4)}, 0)`:`rgb(0, ${o}, ${Math.floor(o/2)})`}convertRGBToGreen(t,e,i,o=!1){const n=Math.floor(.299*t+.587*e+.114*i);return o?`rgb(0, ${Math.floor(n/4)}, 0)`:`rgb(0, ${n}, ${Math.floor(n/2)})`}getCurrentStyle(){let t=this.currentForeground,e=this.currentBackground;return this.reverse&&([t,e]=[e,t]),this.bold&&(t=this.brightenColor(t)),this.dim&&(t=this.darkenColor(t)),{color:t,backgroundColor:e,fontWeight:this.bold?"bold":"normal",fontStyle:this.italic?"italic":"normal",textDecoration:[this.underline?"underline":"",this.strikethrough?"line-through":""].filter(t=>t).join(" ")||"none",opacity:this.hidden?0:1,animation:this.blink?"ansi-blink 1s infinite":"none",cursorVisible:this.cursorVisible}}brightenColor(t){const e=t.match(/rgb\((\d+),\s*(\d+),\s*(\d+)\)/);if(e){return`rgb(${Math.min(255,parseInt(e[1])+40)}, ${Math.min(255,parseInt(e[2])+40)}, ${Math.min(255,parseInt(e[3])+20)})`}return t}darkenColor(t){const e=t.match(/rgb\((\d+),\s*(\d+),\s*(\d+)\)/);if(e){return`rgb(${Math.max(0,parseInt(e[1])-20)}, ${Math.max(0,parseInt(e[2])-20)}, ${Math.max(0,parseInt(e[3])-10)})`}return t}extractTerminalCommands(t,e){const i=/\x1b\[(\??)([0-9;]*?)([A-Za-z])/g;let o;for(;null!==(o=i.exec(t));){const t="?"===o[1];let i=o[2]?o[2].split(";").map(t=>parseInt(t)||0):[0];const n=o[3];switch(n){case"H":case"f":const o=(i[0]||1)-1,r=(i[1]||1)-1;e.push({type:"cursor",action:"position",row:o,col:r});break;case"J":const s=i[0]||0;0===s?e.push({type:"clear",action:"toEnd"}):1===s?e.push({type:"clear",action:"toStart"}):2===s&&e.push({type:"clear",action:"all"});break;case"K":const a=i[0]||0;0===a?e.push({type:"clearLine",action:"toEnd"}):1===a?e.push({type:"clearLine",action:"toStart"}):2===a&&e.push({type:"clearLine",action:"all"});break;case"A":e.push({type:"cursor",action:"up",count:i[0]||1});break;case"B":e.push({type:"cursor",action:"down",count:i[0]||1});break;case"C":e.push({type:"cursor",action:"right",count:i[0]||1});break;case"D":e.push({type:"cursor",action:"left",count:i[0]||1});break;case"h":case"l":if(t)for(const t of i)switch(t){case 25:e.push({type:"cursor",action:"visibility",visible:"h"===n});break;case 1:e.push({type:"mode",action:"cursorKeys",application:"h"===n});break;case 7:e.push({type:"mode",action:"autoWrap",enabled:"h"===n});break;case 47:case 1047:case 1049:e.push({type:"screen",action:"alternate",enabled:"h"===n})}break;case"s":e.push({type:"cursor",action:"save"});break;case"u":e.push({type:"cursor",action:"restore"})}}}handleTerminalQuery(t,e){if(t.includes("6n")){const t=`[${(e.getCurrentRow?.()||0)+1};${(e.getCurrentCol?.()||0)+1}R`;return e.sendResponse?.(t),!0}if(t.includes("0c")||"[c"===t){const t="[?1;2c";return e.sendResponse?.(t),!0}if(t.includes(">0c")||t.includes(">c")){const t="[>0;95;0c";return e.sendResponse?.(t),!0}if(t.includes("x")){const t="[2;1;1;120;120;1;0x";return e.sendResponse?.(t),!0}if(t.includes(">q")){const t="P>|ANSI Terminal\\";return e.sendResponse?.(t),!0}if(t.includes("?")){if(t.includes("?25h"))return this.cursorVisible=!0,!0;if(t.includes("?25l"))return this.cursorVisible=!1,!0;if(t.includes("?1049h")||t.includes("?1049l"))return!0;if(t.includes("?1h")||t.includes("?1l"))return!0;if(t.includes("?47h")||t.includes("?47l"))return!0;if(t.includes("?7h")||t.includes("?7l"))return!0}return!!t.includes("]")}extractPlainText(t){return t.replace(/\x1b\[(\??)([0-9;]*?)([A-Za-z@`])/g,"").replace(/\x1b\[[0-9;]*[A-Za-z@`]/g,"").replace(/\x1b\][^\x07\x1b]*(\x07|\x1b\\)/g,"").replace(/\x1b[()][AB012]/g,"").replace(/\x1b[78]/g,"")}isCursorVisible(){return this.cursorVisible}getState(){return{foreground:this.currentForeground,background:this.currentBackground,bold:this.bold,dim:this.dim,italic:this.italic,underline:this.underline,blink:this.blink,reverse:this.reverse,hidden:this.hidden,strikethrough:this.strikethrough,cursorVisible:this.cursorVisible}}static getSupportedSequences(){return{cursor:{"ESC[?25h":"Show cursor (DECTCEM)","ESC[?25l":"Hide cursor (DECTCEM)","ESC[H":"Cursor home position","ESC[row;colH":"Set cursor position","ESC[A":"Cursor up","ESC[B":"Cursor down","ESC[C":"Cursor right","ESC[D":"Cursor left","ESC[s":"Save cursor position","ESC[u":"Restore cursor position","ESC[G":"Cursor horizontal absolute","ESC[d":"Line position absolute"},erase:{"ESC[J":"Clear display (0=to end, 1=to start, 2=all)","ESC[K":"Clear line (0=to end, 1=to start, 2=all)","ESC[X":"Erase characters"},text:{"ESC[m":"Reset all text attributes","ESC[1m":"Bold text","ESC[3m":"Italic text","ESC[4m":"Underline text","ESC[5m":"Blinking text","ESC[7m":"Reverse video","ESC[30-37m":"Foreground colors","ESC[40-47m":"Background colors","ESC[90-97m":"Bright foreground colors"},modes:{"ESC[?1h/l":"Application cursor keys mode","ESC[?7h/l":"Auto wrap mode","ESC[?47h/l":"Alternate screen buffer","ESC[?1047h/l":"Alternate screen buffer (xterm)","ESC[?1049h/l":"Alternate screen buffer with save/restore"},scroll:{"ESC[S":"Scroll up","ESC[T":"Scroll down","ESC[L":"Insert lines","ESC[M":"Delete lines"},queries:{"ESC[6n":"Cursor position report","ESC[c":"Device attributes","ESC[>c":"Secondary device attributes","ESC[n":"Device status report"}}}}window.ANSIParser=ANSIParser;class AuthManager{constructor(){this.baseUrl=window.location.origin,this.token=this.getStoredToken(),this.sessionId=this.getStoredSessionId(),this.clearTemporaryTokenOnRefresh()}getStoredToken(){try{return localStorage.getItem("tinyos_token")}catch(t){return console.warn("[AUTH] localStorage not available, using memory storage"),null}}setStoredToken(t){try{t?localStorage.setItem("tinyos_token",t):localStorage.removeItem("tinyos_token")}catch(t){console.warn("[AUTH] localStorage not available for token storage")}this.token=t}getStoredSessionId(){try{return localStorage.getItem("tinyos_session_id")}catch(t){return console.warn("[AUTH] localStorage not available, using memory storage"),null}}setStoredSessionId(t){try{t?localStorage.setItem("tinyos_session_id",t):localStorage.removeItem("tinyos_session_id")}catch(t){console.warn("[AUTH] localStorage not available for session ID storage")}this.sessionId=t}clearTemporaryTokenOnRefresh(){if(!this.token)return!1;try{const t=this.token.split(".");if(3!==t.length)return!1;const e=JSON.parse(atob(t[1]));if(e&&"dyson"===e.username)return this.setStoredToken(null),this.setStoredSessionId(null),!0}catch(t){return this.setStoredToken(null),this.setStoredSessionId(null),!0}return!1}async initialize(){if(this.token){if(await this.validateToken())return!0}const t=await this.createSession();if(!t)return console.error("[AUTH] Failed to create session"),!1;return!!await this.login(t)||(console.error("[AUTH] Failed to authenticate with new session"),!1)}async createSession(){try{const t=await fetch(`${this.baseUrl}/api/auth/session`,{method:"POST",headers:{"Content-Type":"application/json"},credentials:"include",body:JSON.stringify({})}),e=await t.json();return e.success?e.sessionId:(console.error("[AUTH] Session creation failed:",e.message),null)}catch(t){return console.error("[AUTH] Session creation error:",t),null}}async login(t){try{const e=await fetch(`${this.baseUrl}/api/auth/login`,{method:"POST",headers:{"Content-Type":"application/json"},credentials:"include",body:JSON.stringify({sessionId:t})}),i=await e.json();return i.success?(this.setStoredToken(i.token),this.setStoredSessionId(i.sessionId),!0):(console.error("[AUTH] Login failed:",i.message),!1)}catch(t){return console.error("[AUTH] Login error:",t),!1}}async validateToken(){try{const t=await fetch(`${this.baseUrl}/api/auth/validate`,{method:"GET",credentials:"include",headers:{Authorization:this.token?`Bearer ${this.token}`:""}}),e=await t.json();return e.success?(this.setStoredSessionId(e.sessionId),!0):(this.setStoredToken(null),this.setStoredSessionId(null),!1)}catch(t){return console.error("[AUTH] Token validation error:",t),this.setStoredToken(null),this.setStoredSessionId(null),!1}}async logout(){try{await fetch(`${this.baseUrl}/api/auth/logout`,{method:"POST",credentials:"include"})}catch(t){console.error("[AUTH] Logout error:",t)}this.setStoredToken(null),this.setStoredSessionId(null)}getSessionId(){return this.sessionId}getToken(){return this.token}isAuthenticated(){return null!==this.token&&null!==this.sessionId}getWebSocketUrl(){const t="https:"===window.location.protocol?"wss:":"ws:",e=window.location.host;return this.token?`${t}//${e}/ws?token=${encodeURIComponent(this.token)}`:this.sessionId?`${t}//${e}/ws?sessionId=${encodeURIComponent(this.sessionId)}`:`${t}//${e}/ws`}}if(window.authManager=new AuthManager,!CFG)throw new Error("CRT_CONFIG is not defined on window. Please define window.CRT_CONFIG before loading retroconsole.js");const requiredCfgKeys=["SCREEN_PADDING_LEFT","SCREEN_PADDING_TOP","SCREEN_PADDING_RIGHT","SCREEN_PADDING_BOTTOM","VIRTUAL_CRT_WIDTH","VIRTUAL_CRT_HEIGHT","FONT_SIZE_PX","FONT_FAMILY","TEXT_ROWS","TEXT_COLS"];for(const t of requiredCfgKeys)if(void 0===CFG[t])throw new Error(`CRT_CONFIG is missing required property: ${t}`);const RESPONSE_TYPE_MAP={0:"TEXT",1:"CLEAR",2:"BEEP",3:"SPEAK",4:"GRAPHICS",5:"SOUND",6:"SPEAK_DONE",7:"MODE",8:"SESSION",9:"INPUT_CONTROL",10:"SPRITE",11:"VECTOR",12:"PROMPT",13:"NOISE",14:"INPUT",15:"CHAT",16:"KEY_DOWN",17:"KEY_UP",18:"LOCATE",19:"INVERSE",20:"EDITOR",21:"PAGER",23:"TELNET",24:"AUTO_EXECUTE",25:"BITMAP",26:"EVIL",27:"AUTH_REFRESH",28:"IMAGE",29:"PARTICLE",30:"SFX",31:"PHYSICS"};window.RetroConsole||(window.RetroConsole={}),Object.assign(window.RetroConsole,{lines:["SKYNET COMPUTERS INC.","TERMINAL READY",""],inverseLines:[[],[],[]],promptSymbol:"> ",input:"",cursorPos:0,inputEnabled:!0,inputMode:0,commandHistory:[],historyIndex:-1,maxHistorySize:30,runMode:!1,passwordMode:!1,pagerMode:!1,terminalStatus:"",telnetMode:!1,pagerPrompt:"",telnetEchoBuffer:[],telnetServerEcho:!1,chatMode:!1,cursorX:0,cursorY:0,locateMode:!1,screenBuffer:null,inverseMode:!1,textCanvas:null,_textCanvasDirty:!0,_cursorBlinkInterval:null,_lastCursorState:!1,isTextCanvasDirty:function(){const t=this.inputEnabled&&!this.forcedHideCursor&&Math.floor(Date.now()/500)%2==0;return this._textCanvasDirty||t!==this._lastCursorState},markTextCanvasClean:function(){this._textCanvasDirty=!1,this._lastCursorState=this.inputEnabled&&!this.forcedHideCursor&&Math.floor(Date.now()/500)%2==0},textTexture:null,startCursorBlink:function(){null===this._cursorBlinkInterval&&(this._cursorBlinkInterval=setInterval(()=>{!this.inputEnabled||this.editorMode||this.filenameInputMode||this.drawTerminal()},500))},stopCursorBlink:function(){null!==this._cursorBlinkInterval&&(clearInterval(this._cursorBlinkInterval),this._cursorBlinkInterval=null,this.drawTerminal())},CHAR_WIDTH:10,CHAR_HEIGHT:20,debugMode:!1,editorMode:!1,editorLines:[],editorCursorLine:0,editorCursorCol:0,editorScrollLine:0,editorAbsCursorLine:0,editorFilename:"",editorModified:!1,editorStatus:"",editorRows:24,editorCols:80,editorData:null,chessHelpText:"",filenameInputMode:!1,filenameInput:"",filenamePrompt:"",editorStatus:"",editorRows:24,editorCols:80,editorData:null,terminalLinesBackup:[],terminalInverseLinesBackup:[],terminalScreenBufferBackup:null,initTextCanvas:function(){if(this.textCanvas)return;this.textCanvas=document.createElement("canvas"),this.textCanvas.width=CFG.VIRTUAL_CRT_WIDTH,this.textCanvas.height=CFG.VIRTUAL_CRT_HEIGHT;const t=this.textCanvas.getContext("2d");t&&(t.imageSmoothingEnabled=!1),"undefined"!=typeof THREE&&(this.textTexture=new THREE.CanvasTexture(this.textCanvas),this.textTexture.minFilter=THREE.NearestFilter,this.textTexture.magFilter=THREE.NearestFilter,this.textTexture.flipY=!1),this.updateCharMetrics()},wrapText:function(t,e){if(!t)return[""];for(var i=t.split("\n"),o=[],n=0;n<i.length;n++){var r=i[n];if(r.length<=e)o.push(r);else for(var s=r;s.length>0;){if(s.length<=e){o.push(s);break}var a=e,c=s.lastIndexOf(" ",e);c>.75*e?(a=c,o.push(s.substring(0,a)),s=s.substring(a+1)):(o.push(s.substring(0,a)),s=s.substring(a))}}return o},updateCharMetrics:function(){const t=window.CRT_CONFIG;this.CHAR_PADDING_X=t.SCREEN_PADDING_LEFT;const e=t.SCREEN_PADDING_LEFT+t.SCREEN_PADDING_RIGHT;this.CHAR_PADDING_Y=t.SCREEN_PADDING_TOP;const i=t.SCREEN_PADDING_TOP+t.SCREEN_PADDING_BOTTOM,o=t.VIRTUAL_CRT_WIDTH-e,n=t.VIRTUAL_CRT_HEIGHT-i;this.CHAR_WIDTH=o/t.TEXT_COLS,this.cursorAdvanceRate=o/t.TEXT_COLS,this.CHAR_HEIGHT=n/t.TEXT_ROWS,this.CHAR_FONT_SIZE=t.FONT_SIZE_PX},setCanvasAndTexture:function(t,e){if(t&&e){if(this.textCanvas=t,this.textTexture=e,this.textCanvas){const t=this.textCanvas.getContext("2d");t&&(t.imageSmoothingEnabled=!1)}this.updateCharMetrics()}},checkAndScroll:function(){const t=CFG.TEXT_ROWS,e=this.lines.length;if(e>=t){const i=e-t+1;if(this.lines.splice(0,i),this.inverseLines.splice(0,i),this.screenBuffer){this.screenBuffer.splice(0,i);for(let t=0;t<i;t++)this.screenBuffer.push(Array(CFG.TEXT_COLS).fill({char:" ",inverse:!1}))}}},drawTerminal:function(){if(this.editorMode)return;if(!this.textCanvas)return;const t=this.textCanvas.getContext("2d");if(!t)return;t.imageSmoothingEnabled=!1,t.fillStyle="#000000",t.fillRect(0,0,this.textCanvas.width,this.textCanvas.height);const e=CFG.SCREEN_PADDING_LEFT,i=CFG.SCREEN_PADDING_TOP;t.font=`${this.CHAR_FONT_SIZE}px ${CFG.FONT_FAMILY}`,t.fillStyle=CFG.BRIGHTNESS_LEVELS[15],t.textBaseline="top",this.ACTUAL_CHAR_WIDTH=this.CHAR_WIDTH;const o=CFG.TEXT_ROWS-1;this.lines||(this.lines=[]),this.inverseLines||(this.inverseLines=[]),this.lines.length;let n,r=this.lines.slice(-o),s=this.inverseLines.slice(-o);if(2!==this.inputMode)for(let o=0;o<r.length;o++){let n=r[o],a=s[o]||[];for(let r=0;r<Math.min(n.length,CFG.TEXT_COLS);r++){const s=n[r],c=!0===a[r],l=e+r*this.CHAR_WIDTH,h=i+o*this.CHAR_HEIGHT;if(c){t.fillStyle=CFG.BRIGHTNESS_LEVELS[15];const e=h-2,i=this.CHAR_HEIGHT-2;t.fillRect(l,e,this.CHAR_WIDTH,i),t.fillStyle="#000000"}else t.fillStyle=CFG.BRIGHTNESS_LEVELS[15];t.fillText(s,l,h)}}if(this.screenBuffer){const o=CFG.TEXT_ROWS-1;for(let n=0;n<Math.min(this.screenBuffer.length,o);n++)for(let o=0;o<Math.min(this.screenBuffer[n].length,CFG.TEXT_COLS);o++){const r=this.screenBuffer[n][o];if(" "!==r.char){const s=e+o*this.CHAR_WIDTH,a=i+n*this.CHAR_HEIGHT;if(r.inverse){t.fillStyle=CFG.BRIGHTNESS_LEVELS[15];const e=a-2,i=this.CHAR_HEIGHT-2;t.fillRect(s,e,this.CHAR_WIDTH,i),t.fillStyle="#000000"}else t.fillStyle=CFG.BRIGHTNESS_LEVELS[15];t.fillText(r.char,s,a),t.fillStyle=CFG.BRIGHTNESS_LEVELS[15]}}}if(2===this.inputMode)n=this.cursorY;else{n=this.lines.slice(-o).length}if(this.telnetMode||2===this.inputMode){if(2===this.inputMode){let o=this.input;this.passwordMode&&(o="*".repeat(this.input.length));const n=e+this.cursorX*this.CHAR_WIDTH,r=i+this.cursorY*this.CHAR_HEIGHT;t.fillStyle=CFG.BRIGHTNESS_LEVELS[15],t.fillText(o,n,r)}}else{let o,r=this.input;this.passwordMode&&(r="*".repeat(this.input.length)),o=this.pagerMode?"":this.runMode?r:this.promptSymbol+r;const s=CFG.TEXT_COLS,a=Math.min(s,o.length);Math.ceil(o.length/s);if(t.fillText(o.substring(0,a),e,i+n*this.CHAR_HEIGHT),o.length>s){const r=o.substring(s);for(let o=0;o<r.length;o+=s){const a=n+1+Math.floor(o/s),c=r.substring(o,o+s);t.fillText(c,e,i+a*this.CHAR_HEIGHT)}}}if(this.screenBuffer){let t=-1;for(let e=0;e<this.screenBuffer.length;e++)for(let i=0;i<this.screenBuffer[e].length;i++)if(this.screenBuffer[e][i]&&" "!==this.screenBuffer[e][i].char){t=e;break}t>=0&&(n=Math.max(n,t+1))}if(this.inputEnabled&&!this.forcedHideCursor){const o=Math.floor(Date.now()/500)%2==0;let r,s;if(this.telnetMode)r=this.cursorX,s=this.cursorY;else if(2===this.inputMode)r=this.cursorX+this.cursorPos,s=this.cursorY;else if(9===this.inputMode){const t=this.runMode?0:this.promptSymbol.length;r=(t+this.cursorPos)%CFG.TEXT_COLS;let e=n+Math.floor((t+this.cursorPos)/CFG.TEXT_COLS);const i=CFG.TEXT_ROWS-1;if(e>=i){const t=e-i+1;for(let e=0;e<t;e++)this.lines.length>0&&(this.lines.shift(),this.inverseLines.length>0&&this.inverseLines.shift());e=i}s=e}else{const t=this.runMode?0:this.promptSymbol.length;r=(t+this.cursorPos)%CFG.TEXT_COLS,s=n+Math.floor((t+this.cursorPos)/CFG.TEXT_COLS)}if(o){let o,n;if(t.save(),t.fillStyle=CFG.BRIGHTNESS_LEVELS[12],this.telnetMode)o=e+r*this.cursorAdvanceRate,n=i+s*this.CHAR_HEIGHT;else if(2===this.inputMode)o=e+(this.cursorX+this.cursorPos)*this.CHAR_WIDTH,n=i+this.cursorY*this.CHAR_HEIGHT;else{const r=(this.runMode?0:this.promptSymbol.length)+this.cursorPos,a=Math.floor(r/CFG.TEXT_COLS)*CFG.TEXT_COLS,c=(this.runMode?this.input:this.promptSymbol+this.input).substring(a,r);o=e+t.measureText(c).width,n=i+s*this.CHAR_HEIGHT}const a=.9*this.cursorAdvanceRate;let c;t.fillRect(o,n,a,.85*this.CHAR_HEIGHT),t.fillStyle="#041208",c=this.telnetMode?" ":this.cursorPos<this.input.length?this.input[this.cursorPos]:" ",t.fillText(c,o,n),t.restore()}}this.textTexture&&(window.RetroGraphics&&window.RetroGraphics.forceTextTextureUpdate&&window.RetroGraphics.forceTextTextureUpdate(),this.textTexture.needsUpdate=!0),(this.telnetMode||this.terminalStatus)&&this.drawTerminalStatusLine(t,e,i)},drawTerminalStatusLine:function(t,e,i){if(!this.terminalStatus)return;const o=i+(CFG.TEXT_ROWS-1)*this.CHAR_HEIGHT;t.fillStyle=CFG.BRIGHTNESS_LEVELS[15];const n=o-2,r=this.CHAR_HEIGHT-2;t.fillRect(e,n,CFG.TEXT_COLS*this.CHAR_WIDTH,r),t.fillStyle="#000000";for(let i=0;i<Math.min(this.terminalStatus.length,CFG.TEXT_COLS);i++){const n=this.terminalStatus[i],r=e+i*this.CHAR_WIDTH;t.fillText(n,r,o)}t.fillStyle=CFG.BRIGHTNESS_LEVELS[15]},handleBackendMessage:function(t){try{let e="string"==typeof t.data?t.data.trim():t.data;if("string"==typeof e&&0===e.length)return;const i=t=>{const e=RESPONSE_TYPE_MAP[t.type]||"UNKNOWN";return this.inputMode,"EDITOR"===e?(this.handleEditorMessage(t),!1):(this._processBackendResponse(t,e),!0)};if("string"==typeof e){const t=(e.match(/{/g)||[]).length,o=(e.match(/}/g)||[]).length;if(t>1&&o>1&&e.match(/}\s*{/)){let t=e.split(/}\s*{/).map((t,e,i)=>0===e?t+"}":e===i.length-1?"{"+t:"{"+t+"}"),o=!0;t.forEach(t=>{try{const e=JSON.parse(t);i(e)||(o=!1)}catch(t){}}),o&&this.drawTerminal()}else try{const t=JSON.parse(e);i(t)&&this.drawTerminal()}catch(t){}}else"object"==typeof e&&null!==e&&i(e)&&this.drawTerminal()}catch(t){}},_processBackendResponse:function(t,e){switch(e){case"TEXT":if(!0===t.chessHelp&&void 0!==t.content)return void(this.chessHelpText=String(t.content));if(void 0!==t.content&&null!==t.content){const e=String(t.content);if("BREAK"===e)try{window.RetroSound&&"function"==typeof window.RetroSound.stopSidMusic&&window.RetroSound.stopSidMusic()}catch(t){}if(0===e.trim().length)return;if(this.locateMode&&void 0!==this.cursorX&&void 0!==this.cursorY){const i="boolean"==typeof t.inverse?t.inverse:this.inverseMode;return this.setTextAtPosition(this.cursorX,this.cursorY,e,i),void(this.locateMode=!1)}{const i="boolean"==typeof t.inverse?t.inverse:this.inverseMode;if(t.noNewline)if(this.lines.length>0){const t=this.lines.length-1;this.lines[t]+=e,this.inverseLines[t]||(this.inverseLines[t]=[]);for(let o=0;o<e.length;o++)this.inverseLines[t].push(i)}else this.lines.push(e),this.inverseLines.push(Array(e.length).fill(i));else{const t=this.wrapText(e,CFG.TEXT_COLS);for(let e=0;e<t.length;e++)this.lines.push(t[e]),this.inverseLines.push(Array(t[e].length).fill(i))}}}break;case"CLEAR":this.lines=[],this.inverseLines=[],this.input="",this.cursorPos=0,this.screenBuffer=null,this.locateMode=!1,this.cursorX=0,this.cursorY=0,this.inverseMode=!1,window.RetroGraphics&&"function"==typeof window.RetroGraphics.handleClearScreen&&window.RetroGraphics.handleClearScreen(),window.vectorManager&&"function"==typeof window.vectorManager.renderVectors&&window.persistentGraphicsContext&&window.persistentGraphicsCanvas&&window.vectorManager.renderVectors(window.persistentGraphicsContext,window.persistentGraphicsCanvas.width,window.persistentGraphicsCanvas.height);break;case"PROMPT":"boolean"==typeof t.inputEnabled&&(this.inputEnabled=t.inputEnabled),"string"==typeof t.promptSymbol&&(this.promptSymbol=t.promptSymbol),"reset_cursor"===t.content&&this.lines.push(""),this.drawTerminal();break;case"INPUT":"string"==typeof t.input&&(this.input=t.input),"number"==typeof t.cursorPos&&(this.cursorPos=t.cursorPos);break;case"INPUT_CONTROL":"enable"===t.content?(this.inputEnabled=!0,this.runMode=!1,this.passwordMode=!1,this.startCursorBlink()):"disable"===t.content?(this.inputEnabled=!1,this.stopCursorBlink()):"run_mode"===t.content?(this.inputEnabled=!1,this.runMode=!0,this.stopCursorBlink()):"password_mode_on"===t.content?(this.passwordMode=!0,this.inputEnabled=!0,this.startCursorBlink()):"password_mode_off"===t.content&&(this.passwordMode=!1);break;case"BEEP":window.RetroSound&&"function"==typeof window.RetroSound.playBeep&&window.RetroSound.playBeep();break;case"SPEAK":window.RetroSound&&"function"==typeof window.RetroSound.speakTextWithID&&t.content&&void 0!==t.speechId&&window.RetroSound.speakTextWithID(t.content,t.speechId);break;case"SOUND":if(window.RetroSound&&"function"==typeof window.RetroSound.playSound){let e,i;if(t.params&&"object"==typeof t.params){if(t.params.action){switch(t.params.action){case"music_open":window.RetroSound&&"function"==typeof window.RetroSound.openSidMusic&&window.RetroSound.openSidMusic(t.params.filename);break;case"music_play":window.RetroSound&&"function"==typeof window.RetroSound.playSidMusic&&window.RetroSound.playSidMusic();break;case"music_stop":window.RetroSound&&"function"==typeof window.RetroSound.stopSidMusic&&window.RetroSound.stopSidMusic();break;case"music_pause":window.RetroSound&&"function"==typeof window.RetroSound.pauseSidMusic&&window.RetroSound.pauseSidMusic()}break}if("noise"===t.params.type){const e=t.params.pitch,i=t.params.attack,o=t.params.decay;if(void 0!==e&&void 0!==i&&void 0!==o){window.RetroSound.unlockAudio&&window.RetroSound.unlockAudio();try{"function"==typeof window.RetroSound.playNoiseComplex?window.RetroSound.playNoiseComplex(e,i,o):window.RetroSound.playNoise("white",o)}catch(t){}}break}e=t.params.frequency,i=t.params.duration}else if(t.content)if("beep"===t.content)e=800,i=200;else{if("floppy"===t.content){window.RetroSound&&"function"==typeof window.RetroSound.playFloppySound&&window.RetroSound.playFloppySound();break}{const o=t.content.split(",");2===o.length&&(e=parseFloat(o[0]),i=parseFloat(o[1]))}}if(void 0!==e&&void 0!==i&&!isNaN(e)&&!isNaN(i))try{window.RetroSound.playSound(e,i)}catch(t){}}else window.RetroSound&&"function"==typeof window.RetroSound.playBeep&&window.RetroSound.playBeep();break;case"NOISE":if(window.RetroSound&&"function"==typeof window.RetroSound.playNoise){let e,i,o,n,r;if(t.params&&"object"==typeof t.params){if(void 0!==t.params.pitch&&void 0!==t.params.attack&&void 0!==t.params.decay){if(e=t.params.pitch,i=t.params.attack,o=t.params.decay,void 0!==e&&void 0!==i&&void 0!==o){window.RetroSound.unlockAudio&&window.RetroSound.unlockAudio();try{"function"==typeof window.RetroSound.playNoiseComplex?window.RetroSound.playNoiseComplex(e,i,o):window.RetroSound.playNoise("white",o)}catch(t){}}}else if(n=t.params.type||"white",r=t.params.duration,void 0!==r&&!isNaN(r))try{window.RetroSound.playNoise(n,r)}catch(t){}}else if(t.content)try{const s=t.content.split(",").map(t=>t.trim());3===s.length?(e=parseFloat(s[0]),i=parseFloat(s[1]),o=parseFloat(s[2]),"function"==typeof window.RetroSound.playNoiseComplex?window.RetroSound.playNoiseComplex(e,i,o):window.RetroSound.playNoise("white",o)):2===s.length?(n=s[0]||"white",r=parseFloat(s[1]),window.RetroSound.playNoise(n,r)):1===s.length&&(r=parseFloat(s[0]),window.RetroSound.playNoise("white",r))}catch(t){}}break;case"EVIL":window.RetroGraphics&&"function"==typeof window.RetroGraphics.triggerEvilEffect?window.RetroGraphics.triggerEvilEffect():console.error("[RetroConsole-EVIL] ERROR: Cannot trigger Evil Effect - RetroGraphics or triggerEvilEffect not available!");break;case"MODE":if(void 0!==t.content){switch(String(t.content).toUpperCase()){case"OS_SHELL":default:this.inputMode=0;break;case"BASIC":this.inputMode=1;break;case"CHESS":this.inputMode=2;break;case"EDITOR":this.inputMode=3;break;case"TELNET":this.inputMode=4;break;case"PAGER":this.inputMode=5;break;case"BOARD":this.inputMode=9}}window.RetroGraphics&&"function"==typeof window.RetroGraphics.handleModeChange&&window.RetroGraphics.handleModeChange(t.content);break;case"SESSION":const e=t.sessionId||t.sessionID||t.content;e&&(window.sessionStorage&&window.sessionStorage.setItem("sessionId",e),window.sessionId=e,this.refreshTokenForSession(e),"function"==typeof window.sendTerminalConfig&&setTimeout(window.sendTerminalConfig,100));break;case"SPRITE":if(t.command)switch(t.command){case"DEFINE_SPRITE":window.RetroGraphics&&"function"==typeof window.RetroGraphics.handleDefineSprite&&window.RetroGraphics.handleDefineSprite(t);break;case"UPDATE_SPRITE":window.RetroGraphics&&"function"==typeof window.RetroGraphics.handleUpdateSprite&&window.RetroGraphics.handleUpdateSprite(t);break;case"DEFINE_VIRTUAL_SPRITE":window.RetroGraphics&&"function"==typeof window.RetroGraphics.handleDefineVirtualSprite&&window.RetroGraphics.handleDefineVirtualSprite(t);break;case"CLEAR_ALL_SPRITES":window.RetroGraphics&&"function"==typeof window.RetroGraphics.clearAllSpriteData&&window.RetroGraphics.clearAllSpriteData()}break;case"GRAPHICS":if(t.command){const e={type:t.command,...t.params};switch(t.command){case"PLOT":window.RetroGraphics&&"function"==typeof window.RetroGraphics.handlePlot?window.RetroGraphics.handlePlot(e):this.debugMode;break;case"LINE":window.RetroGraphics&&"function"==typeof window.RetroGraphics.handleLine?window.RetroGraphics.handleLine(e):this.debugMode;break;case"RECT":window.RetroGraphics&&"function"==typeof window.RetroGraphics.handleRect?window.RetroGraphics.handleRect(e):this.debugMode;break;case"CIRCLE":this.debugMode,window.RetroGraphics&&"function"==typeof window.RetroGraphics.handleCircle?(this.debugMode,window.RetroGraphics.handleCircle(e)):this.debugMode;break;case"FILL":window.RetroGraphics&&"function"==typeof window.RetroGraphics.handleFill?window.RetroGraphics.handleFill(e):this.debugMode;break;case"CLEAR_SCREEN":this.lines=[],this.input="",this.cursorPos=0,window.RetroGraphics&&"function"==typeof window.RetroGraphics.handleClearScreen?window.RetroGraphics.handleClearScreen():this.debugMode;break;case"UPDATE_VECTOR":window.RetroGraphics&&"function"==typeof window.RetroGraphics.handleUpdateVector?window.RetroGraphics.handleUpdateVector(e):this.debugMode;break;case"CLEAR_ALL_VECTORS":window.RetroGraphics&&"function"==typeof window.RetroGraphics.clearAllVectors?window.RetroGraphics.clearAllVectors():this.debugMode;break;default:this.debugMode}}else this.debugMode;break;case"VECTOR":if(this.debugMode,t.command)switch(t.command){case"UPDATE_VECTOR":window.RetroGraphics&&"function"==typeof window.RetroGraphics.handleUpdateVector?window.RetroGraphics.handleUpdateVector(t):this.debugMode;break;case"CLEAR_ALL_VECTORS":window.RetroGraphics&&"function"==typeof window.RetroGraphics.clearAllVectors?window.RetroGraphics.clearAllVectors():this.debugMode;break;case"UPDATE_NODE":window.vectorManager&&"function"==typeof window.vectorManager.handleUpdateNode?window.vectorManager.handleUpdateNode(t):this.debugMode;break;default:this.debugMode}else this.debugMode;break;case"CHAT":this.initiateChatMode();break;case"LOCATE":if(t.content){const e=t.content.split(",");if(2===e.length){const t=Math.max(0,parseInt(e[0])||0),i=Math.max(0,parseInt(e[1])||0);this.cursorX=t,this.cursorY=i,this.cursorY>=CFG.TEXT_ROWS&&(this.cursorY=CFG.TEXT_ROWS-1),this.cursorX>=CFG.TEXT_COLS&&(this.cursorX=CFG.TEXT_COLS-1),this.locateMode=!0}}break;case"INVERSE":if(void 0!==t.content){const e=String(t.content).toUpperCase();"ON"===e?this.inverseMode=!0:"OFF"===e&&(this.inverseMode=!1)}break;case"PAGER":this.pagerPrompt=t.pagerPrompt||"","activate"===t.content?(this.pagerMode=!0,this.inputEnabled=!1,this.input="",this.cursorPos=0):"deactivate"===t.content&&(this.pagerMode=!1,this.inputEnabled=!0);break;case"CURSOR":"hide"===t.content?(this.forcedHideCursor=!0,this.editorMode&&this.editorData&&(this.editorData.hideCursor=!0)):"show"===t.content&&(this.forcedHideCursor=!1,this.editorMode&&this.editorData&&!this.editorData.readOnly&&(this.editorData.hideCursor=!1)),this.editorMode?this.drawEditor():this.drawTerminal();break;case"TELNET":this.handleTelnetMessage(t);break;case"EDITOR":this.handleEditorMessage(t);break;case"BITMAP":this.handleBitmapMessage(t);break;case"IMAGE":this.handleImageMessage(t);break;case"PARTICLE":this.handleParticleMessage(t);break;case"SFX":this.handleSFXMessage(t);break;case"PHYSICS":this.handlePhysicsMessage(t)}},handleEditorMessage:function(t){switch(this.editorData||"start"===t.editorCommand||"render"===t.editorCommand||(this.editorData={lines:[],filename:"",readOnly:!1,cols:CFG.TEXT_COLS,rows:CFG.TEXT_ROWS,cursorX:0,cursorY:0,scrollY:0,hideCursor:!1,statusText:""}),t.editorCommand){case"start":this.editorMode||(this.terminalLinesBackup=[...this.lines],this.terminalInverseLinesBackup=[...this.inverseLines],this.terminalScreenBufferBackup=this.screenBuffer?JSON.parse(JSON.stringify(this.screenBuffer)):null,this.stopCursorBlink()),this.editorMode=!0;let e=[];if(t.params&&t.params.content){const i=t.params.content;e=i.includes("\r\n")?i.split("\r\n"):i.includes("\n")?i.split("\n"):[i]}else t.content?e=t.content.includes("\\r\\n")?t.content.split("\\r\\n"):t.content.includes("\\\\r\\\\n")?t.content.split("\\\\r\\\\n"):t.content.includes("\n")?t.content.split("\n"):[t.content]:t.params&&Array.isArray(t.params.lines)&&(e=[...t.params.lines]);this.editorData={lines:e,filename:t.params?.filename||"",readOnly:t.params?.readOnly||!1,cols:t.params?.cols||CFG.TEXT_COLS,rows:t.params?.rows||CFG.TEXT_ROWS,cursorX:t.params?.cursorX??0,cursorY:t.params?.cursorY??0,scrollY:t.params?.scrollY??0,hideCursor:t.params?.hideCursor??!1,statusText:`File: ${t.params?.filename||""} | Ctrl+S Save, Esc Close`},this.lines=[...this.editorData.lines],this.cursorX=this.editorData.cursorX,this.cursorY=this.editorData.cursorY,this.drawEditor(),"function"==typeof window.sendEditorCommand?window.sendEditorCommand("ready",{status:"Editor is ready"}):console.error('[EDITOR-CONSOLE] "start": sendEditorCommand IS NOT available. CANNOT send "ready".');break;case"render":this.editorData||(this.editorData={lines:[],filename:t.params?.filename||"",readOnly:t.params?.readOnly||!1,cols:t.params?.textCols||CFG.TEXT_COLS,rows:t.params?.textRows||CFG.TEXT_ROWS,cursorX:0,cursorY:0,scrollY:0,hideCursor:!1,statusText:`File: ${t.params?.filename||""} | Ctrl+S Save, Esc Close`,_lastUpdateTime:Date.now()}),t.params&&("number"==typeof t.params.cursorX&&(this.editorData.cursorX=t.params.cursorX,this.editorData.cursorCol=t.params.cursorX),"number"==typeof t.params.cursorY&&(this.editorData.cursorY=t.params.cursorY,this.editorData.cursorLine=t.params.cursorY),"number"==typeof t.params.visibleCursorCol&&(this.editorData.visibleCursorCol=t.params.visibleCursorCol),"number"==typeof t.params.visibleCursorLine&&(this.editorData.visibleCursorLine=t.params.visibleCursorLine),"boolean"==typeof t.params.mappingSuccess&&(this.editorData.mappingSuccess=t.params.mappingSuccess),"boolean"==typeof t.params.mappingSuccess&&!1===t.params.mappingSuccess&&console.warn("[EDITOR-CONSOLE] WARNING: Backend reported cursor mapping failure!"),"number"==typeof t.params.textCols&&(this.editorData.cols=t.params.textCols),"number"==typeof t.params.textRows&&(this.editorData.rows=t.params.textRows),"number"==typeof t.params.scrollY&&(this.editorData.scrollY=t.params.scrollY),"boolean"==typeof t.params.hideCursor&&(this.editorData.hideCursor=t.params.hideCursor),t.params.status&&(this.editorData.statusText=t.params.status),t.params.lines&&Array.isArray(t.params.lines)&&(this.editorData.lines=t.params.lines,this.lines=[...this.editorData.lines])),this.cursorX=this.editorData.cursorX,this.cursorY=this.editorData.cursorY,this.drawEditor();break;case"status":this.editorMode&&this.editorData?(this.editorData.statusText=t.editorStatus||t.statusText||this.editorData.statusText,this.drawEditor()):(this.terminalStatus=t.editorStatus||t.statusText||"",this.drawTerminal());break;case"filename_input":this.stopCursorBlink(),this.startFilenameInput(t);break;case"filename_input_complete":this.stopFilenameInput(),this.startCursorBlink();break;case"stop":this.editorMode=!1,this.filenameInputMode=!1,this.inputEnabled=!0,this.forcedHideCursor=!1,this.lines=[...this.terminalLinesBackup],this.inverseLines=[...this.terminalInverseLinesBackup],this.screenBuffer=this.terminalScreenBufferBackup?JSON.parse(JSON.stringify(this.terminalScreenBufferBackup)):null,this.editorData=null,this.drawTerminal(),this.startCursorBlink()}},drawEditor:function(){if(!this.editorMode||!this.editorData)return void console.warn("[EDITOR-CONSOLE] drawEditor called without editorMode or editorData.");if(!this.textCanvas)return void console.error("[EDITOR-CONSOLE] textCanvas is not available for drawEditor.");const t=this.textCanvas.getContext("2d");if(!t)return void console.error("[EDITOR-CONSOLE] Canvas context is not available for drawEditor.");if(this.debugMode&&this.editorData.debug){let t="";t=void 0!==this.editorData.visibleCursorLine&&void 0!==this.editorData.visibleCursorCol?`Visible Cursor: Line ${this.editorData.visibleCursorLine}, Col ${this.editorData.visibleCursorCol}`:`Original Cursor: Line ${this.editorData.cursorLine}, Col ${this.editorData.cursorCol}`}t.imageSmoothingEnabled=!1,t.fillStyle="#000000",t.fillRect(0,0,this.textCanvas.width,this.textCanvas.height);const e=CFG.SCREEN_PADDING_LEFT,i=CFG.SCREEN_PADDING_TOP;t.font=`${this.CHAR_FONT_SIZE}px ${CFG.FONT_FAMILY}`,t.textBaseline="top";const o=this.editorData.rows-1;for(let n=0;n<o;n++)if(n<this.editorData.lines.length){const o=this.editorData.lines[n];let r=Array.from(o||"");t.fillStyle=CFG.BRIGHTNESS_LEVELS[15];for(let o=0;o<Math.min(r.length,this.editorData.cols);o++){const s=r[o];if(null==s)continue;const a=e+o*this.CHAR_WIDTH,c=i+n*this.CHAR_HEIGHT;t.fillText(s,a,c)}if(!0===this.editorData.debug&&o&&o.length>=this.editorData.cols-1){const o=e+(this.editorData.cols-1)*this.CHAR_WIDTH,r=i+n*this.CHAR_HEIGHT;t.fillStyle="#335533",t.fillText("⤶",o,r)}}this.drawEditorCursorAndStatus(t,e,i),this.textTexture&&(this.textTexture.needsUpdate=!0)},drawEditorCursorAndStatus:function(t,e,i){if(!this.editorMode||!this.editorData)return;let o=-1,n=-1;if("number"==typeof this.editorData.cursorX&&"number"==typeof this.editorData.cursorY?(o=this.editorData.cursorX,n=this.editorData.cursorY):"number"==typeof this.editorData.cursorCol&&"number"==typeof this.editorData.cursorLine?(o=this.editorData.cursorCol,n=this.editorData.cursorLine):"number"==typeof this.editorData.visibleCursorCol&&"number"==typeof this.editorData.visibleCursorLine&&(o=this.editorData.visibleCursorCol,n=this.editorData.visibleCursorLine),!this.editorData.hideCursor&&o>=0&&n>=0&&n<CFG.TEXT_ROWS-1){t.fillStyle=CFG.BRIGHTNESS_LEVELS[15];const r=e+o*this.CHAR_WIDTH,s=i+n*this.CHAR_HEIGHT;if(t.fillRect(r,s,this.CHAR_WIDTH,this.CHAR_HEIGHT),n<this.editorData.lines.length){const e=this.editorData.lines[n];if(e&&o<e.length){const i=e[o];t.fillStyle="#000000",t.fillText(i,r,s)}}}if(this.editorData.statusText){const o=i+(CFG.TEXT_ROWS-1)*this.CHAR_HEIGHT;t.fillStyle=CFG.BRIGHTNESS_LEVELS[15];const n=o-2,r=this.CHAR_HEIGHT-2;t.fillRect(e,n,CFG.TEXT_COLS*this.CHAR_WIDTH,r),t.fillStyle="#000000";const s=this.editorData.statusText;for(let i=0;i<Math.min(s.length,CFG.TEXT_COLS);i++){const n=s[i],r=e+i*this.CHAR_WIDTH;t.fillText(n,r,o)}t.fillStyle=CFG.BRIGHTNESS_LEVELS[15]}},handleTelnetMessage:function(t){if("start"===t.content)this.telnetMode=!0,this.telnetServerEcho=!1,this.telnetServerName=t.params?.serverName||"Unknown Server",this.inputEnabled=!0,this.runMode=!1,this.lines=[],this.inverseLines=[],this.lines.push(`Connected to ${this.telnetServerName}`),this.inverseLines.push([]),this.lines.push("Press Ctrl+X or ESC to exit telnet session"),this.inverseLines.push([]),this.lines.push("━━━━━━━━━━━━━━━━━━━━━━━━━━━━━━━━━━━━━━━━━━━━━━━━━━━━━━━━━━━━━━━━━━━━━━━━━━━━━━"),this.inverseLines.push([]),window.lastTelnetMessage&&(window.lastTelnetMessage={hash:"",time:0});else if("end"===t.content)this.telnetMode=!1,this.telnetServerEcho=!1,this.telnetEchoBuffer=[],this.telnetServerName="",window.lastTelnetMessage&&(window.lastTelnetMessage={hash:"",time:0});else if("echo_state"===t.content){if(t.params){this.telnetServerEcho=t.params.serverEcho||!1;t.params.localEcho;this.telnetEchoBuffer=[]}}else if(this.telnetMode&&t.content)return this.processTerminalData(t.content),void this.drawTerminal();this.drawTerminal()},processTelnetData:function(t){},processTerminalData:function(t){if(t)if(this.backspaceThrottle||(this.backspaceThrottle={lastBackspace:0,throttleMs:50}),255!==t.charCodeAt(0)){for(var e=0;e<t.length;){const i=t[e],o=i.charCodeAt(0);if(255!==o)if(o<32&&13!==o&&10!==o&&9!==o&&27!==o&&8!==o&&7!==o)e++;else{if(""===i&&e+1<t.length&&"["===t[e+1]){let i=e+2;for(;i<t.length&&!/[A-Za-z]/.test(t[i]);)i++;if(i<t.length){const o=t.substring(e,i+1);this.processANSISequence(o),e=i+1;continue}}if("\r"===i)this.cursorX=0;else if("\n"===i)this.cursorY++,this.cursorX=0,this.cursorY=this.ensureLine(this.cursorY),this.validateCursor();else if("\b"===i){const t=Date.now();this.lastBackspaceTime||(this.lastBackspaceTime=0),t-this.lastBackspaceTime>50&&(this.cursorX>0&&(this.cursorX--,this.cursorY=this.ensureLine(this.cursorY),this.cursorY<this.lines.length&&this.lines[this.cursorY].length>this.cursorX&&(this.lines[this.cursorY]=this.lines[this.cursorY].substring(0,this.cursorX)+this.lines[this.cursorY].substring(this.cursorX+1),this.inverseLines[this.cursorY]&&this.inverseLines[this.cursorY].length>this.cursorX&&this.inverseLines[this.cursorY].splice(this.cursorX,1))),this.lastBackspaceTime=t)}else""===i?window.RetroSound&&"function"==typeof window.RetroSound.playBeep&&window.RetroSound.playBeep():o>=32&&(this.cursorY=this.ensureLine(this.cursorY),this.setCharAt(this.cursorY,this.cursorX,i),this.cursorX++,this.validateCursor());e++}else{if(e+2<t.length){const i=t.charCodeAt(e+1);if(i>=251&&i<=254){e+=3;continue}}e+=2}}this.drawTerminal()}else this.processTelnetIAC(t)},processTelnetIAC:function(t){if(t.length>=3){t.charCodeAt(0);var e=t.charCodeAt(1),i=t.charCodeAt(2);31===i?253===e&&(this.sendTelnetResponse([255,251,31]),this.sendWindowSize()):1===i?251===e?(this.sendTelnetResponse([255,253,1]),this.telnetServerEcho=!0):252===e?(this.sendTelnetResponse([255,254,1]),this.telnetServerEcho=!1):253===e&&this.sendTelnetResponse([255,252,1]):24===i&&253===e&&this.sendTelnetResponse([255,251,24])}},sendTelnetResponse:function(t){for(var e="",i=0;i<t.length;i++)e+=String.fromCharCode(t[i]);const o={type:1,content:e,sessionId:window.sessionId};window.sendMessageWithSessionID&&window.sendMessageWithSessionID(o)},sendWindowSize:function(){var t=CFG.TEXT_COLS,e=CFG.TEXT_ROWS,i=[255,250,31,Math.floor(t/256),t%256,Math.floor(e/256),e%256,255,240];this.sendTelnetResponse(i)},processANSISequence:function(t){if(t.includes("?25h"))return void(this.forcedHideCursor=!1);if(t.includes("?25l"))return void(this.forcedHideCursor=!0);const e=t.match(/\x1b\[([0-9;]*)m/);if(e){const t=e[1]?e[1].split(";").map(t=>parseInt(t)||0):[0];for(const e of t)switch(e){case 0:case 27:this.inverseMode=!1;break;case 7:this.inverseMode=!0}return}const i=t.match(/\x1b\[([0-9;]*)([A-Za-z])/);if(!i)return;const o=i[1]?i[1].split(";").map(t=>parseInt(t)||0):[0];switch(i[2]){case"H":case"f":o.length>=2?(this.cursorY=Math.max(0,(o[0]||1)-1),this.cursorX=Math.max(0,(o[1]||1)-1)):(this.cursorY=0,this.cursorX=0),this.telnetMode&&(this.cursorY>=CFG.TEXT_ROWS&&(this.cursorY=CFG.TEXT_ROWS-1),this.cursorX>=CFG.TEXT_COLS&&(this.cursorX=CFG.TEXT_COLS-1)),this.cursorY=this.ensureLine(this.cursorY);break;case"J":const t=o[0]||0;2===t?(this.lines=[],this.inverseLines=[],this.cursorY=0,this.cursorX=0):0===t&&this.cursorY<this.lines.length&&(this.lines[this.cursorY]=this.lines[this.cursorY].substring(0,this.cursorX),this.lines.splice(this.cursorY+1),this.inverseLines.splice(this.cursorY+1));break;case"K":const e=o[0]||0;2===e?this.cursorY<this.lines.length&&(this.lines[this.cursorY]="",this.inverseLines[this.cursorY]=[]):0===e&&this.cursorY<this.lines.length&&(this.lines[this.cursorY]=this.lines[this.cursorY].substring(0,this.cursorX));break;case"A":this.cursorY=Math.max(0,this.cursorY-(o[0]||1));break;case"B":this.cursorY=this.cursorY+(o[0]||1),this.cursorY=this.ensureLine(this.cursorY);break;case"C":this.cursorX=this.cursorX+(o[0]||1);break;case"D":this.cursorX=Math.max(0,this.cursorX-(o[0]||1))}},validateCursor:function(){const t=CFG.TEXT_ROWS-1;this.cursorX>=CFG.TEXT_COLS&&(this.cursorX=0,this.cursorY++,this.cursorY>=t&&(this.cursorY=t-1,this.lines.shift(),this.inverseLines.shift(),this.lines.push(""),this.inverseLines.push([]))),this.cursorY>=t&&(this.cursorY=t-1),this.cursorX=Math.max(0,this.cursorX),this.cursorY=Math.max(0,this.cursorY)},ensureLine:function(t){const e=CFG.TEXT_ROWS-1;for(;this.lines.length<=t;)this.lines.push(""),this.inverseLines.push([]);for(;this.lines.length>e;)this.debugMode,this.lines.shift(),this.inverseLines.shift(),this.cursorY>0&&this.cursorY--,t>0&&t--,this.debugMode;return t},setCharAt:function(t,e,i){t=this.ensureLine(t);let o=this.lines[t];for(;o.length<=e;)o+=" ";o=o.substring(0,e)+i+o.substring(e+1),this.lines[t]=o},handleEditorKeyDown:function(t){if(!this.editorMode||!this.editorData)return void console.warn("[EDITOR-INPUT] handleEditorKeyDown called without editorMode or editorData");if(this.editorData.readOnly){const e=["ArrowUp","ArrowDown","ArrowLeft","ArrowRight","Home","End","PageUp","PageDown"],i=t.ctrlKey&&"c"===t.key.toLowerCase(),o=t.ctrlKey&&"x"===t.key.toLowerCase(),n="Escape"===t.key;if(e.includes(t.key));else if(!(i||o||n))return void t.preventDefault()}let e=!0;if(this.editorData.readOnly){const i=["ArrowUp","ArrowDown","ArrowLeft","ArrowRight","Home","End","PageUp","PageDown","Escape"],o=t.ctrlKey&&"c"===t.key.toLowerCase(),n=t.ctrlKey&&"x"===t.key.toLowerCase();(i.includes(t.key)||o||n)&&(e=!1)}e&&(!t.ctrlKey||t.ctrlKey&&!["c","v"].includes(t.key.toLowerCase()))&&t.preventDefault();let i="key_input",o={};const n={Escape:"Escape",ArrowUp:"ArrowUp",ArrowDown:"ArrowDown",ArrowLeft:"ArrowLeft",ArrowRight:"ArrowRight",Home:"Home",End:"End",PageUp:"PageUp",PageDown:"PageDown",Backspace:"Backspace",Delete:"Delete",Enter:"Enter",Tab:"Tab"};t.ctrlKey&&"s"===t.key.toLowerCase()?o={key:"CTRL+S"}:t.ctrlKey&&"x"===t.key.toLowerCase()?o={key:"CTRL+X"}:t.ctrlKey&&"c"===t.key.toLowerCase()?o={key:"CTRL+C"}:n[t.key]?o={key:n[t.key]}:1===t.key.length?o={key:"char",char:t.key}:i=null,i&&"function"==typeof window.sendEditorCommand?window.sendEditorCommand(i,o):i&&console.error("[EDITOR-INPUT] sendEditorCommand function not available")},startFilenameInput:function(t){setTimeout(()=>{this.filenameInputMode=!0,this.filenameInput="";const e=t.params&&t.params.prompt?t.params.prompt:"Save as: ";this.filenamePrompt=e,this.editorStatus=e,this.editorMode&&"function"==typeof this.drawEditor?this.drawEditor():this.drawTerminal()},50)},stopFilenameInput:function(){this.filenameInputMode=!1,this.filenameInput="",this.filenamePrompt="",this.editorStatus=""},initiateChatMode:function(){if(window.chatWs&&window.chatWs.readyState===WebSocket.OPEN)return;const t=window.sessionId||window.sessionStorage&&window.sessionStorage.getItem("sessionId");if(!t)return this.lines.push("Error: No valid session found for chat."),void this.drawTerminal();let e=null;if(window.authManager&&window.authManager.token)e=window.authManager.token;else try{e=localStorage.getItem("tinyos_token")}catch(t){console.warn("[CHAT] Could not access localStorage for token")}if(!e)return this.lines.push("Error: No valid authentication token found for chat."),void this.drawTerminal();const i=`${"https:"===window.location.protocol?"wss:":"ws:"}//${window.location.host}/chat?token=${encodeURIComponent(e)}&session=${encodeURIComponent(t)}`,o=t;try{window.chatWs=new WebSocket(i),window.chatWs.onopen=function(){const t={type:"auth",sessionId:o};window.chatWs.send(JSON.stringify(t))},window.chatWs.onmessage=function(t){try{t.data.trim().split("\n").filter(t=>""!==t.trim()).forEach(function(t){try{const e=JSON.parse(t);if(e.content){let t="";"ai"===e.role?t="MCP: ":"system"===e.role&&(t="System: ");const i=window.RetroConsole.wrapText(t+e.content,CFG.TEXT_COLS);window.RetroConsole.lines.push(...i)}if(2===e.type?window.RetroSound&&"function"==typeof window.RetroSound.playBeep&&window.RetroSound.playBeep():3===e.type&&window.RetroSound&&"function"==typeof window.RetroSound.speakText&&window.RetroSound.speakText(e.content),e.error){const t=window.RetroConsole.wrapText("Error: "+e.error,CFG.TEXT_COLS);window.RetroConsole.lines.push(...t)}}catch(t){}}),window.RetroConsole.drawTerminal()}catch(t){window.RetroConsole.lines.push("Error processing chat response."),window.RetroConsole.drawTerminal()}},window.chatWs.onclose=function(t){window.RetroConsole.inputEnabled=!0,window.RetroConsole.lines.push(""),window.RetroConsole.lines.push("Chat terminated."),window.RetroConsole.drawTerminal(),window.chatWs=null},window.chatWs.onerror=function(t){window.RetroConsole.inputEnabled=!0,window.RetroConsole.lines.push("Error in chat connection."),window.RetroConsole.drawTerminal(),window.chatWs=null},window.chatWs.addEventListener("ping",function(t){}),window.chatWs.addEventListener("pong",function(t){}),window.chatWs.addEventListener("open",function(t){}),window.chatWs.addEventListener("close",function(t){window.chatKeepAliveInterval&&(clearInterval(window.chatKeepAliveInterval),window.chatKeepAliveInterval=null)}),window.chatKeepAliveInterval=setInterval(function(){if(window.chatWs&&window.chatWs.readyState===WebSocket.OPEN)try{window.chatWs.send(JSON.stringify({type:"keepalive"}))}catch(t){}},3e4)}catch(t){this.lines.push("Error opening chat connection."),this.drawTerminal()}},initScreenBuffer:function(){if(!this.screenBuffer){this.screenBuffer=[];for(let t=0;t<CFG.TEXT_ROWS;t++){this.screenBuffer[t]=[];for(let e=0;e<CFG.TEXT_COLS;e++)this.screenBuffer[t][e]={char:" ",inverse:!1}}}},setTextAtPosition:function(t,e,i,o=!1){if(this.initScreenBuffer(),!(e<0||e>=CFG.TEXT_ROWS))for(let n=0;n<i.length&&t+n<CFG.TEXT_COLS;n++)t+n>=0&&(this.screenBuffer[e][t+n]={char:i[n],inverse:o})},handleBitmapMessage:function(t){const e=new Image;e.onload=()=>{const i=document.createElement("canvas"),o=i.getContext("2d");i.width=e.width,i.height=e.height,o.drawImage(e,0,0);const n=o.getImageData(0,0,i.width,i.height),r=n.data,s=window.CONFIG&&window.CONFIG.BRIGHTNESS_LEVELS?window.CONFIG.BRIGHTNESS_LEVELS:["#000000","#001500","#002500","#003500","#004500","#005500","#006000","#007000","#008000","#009000","#00A000","#00B000","#00C000","#00D000","#00E000","#5FFF5F"];for(let t=0;t<r.length;t+=4){const e=(r[t]+r[t+1]+r[t+2])/3,i=s[Math.min(15,Math.floor(e/16))],o=parseInt(i.slice(1,3),16),n=parseInt(i.slice(3,5),16),a=parseInt(i.slice(5,7),16);r[t]=o,r[t+1]=n,r[t+2]=a}o.putImageData(n,0,0);const a=t.bitmapScale||1;if(1!==a){const t=document.createElement("canvas"),e=t.getContext("2d");t.width=i.width*a,t.height=i.height*a,e.drawImage(i,0,0,t.width,t.height),i.width=t.width,i.height=t.height,o.drawImage(t,0,0)}const c=t.bitmapRotate||0;if(0!==c){const t=document.createElement("canvas"),e=t.getContext("2d");t.width=i.width,t.height=i.height,e.translate(i.width/2,i.height/2),e.rotate(c*Math.PI/180),e.drawImage(i,-i.width/2,-i.height/2),i.width=t.width,i.height=t.height,o.clearRect(0,0,i.width,i.height),o.drawImage(t,0,0)}const l=t.bitmapX||0,h=t.bitmapY||0,u=window.RetroGraphics?.persistent2DContext||window.persistent2DContext,m=window.RetroGraphics?.persistent2DCanvas||window.persistent2DCanvas;if(window.RetroGraphics&&u&&m)try{u.drawImage(i,l,h),window.RetroGraphics._graphics2DDirty=!0}catch(t){console.error("[RetroConsole-BITMAP] Error drawing bitmap to persistent 2D graphics:",t)}},e.onerror=i=>{console.error("[RetroConsole-BITMAP] Failed to load bitmap image:",i),console.error("[RetroConsole-BITMAP] Image src:",e.src),console.error("[RetroConsole-BITMAP] BitmapData preview:",t.bitmapData?t.bitmapData.substring(0,100)+"...":"undefined")},t.bitmapData?e.src="data:image/png;base64,"+t.bitmapData:console.error("[RetroConsole-BITMAP] No bitmapData provided in response")},handleImageMessage:function(t){window.imageManager||(console.log("[RetroConsole-IMAGE] Initializing imageManager inline..."),this.initInlineImageManager()),this.processImageMessage(t)},initInlineImageManager:function(){let t=[];window.RetroGraphics||(window.RetroGraphics={}),void 0===window.RetroGraphics._imagesDirty&&(window.RetroGraphics._imagesDirty=!1);const e=e=>t.find(t=>t.handle===e);window.imageManager={handleLoadImage:function(e){const i=e.id,o=e.customData;if(!o||!o.imageData)return console.error("[IMAGE-INLINE] LOAD_IMAGE missing image data"),!1;const n=o.imageData,r=o.width||0,s=o.height||0,a=o.filename||"unknown",c=new Image;return c.onload=function(){const e={handle:i,image:c,width:r,height:s,filename:a,visible:!1,x:0,y:0,scale:0,rotation:0,loaded:!0};t=t.filter(t=>t.handle!==i),t.push(e),console.log("[IMAGE-INLINE] Image loaded:",a,"handle:",i),window.RetroGraphics._imagesDirty=!0},c.onerror=function(){console.error("[IMAGE-INLINE] Failed to load image:",a)},c.src="data:image/png;base64,"+n,!0},handleShowImage:function(t){const i=t.id,o=t.position,n=t.scale||0,r=e(i);return r?(r.visible=!0,r.x=o.x||0,r.y=o.y||0,r.scale=n,console.log("[IMAGE-INLINE] Showing image:",r.filename,"at",r.x+","+r.y,"scale:",n),window.RetroGraphics._imagesDirty=!0,!0):(console.warn("[IMAGE-INLINE] SHOW_IMAGE: Image not found for handle:",i),!1)},handleHideImage:function(t){const i=t.id,o=e(i);return o?(o.visible=!1,console.log("[IMAGE-INLINE] Hiding image:",o.filename),window.RetroGraphics._imagesDirty=!0,!0):(console.warn("[IMAGE-INLINE] HIDE_IMAGE: Image not found for handle:",i),!1)},handleRotateImage:function(t){const i=t.id,o=t.vecRotation,n=e(i);return n?(o&&"number"==typeof o.z&&(n.rotation=o.z,console.log("[IMAGE-INLINE] Rotating image:",n.filename,"to",(180*o.z/Math.PI).toFixed(1),"degrees")),window.RetroGraphics._imagesDirty=!0,!0):(console.warn("[IMAGE-INLINE] ROTATE_IMAGE: Image not found for handle:",i),!1)},renderImages:function(e,i,o){e&&t.forEach(t=>{if(!t.visible||!t.loaded)return;e.save();const i=0===(o=t.scale)?1:o>0?1+o:1/(1-o);var o;const n=t.width*i,r=t.height*i;e.translate(t.x+n/2,t.y+r/2),e.rotate(t.rotation),e.scale(i,i),e.drawImage(t.image,-t.width/2,-t.height/2),e.restore()})},initImageManager:function(){console.log("[IMAGE-INLINE] Image manager initialized inline")}},console.log("[RetroConsole-IMAGE] Inline imageManager created successfully")},processImageMessage:function(t){if(t.command)switch(t.command){case"LOAD_IMAGE":window.imageManager.handleLoadImage(t);break;case"SHOW_IMAGE":window.imageManager.handleShowImage(t);break;case"HIDE_IMAGE":window.imageManager.handleHideImage(t);break;case"ROTATE_IMAGE":window.imageManager.handleRotateImage(t);break;default:console.warn("[RetroConsole-IMAGE] Unknown image command:",t.command)}else console.warn("[RetroConsole-IMAGE] No command in image message")},handleParticleMessage:function(t){if(window.particleManager||(console.warn("[RetroConsole-PARTICLE] particleManager not available, creating fallback..."),window.particleManager={handleCreateEmitter:function(t){console.log("[PARTICLE-FALLBACK] Create emitter:",t)},handleMoveEmitter:function(t){console.log("[PARTICLE-FALLBACK] Move emitter:",t)},handleShowEmitter:function(t){console.log("[PARTICLE-FALLBACK] Show emitter:",t)},handleHideEmitter:function(t){console.log("[PARTICLE-FALLBACK] Hide emitter:",t)},handleSetGravity:function(t){console.log("[PARTICLE-FALLBACK] Set gravity:",t)}}),t.command)switch(t.command){case"CREATE_EMITTER":window.particleManager.handleCreateEmitter(t);break;case"MOVE_EMITTER":window.particleManager.handleMoveEmitter(t);break;case"SHOW_EMITTER":window.particleManager.handleShowEmitter(t);break;case"HIDE_EMITTER":window.particleManager.handleHideEmitter(t);break;case"SET_GRAVITY":window.particleManager.handleSetGravity(t);break;default:console.warn("[RetroConsole-PARTICLE] Unknown particle command:",t.command)}else console.warn("[RetroConsole-PARTICLE] No command in particle message")},handleSFXMessage:function(t){window.sfxManager||(console.warn("[RetroConsole-SFX] sfxManager not available, creating fallback..."),window.sfxManager={handleSFXCommand:function(t){console.log("[SFX-FALLBACK] SFX command:",t)}});try{if(window.sfxManager&&"function"==typeof window.sfxManager.handleSFXCommand){const e={command:t.command,data:t.params};window.sfxManager.handleSFXCommand(e)}else console.warn("[RetroConsole-SFX] sfxManager.handleSFXCommand not available")}catch(t){console.error("[RetroConsole-SFX] Error handling SFX command:",t)}},handlePhysicsMessage:function(t){window.physicsManager||(console.warn("[RetroConsole-PHYSICS] physicsManager not available, creating fallback..."),window.physicsManager={handleCommand:function(t){console.log("[PHYSICS-FALLBACK] Physics command:",t)}});try{if(window.physicsManager&&"function"==typeof window.physicsManager.handleCommand){const e={command:t.command,params:t.params};window.physicsManager.handleCommand(e)}else console.warn("[RetroConsole-PHYSICS] physicsManager.handleCommand not available")}catch(t){console.error("[RetroConsole-PHYSICS] Error handling physics command:",t)}},refreshTokenForSession:async function(t){if(window.authManager||window.globalAuthManager){const e=window.authManager||window.globalAuthManager;try{const i=await fetch(`${window.location.origin}/api/auth/login`,{method:"POST",headers:{"Content-Type":"application/json"},credentials:"include",body:JSON.stringify({sessionId:t})}),o=await i.json();o.success&&o.token?(e.setStoredToken(o.token),e.setStoredSessionId(o.sessionId)):console.error("[RetroConsole-TOKEN] Failed to refresh token:",o.message)}catch(t){console.error("[RetroConsole-TOKEN] Error refreshing token:",t)}}else console.warn("[RetroConsole-TOKEN] Auth manager not available for token refresh")},addToHistory:function(t){!t.trim()||this.commandHistory.length>0&&this.commandHistory[this.commandHistory.length-1]===t.trim()||(this.commandHistory.push(t.trim()),this.commandHistory.length>this.maxHistorySize&&this.commandHistory.shift(),this.historyIndex=-1)},navigateHistory:function(t){if(0!==this.commandHistory.length){if("up"===t)-1===this.historyIndex?this.historyIndex=this.commandHistory.length-1:this.historyIndex>0&&this.historyIndex--;else if("down"===t&&-1!==this.historyIndex&&(this.historyIndex++,this.historyIndex>=this.commandHistory.length))return this.historyIndex=-1,this.input="",this.cursorPos=0,void this.drawTerminal();-1!==this.historyIndex&&this.historyIndex<this.commandHistory.length&&(this.input=this.commandHistory[this.historyIndex],this.cursorPos=this.input.length,this.drawTerminal())}}});let graphicsInitialized=!1,globalAuthManager=null;function initializeNonGraphics(){const t=setInterval(()=>{window.RetroConsole&&"function"==typeof window.RetroConsole.handleBackendMessage&&"function"==typeof window.RetroConsole.drawTerminal&&"function"==typeof window.RetroConsole.updateCharMetrics&&(clearInterval(t),window.RetroSound&&(window.RetroSound.initAudio(),window.RetroSound.initSpeech(),"function"!=typeof window.RetroSound.playSound&&(window.RetroSound.playSound=function(t,e){try{window.RetroSound.audioContext||(window.RetroSound.audioContext=new(window.AudioContext||window.webkitAudioContext));const i=window.RetroSound.audioContext;"suspended"===i.state&&i.resume();const o=i.createOscillator(),n=i.createGain();o.type="sine",o.frequency.setValueAtTime(t||440,i.currentTime),n.gain.setValueAtTime(.2,i.currentTime),o.connect(n),n.connect(i.destination),o.start(),o.stop(i.currentTime+(e?e/1e3:.2))}catch(t){}})),(async()=>{await setupWebSocket()})(),window.retroGraphicsFullyInitialized?initializeGraphics():document.addEventListener("retrographicsready",initializeGraphics,{once:!0}))},100)}function initializeGraphics(){if(!graphicsInitialized&&(graphicsInitialized=!0,window.RetroGraphics&&"function"==typeof window.RetroGraphics.initGraphicsPipeline&&"function"==typeof window.RetroGraphics.animateCRT))try{window.RetroConsole&&"function"==typeof window.RetroConsole.updateCharMetrics&&("function"==typeof window.RetroConsole.initTextCanvas&&window.RetroConsole.initTextCanvas(),window.RetroConsole.updateCharMetrics());const t=window.RetroConsole?window.RetroConsole.textCanvas:null,e=window.RetroConsole?window.RetroConsole.textTexture:null;t&&e?window.RetroGraphics.initGraphicsPipeline(t,e):window.RetroGraphics.initGraphicsPipeline(),"function"==typeof window.RetroGraphics.initDynamicViewportForGraphics&&window.RetroGraphics.initDynamicViewportForGraphics(),window.RetroGraphics.animateCRT(),setupInputHandling(),window.RetroConsole&&(window.RetroConsole.inputEnabled=!0,"function"==typeof window.RetroConsole.drawTerminal&&window.RetroConsole.drawTerminal()),setTimeout(()=>{window.RetroGraphics&&"function"==typeof window.RetroGraphics.debugVectorRendering&&(window.RetroGraphics.debugVectorRendering(),window.vectorDebugInterval=setInterval(()=>{if(window.RetroGraphics&&window.RetroGraphics.getVectorSceneInfo){const t=window.RetroGraphics.getVectorSceneInfo(),e=window.vectorManager&&window.vectorManager.getVectorObjects&&window.vectorManager.getVectorObjects().length>0;t.initialized&&(0!==t.children||e)||window.RetroGraphics.resetAndRebuildVectorScene&&window.RetroGraphics.resetAndRebuildVectorScene()||e||window.RetroGraphics.debugVectorRendering()}},3e3)),window.addEventListener("focus",()=>{if(window.RetroGraphics){const t=window.vectorManager&&window.vectorManager.getVectorObjects&&window.vectorManager.getVectorObjects().length>0;!t&&"function"==typeof window.RetroGraphics.resetAndRebuildVectorScene&&window.RetroGraphics.resetAndRebuildVectorScene()||t||"function"!=typeof window.RetroGraphics.debugVectorRendering||window.RetroGraphics.debugVectorRendering()}})},2e3)}catch(t){window.RetroConsole&&Array.isArray(window.RetroConsole.lines)&&(window.RetroConsole.lines.push("Graphics initialization error!"),t.message&&window.RetroConsole.lines.push(t.message.substring(0,CFG.TEXT_COLS-2)),"function"==typeof window.RetroConsole.drawTerminal&&window.RetroConsole.drawTerminal())}}async function setupWebSocket(){window.ws&&window.ws.readyState!==WebSocket.CLOSED&&(window.ws.close(),window.ws=null),globalAuthManager||(globalAuthManager=new AuthManager,await globalAuthManager.initialize());const t=await globalAuthManager.getWebSocketUrl();try{const e=new WebSocket(t);window.ws=e,e.onopen=()=>{const t={type:7,content:"",sessionId:globalAuthManager.sessionId||getSessionID()||""};e.send(JSON.stringify(t)),setTimeout(()=>{"function"==typeof window.sendTerminalConfig&&sendTerminalConfig()},300),window.RetroConsole&&(window.RetroConsole.inputEnabled=!0,Array.isArray(window.RetroConsole.lines)?window.RetroConsole.lines.push("Dialing mainframe..."):window.RetroConsole.lines=["Dialing mainframe..."],"function"==typeof window.RetroConsole.drawTerminal&&window.RetroConsole.drawTerminal(),"function"==typeof window.RetroConsole.startCursorBlink&&window.RetroConsole.startCursorBlink())},e.onmessage=function(t){window.RetroConsole&&"function"==typeof window.RetroConsole.handleBackendMessage?window.RetroConsole.handleBackendMessage(t):console.error("RetroConsole.handleBackendMessage not available")},e.onclose=t=>{window.sessionRecoveryInProgress||(1006===t.code||1011===t.code?attemptSessionRecovery():RetroConsole.lines.push("Terminal connection lost, please reload."))},e.onerror=t=>{window.sessionRecoveryInProgress||attemptSessionRecovery()},e.addEventListener("ping",t=>{}),e.addEventListener("pong",t=>{});const i=setInterval(()=>{if(e.readyState===WebSocket.OPEN)try{e.send(JSON.stringify({type:"keepalive"}))}catch(t){}},3e4);e.addEventListener("close",()=>{clearInterval(i)}),window.backendSocket=e}catch(t){window.RetroConsole&&window.RetroConsole.lines&&window.RetroConsole.lines.push("Connection problems occurred.")}}function initSecurity(){return{csrfToken:"dummy-csrf-token",sessionToken:"dummy-session-token"}}function setupInputHandling(){window.inputHandlingSetup||(window.inputHandlingSetup=!0,window.addEventListener("keydown",function(t){if(!window.RetroConsole||!graphicsInitialized)return;if(window.RetroConsole.pagerMode)return void handlePagerKeyDown(t);if(window.RetroConsole&&window.RetroConsole.telnetMode)return t.preventDefault(),t.stopPropagation(),void("function"==typeof handleTelnetKeyDown?handleTelnetKeyDown(t):console.error("handleTelnetKeyDown function not available"));if(window.RetroConsole&&window.RetroConsole.editorMode)return void("function"==typeof window.RetroConsole.handleEditorKeyDown&&(window.RetroConsole.handleEditorKeyDown(t),"function"==typeof window.RetroConsole.drawEditor&&window.RetroConsole.drawEditor()));if(t.ctrlKey&&"c"===t.key.toLowerCase()){t.preventDefault();const e={type:1,content:"__BREAK__"};return!window.RetroConsole.runMode&&window.RetroConsole.inputEnabled&&window.RetroConsole.lines.push(window.RetroConsole.promptSymbol+"^C"),sendMessageWithSessionID(e),window.RetroConsole.input="",window.RetroConsole.cursorPos=0,void window.RetroConsole.drawTerminal()}if(shouldSendKeyEvent(t.key)&&sendKeyEvent(16,t.key),!window.RetroConsole.inputEnabled)return;["ArrowUp","ArrowDown","ArrowLeft","ArrowRight","Home","End","Backspace","Delete","PageUp","PageDown"].includes(t.key)&&t.preventDefault();window.ws;switch(t.key){case"Enter":if(window.RetroConsole&&window.RetroConsole.telnetMode)return;if(window.RetroConsole.runMode)return;if(window.chatWs&&window.chatWs.readyState===WebSocket.OPEN){const t={type:"text",content:window.RetroConsole.input,cols:CFG.TEXT_COLS,rows:CFG.TEXT_ROWS},e="You: "+window.RetroConsole.input,i=window.RetroConsole.wrapText(e,CFG.TEXT_COLS);window.RetroConsole.lines.push(...i);for(let t=0;t<i.length;t++)window.RetroConsole.inverseLines.push(Array(i[t].length).fill(!1));"function"==typeof window.RetroConsole.checkAndScroll&&window.RetroConsole.checkAndScroll(),window.chatWs.send(JSON.stringify(t)),window.RetroConsole.input="",window.RetroConsole.cursorPos=0,window.RetroConsole.drawTerminal()}else{if(window.RetroConsole&&2===window.RetroConsole.inputMode){sendMessageWithSessionID({type:1,content:window.RetroConsole.input})&&(window.RetroConsole&&"function"==typeof window.RetroConsole.addToHistory&&window.RetroConsole.addToHistory(window.RetroConsole.input),window.RetroConsole.input="",window.RetroConsole.cursorPos=0,window.RetroConsole.drawTerminal());break}if(window.RetroConsole&&9===window.RetroConsole.inputMode){const t=window.RetroConsole.input,e=t.trim();sendMessageWithSessionID({type:1,content:""===e?"BOARD_CONTINUE":t})&&(""!==e&&window.RetroConsole&&"function"==typeof window.RetroConsole.addToHistory&&window.RetroConsole.addToHistory(t),window.RetroConsole.input="",window.RetroConsole.cursorPos=0,window.RetroConsole.drawTerminal());break}const t={type:1,content:window.RetroConsole.input};let e=window.RetroConsole.input;window.RetroConsole.passwordMode&&(e="*".repeat(window.RetroConsole.input.length));const i=window.RetroConsole.promptSymbol+e,o=CFG.TEXT_COLS;if(i.length<=o)window.RetroConsole.lines.push(i),window.RetroConsole.inverseLines.push(Array(i.length).fill(!1));else{let t=i;for(;t.length>0;){const e=t.substring(0,o);window.RetroConsole.lines.push(e),window.RetroConsole.inverseLines.push(Array(e.length).fill(!1)),t=t.substring(o)}}"function"==typeof window.RetroConsole.checkAndScroll&&window.RetroConsole.checkAndScroll(),sendMessageWithSessionID(t)&&window.RetroConsole&&"function"==typeof window.RetroConsole.addToHistory&&window.RetroConsole.addToHistory(window.RetroConsole.input),window.RetroConsole.input="",window.RetroConsole.cursorPos=0,window.RetroConsole.drawTerminal()}break;case"Backspace":if(window.RetroConsole&&window.RetroConsole.telnetMode)return;if(window.RetroConsole.runMode)return;window.RetroConsole.cursorPos>0&&(window.RetroConsole.input=window.RetroConsole.input.substring(0,window.RetroConsole.cursorPos-1)+window.RetroConsole.input.substring(window.RetroConsole.cursorPos),window.RetroConsole.cursorPos--,window.RetroConsole.drawTerminal());break;case"ArrowLeft":if(window.RetroConsole.runMode)return;window.RetroConsole.cursorPos>0&&(window.RetroConsole.cursorPos--,window.RetroConsole.drawTerminal());break;case"ArrowUp":if(window.RetroConsole.runMode)return;window.RetroConsole&&"function"==typeof window.RetroConsole.navigateHistory&&window.RetroConsole.navigateHistory("up");break;case"ArrowDown":if(window.RetroConsole.runMode)return;window.RetroConsole&&"function"==typeof window.RetroConsole.navigateHistory&&window.RetroConsole.navigateHistory("down");break;case"ArrowRight":if(window.RetroConsole.runMode)return;window.RetroConsole.cursorPos<window.RetroConsole.input.length&&(window.RetroConsole.cursorPos++,window.RetroConsole.drawTerminal());break;default:if(1===t.key.length&&!t.ctrlKey&&!t.altKey&&!t.metaKey){t.preventDefault();const e=t.key;window.RetroConsole.input=window.RetroConsole.input.substring(0,window.RetroConsole.cursorPos)+e+window.RetroConsole.input.substring(window.RetroConsole.cursorPos),window.RetroConsole.cursorPos++,window.RetroConsole.drawTerminal()}}}),window.addEventListener("keyup",function(t){window.RetroConsole&&graphicsInitialized&&(window.RetroConsole&&window.RetroConsole.telnetMode||window.RetroConsole&&window.RetroConsole.editorMode||shouldSendKeyEvent(t.key)&&sendKeyEvent(17,t.key))}))}function handleFilenameInputKeyDown(t){t.preventDefault();const e=t.key;if(t.ctrlKey)switch(e.toLowerCase()){case"s":case"enter":return void sendEditorCommand("filename_submit",window.RetroConsole.filenameInput||"")}switch(e){case"Enter":return void sendEditorCommand("filename_submit",window.RetroConsole.filenameInput||"");case"Escape":return void sendEditorCommand("filename_cancel","");case"Backspace":return void(window.RetroConsole.filenameInput.length>0&&(window.RetroConsole.filenameInput=window.RetroConsole.filenameInput.slice(0,-1),updateFilenameDisplay()));default:return void(1!==e.length||t.ctrlKey||t.altKey||(window.RetroConsole.filenameInput+=e,updateFilenameDisplay()))}}function updateFilenameDisplay(){window.RetroConsole.filenameInputMode&&(window.RetroConsole.editorStatus=window.RetroConsole.filenamePrompt+window.RetroConsole.filenameInput,window.RetroConsole.editorMode&&"function"==typeof window.RetroConsole.drawEditor?window.RetroConsole.drawEditor():window.RetroConsole.drawTerminal())}function sendEditorCommand(t,e){if(!window.ws||window.ws.readyState!==WebSocket.OPEN)return;const i={type:20,editorCommand:t,editorData:"object"==typeof e?JSON.stringify(e):e||"",sessionId:window.sessionId};try{window.ws.send(JSON.stringify(i))}catch(t){}}function safeRetroConsoleAccess(t){return window.RetroConsole?t():(setTimeout(()=>safeRetroConsoleAccess(t),100),null)}function getSessionID(){return(window.sessionStorage?window.sessionStorage.getItem("sessionId"):window.sessionId)||""}function sendMessageWithSessionID(t){const e=window.ws;if(e&&e.readyState===WebSocket.OPEN){t.sessionId||(t.sessionId=getSessionID());const i=JSON.stringify(t);if(window.RetroConsole&&window.RetroConsole.telnetMode&&1===t.type){const e=Date.now(),i=t.content+t.sessionId;if(window.lastTelnetMessage||(window.lastTelnetMessage={hash:"",time:0}),window.lastTelnetMessage.hash===i&&e-window.lastTelnetMessage.time<10)return!1;window.lastTelnetMessage={hash:i,time:e}}return e.send(i),!0}return console.error("[FRONTEND-DEBUG] WebSocket not available or not open for sending message. ReadyState:",e?e.readyState:"null"),!1}function sendTerminalConfig(){safeRetroConsoleAccess(()=>{if(!window.CRT_CONFIG)return;sendMessageWithSessionID({type:8,width:window.CRT_CONFIG.TEXT_COLS,height:window.CRT_CONFIG.TEXT_ROWS-1,sessionID:getSessionID()})})}function requestGuestToken(){if(!guestTokenRequested){guestTokenRequested=!0;sendMessageWithSessionID({content:"guest-token",type:7})}}function saveToken(t){jwtToken=t;try{localStorage.setItem("jwtToken",t)}catch(t){}}function loadToken(){jwtToken=localStorage.getItem("jwtToken")}function deleteToken(){jwtToken=null,localStorage.removeItem("jwtToken")}function attemptSessionRecovery(){window.sessionRecoveryInProgress||(window.sessionRecoveryInProgress=!0,setTimeout(()=>{try{window.ws&&window.ws.readyState===WebSocket.OPEN&&window.ws.close(),window.sessionStorage&&window.sessionStorage.removeItem("sessionId"),window.sessionId=null,globalAuthManager=null,(async()=>{await setupWebSocket()})(),setTimeout(()=>{window.sessionRecoveryInProgress=!1},2e3)}catch(t){window.sessionRecoveryInProgress=!1,window.RetroConsole&&window.RetroConsole.lines&&(window.RetroConsole.lines.push("Session expired. Please reload the page."),"function"==typeof window.RetroConsole.drawTerminal&&window.RetroConsole.drawTerminal())}},1e3))}function shouldSendKeyEvent(t){return"Escape"===t||"ArrowUp"===t||"ArrowDown"===t||"ArrowLeft"===t||"ArrowRight"===t||"Home"===t||"End"===t||"PageUp"===t||"PageDown"===t||1===t.length&&/[a-zA-Z0-9 ]/.test(t)}function sendKeyEvent(t,e){if(!window.ws||window.ws.readyState!==WebSocket.OPEN)return!1;const i={type:t,key:e};try{return window.ws.send(JSON.stringify(i)),!0}catch(t){return!1}}function handlePagerKeyDown(t){t.preventDefault();const e=t.key.toLowerCase();if("m"===e||"q"===e||"enter"===e){let t=e;"enter"===e&&(t="m");sendMessageWithSessionID({type:1,content:t})}}function handleTelnetKeyDown(t){try{if(window.telnetEscapeState||(window.telnetEscapeState={expectingCommand:!1,commandBuffer:"",lastTilde:!1}),"~"===t.key&&!window.telnetEscapeState.expectingCommand)return t.preventDefault(),void(window.telnetEscapeState.lastTilde=!0);if(window.telnetEscapeState.lastTilde){if(window.telnetEscapeState.lastTilde=!1,"."===t.key)return t.preventDefault(),window.telnetEscapeState.expectingCommand=!0,window.telnetEscapeState.commandBuffer="",void(window.RetroConsole&&(window.RetroConsole.lines.push("~. (Local TinyOS command - type 'help' or 'exit' to return to telnet)"),window.RetroConsole.inverseLines.push([]),window.RetroConsole.lines.push("TinyOS> "),window.RetroConsole.inverseLines.push([]),window.RetroConsole.drawTerminal()));sendMessageWithSessionID({type:1,content:"~",sessionId:window.sessionId})}if(window.telnetEscapeState.expectingCommand){if(t.preventDefault(),"Enter"===t.key){const t=window.telnetEscapeState.commandBuffer.trim();if(window.telnetEscapeState.expectingCommand=!1,window.telnetEscapeState.commandBuffer="","exit"===t||"return"===t)return void(window.RetroConsole&&(window.RetroConsole.lines.push("Returning to telnet session..."),window.RetroConsole.inverseLines.push([]),window.RetroConsole.drawTerminal()));if("help"===t)return window.RetroConsole&&(window.RetroConsole.lines.push("Local TinyOS commands available:"),window.RetroConsole.inverseLines.push([]),window.RetroConsole.lines.push("  debug telnet  - Show telnet session status"),window.RetroConsole.inverseLines.push([]),window.RetroConsole.lines.push("  exit/return  - Return to telnet session"),window.RetroConsole.inverseLines.push([]),window.RetroConsole.lines.push("  help         - Show this help"),window.RetroConsole.inverseLines.push([]),window.RetroConsole.lines.push("TinyOS> "),window.RetroConsole.inverseLines.push([]),window.RetroConsole.drawTerminal()),void(window.telnetEscapeState.expectingCommand=!0);return sendMessageWithSessionID({type:0,content:t,sessionId:window.sessionId,localCommand:!0}),void(window.RetroConsole&&(window.RetroConsole.lines.push("Command sent to TinyOS. Returning to telnet session..."),window.RetroConsole.inverseLines.push([]),window.RetroConsole.drawTerminal()))}if("Backspace"===t.key){if(window.telnetEscapeState.commandBuffer.length>0&&(window.telnetEscapeState.commandBuffer=window.telnetEscapeState.commandBuffer.slice(0,-1),window.RetroConsole&&window.RetroConsole.lines.length>0)){window.RetroConsole.lines[window.RetroConsole.lines.length-1].startsWith("TinyOS> ")&&(window.RetroConsole.lines[window.RetroConsole.lines.length-1]="TinyOS> "+window.telnetEscapeState.commandBuffer,window.RetroConsole.drawTerminal())}return}if("Escape"===t.key)return window.telnetEscapeState.expectingCommand=!1,window.telnetEscapeState.commandBuffer="",void(window.RetroConsole&&(window.RetroConsole.lines.push("Local command cancelled. Returning to telnet session..."),window.RetroConsole.inverseLines.push([]),window.RetroConsole.drawTerminal()));if(1===t.key.length){if(window.telnetEscapeState.commandBuffer+=t.key,window.RetroConsole&&window.RetroConsole.lines.length>0){window.RetroConsole.lines[window.RetroConsole.lines.length-1].startsWith("TinyOS> ")&&(window.RetroConsole.lines[window.RetroConsole.lines.length-1]="TinyOS> "+window.telnetEscapeState.commandBuffer,window.RetroConsole.drawTerminal())}return}return}if(t.ctrlKey&&"x"===t.key.toLowerCase()||"Escape"===t.key){let e;t.preventDefault(),t.ctrlKey&&"x"===t.key.toLowerCase()?e="":"Escape"===t.key&&(e="");return void sendMessageWithSessionID({type:1,content:e,sessionId:window.sessionId})}if(t.ctrlKey&&!t.altKey){let e=null;const i=t.key.toLowerCase();if("c"===i?e="":"d"===i?e="":"z"===i?e="":"l"===i?e="\f":"u"===i?(e="",e="\v"):"a"===i?e="":"e"===i?e="":"w"===i?e="":"r"===i?e="":"n"===i?e="":"p"===i?e="":"f"===i?e="":"b"===i?e="":"h"===i?e="\b":"t"===i?e="":"v"===i?e="":"y"===i&&(e=""),null!==e){t.preventDefault();return void sendMessageWithSessionID({type:1,content:e,sessionId:window.sessionId})}}let e=null;if("Enter"===t.key)e="\r\n";else if("Backspace"===t.key)e="\b";else if("Tab"===t.key)e="\t";else if("Delete"===t.key)e="";else if("ArrowUp"===t.key)e="[A";else if("ArrowDown"===t.key)e="[B";else if("ArrowRight"===t.key)e="[C";else if("ArrowLeft"===t.key)e="[D";else if("Home"===t.key)e="[H";else if("End"===t.key)e="[F";else if("PageUp"===t.key)e="[5~";else if("PageDown"===t.key)e="[6~";else if("Insert"===t.key)e="[2~";else if(t.key.startsWith("F")&&t.key.length<=3){const i=parseInt(t.key.substring(1));if(i>=1&&i<=12){e={1:"OP",2:"OQ",3:"OR",4:"OS",5:"[15~",6:"[17~",7:"[18~",8:"[19~",9:"[20~",10:"[21~",11:"[23~",12:"[24~"}[i]||null}}else 1===t.key.length&&(e=t.key);if(null!==e){t.preventDefault();window.RetroConsole&&!window.RetroConsole.telnetServerEcho&&1===e.length&&e>=" "&&e<="~"&&(window.RetroConsole.processTerminalData(e),window.RetroConsole.drawTerminal());sendMessageWithSessionID({type:1,content:e,sessionId:window.sessionId})}}catch(t){}}!function(){const t=console.warn;console.warn=function(e){"string"==typeof e&&(e.includes("ScriptProcessorNode")||e.includes("createJavaScriptNode"))||t.apply(console,arguments)}}(),window.DynamicViewport&&"function"==typeof window.DynamicViewport.init&&window.DynamicViewport.init(),window.sendEditorCommand=sendEditorCommand,document.addEventListener("DOMContentLoaded",()=>{initializeNonGraphics(),document.addEventListener("retrographicsready",()=>{graphicsInitialized||initializeGraphics()})}),window.getSessionID=getSessionID,window.sendTerminalConfig=sendTerminalConfig;
FAIL
FAIL	github.com/antibyte/retroterm/tests	19.200s
FAIL
